Archive member included to satisfy reference by file (symbol)

c:/program files (x86)/gnu tools arm embedded/6 2017-q2-update/bin/../lib/gcc/arm-none-eabi/6.3.1/../../../../arm-none-eabi/lib/thumb/v7e-m\libm.a(lib_a-s_atan.o)
                              ..\obj\localization.o (atan)
c:/program files (x86)/gnu tools arm embedded/6 2017-q2-update/bin/../lib/gcc/arm-none-eabi/6.3.1/../../../../arm-none-eabi/lib/thumb/v7e-m\libm.a(lib_a-s_cos.o)
                              ..\obj\localization.o (cos)
c:/program files (x86)/gnu tools arm embedded/6 2017-q2-update/bin/../lib/gcc/arm-none-eabi/6.3.1/../../../../arm-none-eabi/lib/thumb/v7e-m\libm.a(lib_a-s_fabs.o)
                              c:/program files (x86)/gnu tools arm embedded/6 2017-q2-update/bin/../lib/gcc/arm-none-eabi/6.3.1/../../../../arm-none-eabi/lib/thumb/v7e-m\libm.a(lib_a-s_atan.o) (fabs)
c:/program files (x86)/gnu tools arm embedded/6 2017-q2-update/bin/../lib/gcc/arm-none-eabi/6.3.1/../../../../arm-none-eabi/lib/thumb/v7e-m\libm.a(lib_a-s_sin.o)
                              ..\obj\localization.o (sin)
c:/program files (x86)/gnu tools arm embedded/6 2017-q2-update/bin/../lib/gcc/arm-none-eabi/6.3.1/../../../../arm-none-eabi/lib/thumb/v7e-m\libm.a(lib_a-e_rem_pio2.o)
                              c:/program files (x86)/gnu tools arm embedded/6 2017-q2-update/bin/../lib/gcc/arm-none-eabi/6.3.1/../../../../arm-none-eabi/lib/thumb/v7e-m\libm.a(lib_a-s_cos.o) (__ieee754_rem_pio2)
c:/program files (x86)/gnu tools arm embedded/6 2017-q2-update/bin/../lib/gcc/arm-none-eabi/6.3.1/../../../../arm-none-eabi/lib/thumb/v7e-m\libm.a(lib_a-k_cos.o)
                              c:/program files (x86)/gnu tools arm embedded/6 2017-q2-update/bin/../lib/gcc/arm-none-eabi/6.3.1/../../../../arm-none-eabi/lib/thumb/v7e-m\libm.a(lib_a-s_cos.o) (__kernel_cos)
c:/program files (x86)/gnu tools arm embedded/6 2017-q2-update/bin/../lib/gcc/arm-none-eabi/6.3.1/../../../../arm-none-eabi/lib/thumb/v7e-m\libm.a(lib_a-k_rem_pio2.o)
                              c:/program files (x86)/gnu tools arm embedded/6 2017-q2-update/bin/../lib/gcc/arm-none-eabi/6.3.1/../../../../arm-none-eabi/lib/thumb/v7e-m\libm.a(lib_a-e_rem_pio2.o) (__kernel_rem_pio2)
c:/program files (x86)/gnu tools arm embedded/6 2017-q2-update/bin/../lib/gcc/arm-none-eabi/6.3.1/../../../../arm-none-eabi/lib/thumb/v7e-m\libm.a(lib_a-k_sin.o)
                              c:/program files (x86)/gnu tools arm embedded/6 2017-q2-update/bin/../lib/gcc/arm-none-eabi/6.3.1/../../../../arm-none-eabi/lib/thumb/v7e-m\libm.a(lib_a-s_cos.o) (__kernel_sin)
c:/program files (x86)/gnu tools arm embedded/6 2017-q2-update/bin/../lib/gcc/arm-none-eabi/6.3.1/../../../../arm-none-eabi/lib/thumb/v7e-m\libm.a(lib_a-s_floor.o)
                              c:/program files (x86)/gnu tools arm embedded/6 2017-q2-update/bin/../lib/gcc/arm-none-eabi/6.3.1/../../../../arm-none-eabi/lib/thumb/v7e-m\libm.a(lib_a-k_rem_pio2.o) (floor)
c:/program files (x86)/gnu tools arm embedded/6 2017-q2-update/bin/../lib/gcc/arm-none-eabi/6.3.1/../../../../arm-none-eabi/lib/thumb/v7e-m\libm.a(lib_a-s_scalbn.o)
                              c:/program files (x86)/gnu tools arm embedded/6 2017-q2-update/bin/../lib/gcc/arm-none-eabi/6.3.1/../../../../arm-none-eabi/lib/thumb/v7e-m\libm.a(lib_a-k_rem_pio2.o) (scalbn)
c:/program files (x86)/gnu tools arm embedded/6 2017-q2-update/bin/../lib/gcc/arm-none-eabi/6.3.1/../../../../arm-none-eabi/lib/thumb/v7e-m\libm.a(lib_a-s_copysign.o)
                              c:/program files (x86)/gnu tools arm embedded/6 2017-q2-update/bin/../lib/gcc/arm-none-eabi/6.3.1/../../../../arm-none-eabi/lib/thumb/v7e-m\libm.a(lib_a-s_scalbn.o) (copysign)
c:/program files (x86)/gnu tools arm embedded/6 2017-q2-update/bin/../lib/gcc/arm-none-eabi/6.3.1/thumb/v7e-m\libgcc.a(_arm_addsubdf3.o)
                              c:/program files (x86)/gnu tools arm embedded/6 2017-q2-update/bin/../lib/gcc/arm-none-eabi/6.3.1/../../../../arm-none-eabi/lib/thumb/v7e-m\libm.a(lib_a-s_atan.o) (__aeabi_dsub)
c:/program files (x86)/gnu tools arm embedded/6 2017-q2-update/bin/../lib/gcc/arm-none-eabi/6.3.1/thumb/v7e-m\libgcc.a(_arm_muldivdf3.o)
                              ..\obj\speed_control.o (__aeabi_dmul)
c:/program files (x86)/gnu tools arm embedded/6 2017-q2-update/bin/../lib/gcc/arm-none-eabi/6.3.1/thumb/v7e-m\libgcc.a(_arm_cmpdf2.o)
                              c:/program files (x86)/gnu tools arm embedded/6 2017-q2-update/bin/../lib/gcc/arm-none-eabi/6.3.1/../../../../arm-none-eabi/lib/thumb/v7e-m\libm.a(lib_a-e_rem_pio2.o) (__aeabi_dcmpeq)
c:/program files (x86)/gnu tools arm embedded/6 2017-q2-update/bin/../lib/gcc/arm-none-eabi/6.3.1/thumb/v7e-m\libgcc.a(_arm_fixdfsi.o)
                              ..\obj\speed_control.o (__aeabi_d2iz)
c:/program files (x86)/gnu tools arm embedded/6 2017-q2-update/bin/../lib/gcc/arm-none-eabi/6.3.1/thumb/v7e-m\libgcc.a(_arm_truncdfsf2.o)
[...]
Memory Configuration

Name             Origin             Length             Attributes
rom              0x08000000         0x00100000         xr
ram              0x20000000         0x00020000         xrw
ram1             0x10000000         0x00010000         xrw
*default*        0x00000000         0xffffffff

Linker script and memory map

                0x20020000                _eram = 0x20020000

.text           0x08000000     0x64e8
 *(.isr_vector)
 .isr_vector    0x08000000      0x188 ..\obj\startup_stm32f4xx.o
                0x08000000                g_pfnVectors
 *(.text*)
 .text.init_USART
                0x08000188       0xc8 ..\obj\uart_node.o
                0x08000188                init_USART
 .text.USART2_IRQHandler
                0x08000250       0x90 ..\obj\uart_node.o
                0x08000250                USART2_IRQHandler
 .text.init_node
                0x080002e0        0xc ..\obj\uart_node.o
                0x080002e0                init_node
 .text.SYSCFG_EXTILineConfig
                0x080002ec       0x84 ..\obj\stm32f4xx_syscfg.o
                0x080002ec                SYSCFG_EXTILineConfig
 .text.USART_DeInit
                0x08000370       0xd4 ..\obj\stm32f4xx_usart.o
                0x08000370                USART_DeInit
 .text.USART_Init
                0x08000444      0x174 ..\obj\stm32f4xx_usart.o
                0x08000444                USART_Init
 .text.USART_Cmd
                0x080005b8       0x3e ..\obj\stm32f4xx_usart.o
                0x080005b8                USART_Cmd
 .text.USART_ReceiveData
                0x080005f6       0x1e ..\obj\stm32f4xx_usart.o
                0x080005f6                USART_ReceiveData
 .text.USART_ITConfig
                0x08000614       0x8e ..\obj\stm32f4xx_usart.o
                0x08000614                USART_ITConfig
 .text.USART_GetITStatus
                0x080006a2       0xb4 ..\obj\stm32f4xx_usart.o
                0x080006a2                USART_GetITStatus
 *fill*         0x08000756        0x2 
 .text.Default_Reset_Handler
                0x08000758       0x60 ..\obj\startup_stm32f4xx.o
                0x08000758                Default_Reset_Handler
                0x08000758                Reset_Handler
 .text.Default_Handler
                0x080007b8        0x6 ..\obj\startup_stm32f4xx.o
                0x080007b8                RTC_Alarm_IRQHandler
                0x080007b8                HASH_RNG_IRQHandler
                0x080007b8                TIM8_CC_IRQHandler
                0x080007b8                DebugMon_Handler
                0x080007b8                TIM1_CC_IRQHandler
                0x080007b8                DMA2_Stream5_IRQHandler
                0x080007b8                HardFault_Handler
                0x080007b8                DMA1_Stream5_IRQHandler
                0x080007b8                PVD_IRQHandler
                0x080007b8                SDIO_IRQHandler
                0x080007b8                TAMP_STAMP_IRQHandler
                0x080007b8                PendSV_Handler
                0x080007b8                NMI_Handler
                0x080007b8                CAN2_RX1_IRQHandler
                0x080007b8                TIM8_TRG_COM_TIM14_IRQHandler
                0x080007b8                TIM1_UP_TIM10_IRQHandler
                0x080007b8                TIM8_UP_TIM13_IRQHandler
                0x080007b8                I2C3_ER_IRQHandler
                0x080007b8                I2C2_EV_IRQHandler
                0x080007b8                DMA1_Stream2_IRQHandler
                0x080007b8                CAN1_RX0_IRQHandler
                0x080007b8                FPU_IRQHandler
                0x080007b8                OTG_HS_WKUP_IRQHandler
                0x080007b8                UsageFault_Handler
                0x080007b8                CAN2_SCE_IRQHandler
                0x080007b8                DMA2_Stream2_IRQHandler
                0x080007b8                SPI1_IRQHandler
                0x080007b8                TIM6_DAC_IRQHandler
                0x080007b8                TIM1_BRK_TIM9_IRQHandler
                0x080007b8                DCMI_IRQHandler
                0x080007b8                CAN2_RX0_IRQHandler
                0x080007b8                DMA2_Stream3_IRQHandler
                0x080007b8                USART6_IRQHandler
                0x080007b8                CRYP_IRQHandler
                0x080007b8                CAN1_RX1_IRQHandler
                0x080007b8                UART5_IRQHandler
                0x080007b8                DMA2_Stream0_IRQHandler
                0x080007b8                TIM4_IRQHandler
                0x080007b8                I2C1_EV_IRQHandler
                0x080007b8                DMA1_Stream6_IRQHandler
                0x080007b8                DMA1_Stream1_IRQHandler
                0x080007b8                TIM3_IRQHandler
                0x080007b8                RCC_IRQHandler
                0x080007b8                TIM8_BRK_TIM12_IRQHandler
                0x080007b8                EXTI15_10_IRQHandler
                0x080007b8                ADC_IRQHandler
                0x080007b8                DMA1_Stream7_IRQHandler
                0x080007b8                TIM7_IRQHandler
                0x080007b8                CAN2_TX_IRQHandler
                0x080007b8                DMA2_Stream7_IRQHandler
                0x080007b8                I2C3_EV_IRQHandler
                0x080007b8                RTC_WKUP_IRQHandler
                0x080007b8                ETH_WKUP_IRQHandler
                0x080007b8                SPI2_IRQHandler
                0x080007b8                OTG_HS_EP1_IN_IRQHandler
                0x080007b8                MemManage_Handler
                0x080007b8                DMA1_Stream0_IRQHandler
                0x080007b8                CAN1_TX_IRQHandler
                0x080007b8                SVC_Handler
                0x080007b8                EXTI4_IRQHandler
                0x080007b8                FSMC_IRQHandler
                0x080007b8                ETH_IRQHandler
                0x080007b8                OTG_HS_EP1_OUT_IRQHandler
                0x080007b8                WWDG_IRQHandler
                0x080007b8                OTG_FS_WKUP_IRQHandler
                0x080007b8                TIM1_TRG_COM_TIM11_IRQHandler
                0x080007b8                OTG_HS_IRQHandler
                0x080007b8                I2C2_ER_IRQHandler
                0x080007b8                DMA2_Stream1_IRQHandler
                0x080007b8                CAN1_SCE_IRQHandler
                0x080007b8                FLASH_IRQHandler
                0x080007b8                DMA2_Stream4_IRQHandler
                0x080007b8                BusFault_Handler
                0x080007b8                USART1_IRQHandler
                0x080007b8                OTG_FS_IRQHandler
                0x080007b8                SPI3_IRQHandler
                0x080007b8                DMA1_Stream4_IRQHandler
                0x080007b8                I2C1_ER_IRQHandler
                0x080007b8                DMA2_Stream6_IRQHandler
                0x080007b8                DMA1_Stream3_IRQHandler
 *fill*         0x080007be        0x2 
 .text.TM_TIMER_Init
                0x080007c0       0x44 ..\obj\pwm_motor.o
                0x080007c0                TM_TIMER_Init
 .text.TM_TIMER_Init_penendang
                0x08000804       0x44 ..\obj\pwm_motor.o
                0x08000804                TM_TIMER_Init_penendang
 .text.init_pwm
                0x08000848       0x88 ..\obj\pwm_motor.o
                0x08000848                init_pwm
 .text.init_pwm_penendang
                0x080008d0       0x88 ..\obj\pwm_motor.o
                0x080008d0                init_pwm_penendang
 .text.init_motor
                0x08000958       0xbc ..\obj\pwm_motor.o
                0x08000958                init_motor
 .text.init_motor_penendang
                0x08000a14       0xa0 ..\obj\pwm_motor.o
                0x08000a14                init_motor_penendang
 .text.motorDC  0x08000ab4      0x138 ..\obj\pwm_motor.o
                0x08000ab4                motorDC
 .text.penendang
                0x08000bec       0x68 ..\obj\pwm_motor.o
                0x08000bec                penendang
 .text.tesMotor
                0x08000c54       0x9c ..\obj\main.o
                0x08000c54                tesMotor
 .text.main     0x08000cf0       0x68 ..\obj\main.o
                0x08000cf0                main
 .text.RCC_HSEConfig
                0x08000d58       0x24 ..\obj\stm32f4xx_rcc.o
                0x08000d58                RCC_HSEConfig
 .text.RCC_WaitForHSEStartUp
                0x08000d7c       0x50 ..\obj\stm32f4xx_rcc.o
                0x08000d7c                RCC_WaitForHSEStartUp
 .text.RCC_GetClocksFreq
                0x08000dcc      0x150 ..\obj\stm32f4xx_rcc.o
                0x08000dcc                RCC_GetClocksFreq
 .text.RCC_AHB1PeriphClockCmd
                0x08000f1c       0x3c ..\obj\stm32f4xx_rcc.o
                0x08000f1c                RCC_AHB1PeriphClockCmd
 .text.RCC_APB1PeriphClockCmd
                0x08000f58       0x3c ..\obj\stm32f4xx_rcc.o
                0x08000f58                RCC_APB1PeriphClockCmd
 .text.RCC_APB2PeriphClockCmd
                0x08000f94       0x3c ..\obj\stm32f4xx_rcc.o
                0x08000f94                RCC_APB2PeriphClockCmd
 .text.RCC_APB1PeriphResetCmd
                0x08000fd0       0x3c ..\obj\stm32f4xx_rcc.o
                0x08000fd0                RCC_APB1PeriphResetCmd
 .text.RCC_APB2PeriphResetCmd
                0x0800100c       0x3c ..\obj\stm32f4xx_rcc.o
                0x0800100c                RCC_APB2PeriphResetCmd
 .text.RCC_GetFlagStatus
                0x08001048       0x74 ..\obj\stm32f4xx_rcc.o
                0x08001048                RCC_GetFlagStatus
 .text.PutChar  0x080010bc       0x1e ..\obj\printf.o
                0x080010bc                PutChar
 .text.PutString
                0x080010da       0x3a ..\obj\printf.o
                0x080010da                PutString
 .text.PutUnsignedInt
                0x08001114       0x9c ..\obj\printf.o
                0x08001114                PutUnsignedInt
 .text.PutSignedInt
                0x080011b0       0xf8 ..\obj\printf.o
                0x080011b0                PutSignedInt
 .text.PutHexa  0x080012a8       0xd4 ..\obj\printf.o
                0x080012a8                PutHexa
 .text.vsnprintf
                0x0800137c      0x254 ..\obj\printf.o
                0x0800137c                vsnprintf
 .text.vsprintf
                0x080015d0       0x22 ..\obj\printf.o
                0x080015d0                vsprintf
 .text.sprintf  0x080015f2       0x2c ..\obj\printf.o
                0x080015f2                sprintf
 *fill*         0x0800161e        0x2 
 .text.TM_RE_Init
                0x08001620       0xa8 ..\obj\tm_stm32f4_rotary_encoder.o
                0x08001620                TM_RE_Init
 .text.InitSecondEncoder
                0x080016c8       0xa8 ..\obj\tm_stm32f4_rotary_encoder.o
                0x080016c8                InitSecondEncoder
 .text.InitThirdEncoder
                0x08001770       0xa8 ..\obj\tm_stm32f4_rotary_encoder.o
                0x08001770                InitThirdEncoder
 .text.InitFourthEncoder
                0x08001818       0xa8 ..\obj\tm_stm32f4_rotary_encoder.o
                0x08001818                InitFourthEncoder
 .text.InitKickerEncoder
                0x080018c0       0xb0 ..\obj\tm_stm32f4_rotary_encoder.o
                0x080018c0                InitKickerEncoder
 .text.TM_RE_Get
                0x08001970       0x58 ..\obj\tm_stm32f4_rotary_encoder.o
                0x08001970                TM_RE_Get
 .text.SecondGet
                0x080019c8       0x58 ..\obj\tm_stm32f4_rotary_encoder.o
                0x080019c8                SecondGet
 .text.ThirdGet
                0x08001a20       0x58 ..\obj\tm_stm32f4_rotary_encoder.o
                0x08001a20                ThirdGet
 .text.FourthGet
                0x08001a78       0x58 ..\obj\tm_stm32f4_rotary_encoder.o
                0x08001a78                FourthGet
 .text.KickerGet
                0x08001ad0       0x58 ..\obj\tm_stm32f4_rotary_encoder.o
                0x08001ad0                KickerGet
 .text.TM_RE_Process
                0x08001b28       0x68 ..\obj\tm_stm32f4_rotary_encoder.o
                0x08001b28                TM_RE_Process
 .text.SecondProcess
                0x08001b90       0x68 ..\obj\tm_stm32f4_rotary_encoder.o
                0x08001b90                SecondProcess
 .text.ThirdProcess
                0x08001bf8       0x68 ..\obj\tm_stm32f4_rotary_encoder.o
                0x08001bf8                ThirdProcess
 .text.FourthProcess
                0x08001c60       0x68 ..\obj\tm_stm32f4_rotary_encoder.o
                0x08001c60                FourthProcess
 .text.KickerProcess
                0x08001cc8       0x6c ..\obj\tm_stm32f4_rotary_encoder.o
                0x08001cc8                KickerProcess
 .text.EXTI0_IRQHandler
                0x08001d34       0x1e ..\obj\tm_stm32f4_rotary_encoder.o
                0x08001d34                EXTI0_IRQHandler
 .text.EXTI1_IRQHandler
                0x08001d52       0x1e ..\obj\tm_stm32f4_rotary_encoder.o
                0x08001d52                EXTI1_IRQHandler
 .text.EXTI2_IRQHandler
                0x08001d70       0x1e ..\obj\tm_stm32f4_rotary_encoder.o
                0x08001d70                EXTI2_IRQHandler
 .text.EXTI3_IRQHandler
                0x08001d8e       0x1e ..\obj\tm_stm32f4_rotary_encoder.o
                0x08001d8e                EXTI3_IRQHandler
 .text.EXTI9_5_IRQHandler
                0x08001dac       0x22 ..\obj\tm_stm32f4_rotary_encoder.o
                0x08001dac                EXTI9_5_IRQHandler
 *fill*         0x08001dce        0x2 
 .text.NVIC_SetPriority
                0x08001dd0       0x54 ..\obj\tm_stm32f4_delay.o
 .text.SysTick_Config
                0x08001e24       0x44 ..\obj\tm_stm32f4_delay.o
 .text.Delayms  0x08001e68       0x30 ..\obj\tm_stm32f4_delay.o
                0x08001e68                Delayms
 .text.SysTick_Handler
                0x08001e98       0x48 ..\obj\tm_stm32f4_delay.o
                0x08001e98                SysTick_Handler
 .text.TM_DELAY_Init
                0x08001ee0       0x50 ..\obj\tm_stm32f4_delay.o
                0x08001ee0                TM_DELAY_Init
 .text.UART4_IRQHandler
                0x08001f30       0x84 ..\obj\uart_line.o
                0x08001f30                UART4_IRQHandler
 .text.GPIO_Init
                0x08001fb4      0x11a ..\obj\stm32f4xx_gpio.o
                0x08001fb4                GPIO_Init
 .text.GPIO_ReadInputDataBit
                0x080020ce       0x32 ..\obj\stm32f4xx_gpio.o
                0x080020ce                GPIO_ReadInputDataBit
 .text.GPIO_SetBits
                0x08002100       0x1c ..\obj\stm32f4xx_gpio.o
                0x08002100                GPIO_SetBits
 .text.GPIO_ResetBits
                0x0800211c       0x1c ..\obj\stm32f4xx_gpio.o
                0x0800211c                GPIO_ResetBits
 .text.GPIO_PinAFConfig
                0x08002138       0x90 ..\obj\stm32f4xx_gpio.o
                0x08002138                GPIO_PinAFConfig
 .text.init_handle
                0x080021c8       0x3c ..\obj\mekanisme_penendang.o
                0x080021c8                init_handle
 .text.init_penendang
                0x08002204       0x64 ..\obj\mekanisme_penendang.o
                0x08002204                init_penendang
 .text.handleRotateIn
                0x08002268       0x30 ..\obj\mekanisme_penendang.o
                0x08002268                handleRotateIn
 .text.handleOff
                0x08002298       0x30 ..\obj\mekanisme_penendang.o
                0x08002298                handleOff
 .text.lcd_init
                0x080022c8       0x3c ..\obj\lcd_16x2.o
                0x080022c8                lcd_init
 .text.lcd_clear
                0x08002304       0x16 ..\obj\lcd_16x2.o
                0x08002304                lcd_clear
 .text.lcd_putsf
                0x0800231a       0x3e ..\obj\lcd_16x2.o
                0x0800231a                lcd_putsf
 .text.P_LCD_2x16_InitIO
                0x08002358       0xa8 ..\obj\lcd_16x2.o
                0x08002358                P_LCD_2x16_InitIO
 .text.P_LCD_2x16_PinLo
                0x08002400       0x40 ..\obj\lcd_16x2.o
                0x08002400                P_LCD_2x16_PinLo
 .text.P_LCD_2x16_PinHi
                0x08002440       0x40 ..\obj\lcd_16x2.o
                0x08002440                P_LCD_2x16_PinHi
 .text.P_LCD_2x16_Clk
                0x08002480       0x24 ..\obj\lcd_16x2.o
                0x08002480                P_LCD_2x16_Clk
 .text.P_LCD_2x16_InitSequenz
                0x080024a4       0x68 ..\obj\lcd_16x2.o
                0x080024a4                P_LCD_2x16_InitSequenz
 .text.P_LCD_2x16_Cmd
                0x0800250c       0xde ..\obj\lcd_16x2.o
                0x0800250c                P_LCD_2x16_Cmd
 .text.P_LCD_2x16_Data
                0x080025ea       0xde ..\obj\lcd_16x2.o
                0x080025ea                P_LCD_2x16_Data
 .text.lcd_gotoxy
                0x080026c8       0x4a ..\obj\lcd_16x2.o
                0x080026c8                lcd_gotoxy
 .text.P_LCD_2x16_Delay
                0x08002712       0x1e ..\obj\lcd_16x2.o
                0x08002712                P_LCD_2x16_Delay
 .text.init_menu
                0x08002730       0x3c ..\obj\lcd_16x2.o
                0x08002730                init_menu
 .text.printMenu
                0x0800276c       0x98 ..\obj\lcd_16x2.o
                0x0800276c                printMenu
 .text.SystemInit
                0x08002804       0x5c ..\obj\system_stm32f4xx.o
                0x08002804                SystemInit
 .text.SetSysClock
                0x08002860       0xf4 ..\obj\system_stm32f4xx.o
 .text.init_camera
                0x08002954       0xb8 ..\obj\uart_camera.o
                0x08002954                init_camera
 .text.USART3_IRQHandler
                0x08002a0c       0xf8 ..\obj\uart_camera.o
                0x08002a0c                USART3_IRQHandler
 .text.changeStartHeading
                0x08002b04       0x20 ..\obj\speed_control.o
                0x08002b04                changeStartHeading
 .text.InitializeTimer
                0x08002b24       0x4e ..\obj\speed_control.o
                0x08002b24                InitializeTimer
 .text.EnableTimerInterrupt
                0x08002b72       0x26 ..\obj\speed_control.o
                0x08002b72                EnableTimerInterrupt
 .text.TIM2_IRQHandler
                0x08002b98      0x710 ..\obj\speed_control.o
                0x08002b98                TIM2_IRQHandler
 .text.motorSpeed
                0x080032a8       0x48 ..\obj\speed_control.o
                0x080032a8                motorSpeed
 .text.init_speed_control
                0x080032f0       0x4c ..\obj\speed_control.o
                0x080032f0                init_speed_control
 .text.maju     0x0800333c       0x38 ..\obj\speed_control.o
                0x0800333c                maju
 .text.mundur   0x08003374       0x30 ..\obj\speed_control.o
                0x08003374                mundur
 .text.kanan    0x080033a4       0x34 ..\obj\speed_control.o
                0x080033a4                kanan
 .text.kiri     0x080033d8       0x30 ..\obj\speed_control.o
                0x080033d8                kiri
 .text.timurLaut
                0x08003408       0x2a ..\obj\speed_control.o
                0x08003408                timurLaut
 .text.tenggara
                0x08003432       0x26 ..\obj\speed_control.o
                0x08003432                tenggara
 .text.baratLaut
                0x08003458       0x2c ..\obj\speed_control.o
                0x08003458                baratLaut
 .text.baratDaya
                0x08003484       0x2c ..\obj\speed_control.o
                0x08003484                baratDaya
 .text.rotateClockWise
                0x080034b0       0x3c ..\obj\speed_control.o
                0x080034b0                rotateClockWise
 .text.rotateAntiClockWise
                0x080034ec       0x28 ..\obj\speed_control.o
                0x080034ec                rotateAntiClockWise
 .text.EXTI_Init
                0x08003514       0xe4 ..\obj\stm32f4xx_exti.o
                0x08003514                EXTI_Init
 .text.EXTI_GetITStatus
                0x080035f8       0x48 ..\obj\stm32f4xx_exti.o
                0x080035f8                EXTI_GetITStatus
 .text.EXTI_ClearITPendingBit
                0x08003640       0x1c ..\obj\stm32f4xx_exti.o
                0x08003640                EXTI_ClearITPendingBit
 .text.NVIC_Init
                0x0800365c       0xc4 ..\obj\misc.o
                0x0800365c                NVIC_Init
 .text.printData
                0x08003720       0x94 ..\obj\localization.o
                0x08003720                printData
 .text.init_proximity
                0x080037b4       0x48 ..\obj\localization.o
                0x080037b4                init_proximity
 .text.getCoor  0x080037fc       0xfc ..\obj\localization.o
                0x080037fc                getCoor
 .text.LCD_InitializeTimer
                0x080038f8       0x50 ..\obj\localization.o
                0x080038f8                LCD_InitializeTimer
 .text.LCD_EnableTimerInterrupt
                0x08003948       0x26 ..\obj\localization.o
                0x08003948                LCD_EnableTimerInterrupt
 *fill*         0x0800396e        0x2 
 .text.TIM5_IRQHandler
                0x08003970       0x38 ..\obj\localization.o
                0x08003970                TIM5_IRQHandler
 .text.init_lcdTimer
                0x080039a8       0x10 ..\obj\localization.o
                0x080039a8                init_lcdTimer
 .text.TIM_TimeBaseInit
                0x080039b8       0xd4 ..\obj\stm32f4xx_tim.o
                0x080039b8                TIM_TimeBaseInit
 .text.TIM_Cmd  0x08003a8c       0x3e ..\obj\stm32f4xx_tim.o
                0x08003a8c                TIM_Cmd
 *fill*         0x08003aca        0x2 
 .text.TIM_OC1Init
                0x08003acc       0xf4 ..\obj\stm32f4xx_tim.o
                0x08003acc                TIM_OC1Init
 .text.TIM_OC2Init
                0x08003bc0      0x110 ..\obj\stm32f4xx_tim.o
                0x08003bc0                TIM_OC2Init
 .text.TIM_OC3Init
                0x08003cd0      0x10c ..\obj\stm32f4xx_tim.o
                0x08003cd0                TIM_OC3Init
 .text.TIM_OC4Init
                0x08003ddc       0xcc ..\obj\stm32f4xx_tim.o
                0x08003ddc                TIM_OC4Init
 .text.TIM_OC1PreloadConfig
                0x08003ea8       0x36 ..\obj\stm32f4xx_tim.o
                0x08003ea8                TIM_OC1PreloadConfig
 .text.TIM_OC2PreloadConfig
                0x08003ede       0x3a ..\obj\stm32f4xx_tim.o
                0x08003ede                TIM_OC2PreloadConfig
 .text.TIM_OC3PreloadConfig
                0x08003f18       0x36 ..\obj\stm32f4xx_tim.o
                0x08003f18                TIM_OC3PreloadConfig
 .text.TIM_OC4PreloadConfig
                0x08003f4e       0x3a ..\obj\stm32f4xx_tim.o
                0x08003f4e                TIM_OC4PreloadConfig
 .text.TIM_ITConfig
                0x08003f88       0x46 ..\obj\stm32f4xx_tim.o
                0x08003f88                TIM_ITConfig
 .text.TIM_GetITStatus
                0x08003fce       0x52 ..\obj\stm32f4xx_tim.o
                0x08003fce                TIM_GetITStatus
 .text.TIM_ClearITPendingBit
                0x08004020       0x20 ..\obj\stm32f4xx_tim.o
                0x08004020                TIM_ClearITPendingBit
 .text.cos      0x08004040       0x94 c:/program files (x86)/gnu tools arm embedded/6 2017-q2-update/bin/../lib/gcc/arm-none-eabi/6.3.1/../../../../arm-none-eabi/lib/thumb/v7e-m\libm.a(lib_a-s_cos.o)
                0x08004040                cos
 .text.fabs     0x080040d4        0x8 c:/program files (x86)/gnu tools arm embedded/6 2017-q2-update/bin/../lib/gcc/arm-none-eabi/6.3.1/../../../../arm-none-eabi/lib/thumb/v7e-m\libm.a(lib_a-s_fabs.o)
                0x080040d4                fabs
 .text.sin      0x080040dc       0x88 c:/program files (x86)/gnu tools arm embedded/6 2017-q2-update/bin/../lib/gcc/arm-none-eabi/6.3.1/../../../../arm-none-eabi/lib/thumb/v7e-m\libm.a(lib_a-s_sin.o)
                0x080040dc                sin
 *fill*         0x08004164        0x4 
 .text.__ieee754_rem_pio2
                0x08004168      0x444 c:/program files (x86)/gnu tools arm embedded/6 2017-q2-update/bin/../lib/gcc/arm-none-eabi/6.3.1/../../../../arm-none-eabi/lib/thumb/v7e-m\libm.a(lib_a-e_rem_pio2.o)
                0x08004168                __ieee754_rem_pio2
 *fill*         0x080045ac        0x4 
 .text.__kernel_cos
                0x080045b0      0x248 c:/program files (x86)/gnu tools arm embedded/6 2017-q2-update/bin/../lib/gcc/arm-none-eabi/6.3.1/../../../../arm-none-eabi/lib/thumb/v7e-m\libm.a(lib_a-k_cos.o)
                0x080045b0                __kernel_cos
 .text.__kernel_rem_pio2
                0x080047f8      0x88c c:/program files (x86)/gnu tools arm embedded/6 2017-q2-update/bin/../lib/gcc/arm-none-eabi/6.3.1/../../../../arm-none-eabi/lib/thumb/v7e-m\libm.a(lib_a-k_rem_pio2.o)
                0x080047f8                __kernel_rem_pio2
 *fill*         0x08005084        0x4 
 .text.__kernel_sin
                0x08005088      0x16c c:/program files (x86)/gnu tools arm embedded/6 2017-q2-update/bin/../lib/gcc/arm-none-eabi/6.3.1/../../../../arm-none-eabi/lib/thumb/v7e-m\libm.a(lib_a-k_sin.o)
                0x08005088                __kernel_sin
 *fill*         0x080051f4        0x4 
 .text.floor    0x080051f8      0x118 c:/program files (x86)/gnu tools arm embedded/6 2017-q2-update/bin/../lib/gcc/arm-none-eabi/6.3.1/../../../../arm-none-eabi/lib/thumb/v7e-m\libm.a(lib_a-s_floor.o)
                0x080051f8                floor
 .text.scalbn   0x08005310       0xfc c:/program files (x86)/gnu tools arm embedded/6 2017-q2-update/bin/../lib/gcc/arm-none-eabi/6.3.1/../../../../arm-none-eabi/lib/thumb/v7e-m\libm.a(lib_a-s_scalbn.o)
                0x08005310                scalbn
 .text.copysign
                0x0800540c       0x10 c:/program files (x86)/gnu tools arm embedded/6 2017-q2-update/bin/../lib/gcc/arm-none-eabi/6.3.1/../../../../arm-none-eabi/lib/thumb/v7e-m\libm.a(lib_a-s_copysign.o)
                0x0800540c                copysign
 .text          0x0800541c      0x370 c:/program files (x86)/gnu tools arm embedded/6 2017-q2-update/bin/../lib/gcc/arm-none-eabi/6.3.1/thumb/v7e-m\libgcc.a(_arm_addsubdf3.o)
                0x0800541c                __aeabi_drsub
                0x08005424                __aeabi_dsub
                0x08005424                __subdf3
                0x08005428                __aeabi_dadd
                0x08005428                __adddf3
                0x080056a0                __floatunsidf
                0x080056a0                __aeabi_ui2d
                0x080056c0                __floatsidf
                0x080056c0                __aeabi_i2d
                0x080056e4                __aeabi_f2d
                0x080056e4                __extendsfdf2
                0x08005720                __floatundidf
                0x08005720                __aeabi_ul2d
                0x08005730                __floatdidf
                0x08005730                __aeabi_l2d
 .text          0x0800578c      0x424 c:/program files (x86)/gnu tools arm embedded/6 2017-q2-update/bin/../lib/gcc/arm-none-eabi/6.3.1/thumb/v7e-m\libgcc.a(_arm_muldivdf3.o)
                0x0800578c                __aeabi_dmul
                0x0800578c                __muldf3
                0x080059e0                __divdf3
                0x080059e0                __aeabi_ddiv
 .text          0x08005bb0      0x110 c:/program files (x86)/gnu tools arm embedded/6 2017-q2-update/bin/../lib/gcc/arm-none-eabi/6.3.1/thumb/v7e-m\libgcc.a(_arm_cmpdf2.o)
                0x08005bb0                __gtdf2
                0x08005bb0                __gedf2
                0x08005bb8                __ltdf2
                0x08005bb8                __ledf2
                0x08005bc0                __nedf2
                0x08005bc0                __eqdf2
                0x08005bc0                __cmpdf2
                0x08005c3c                __aeabi_cdrcmple
                0x08005c4c                __aeabi_cdcmpeq
                0x08005c4c                __aeabi_cdcmple
                0x08005c5c                __aeabi_dcmpeq
                0x08005c70                __aeabi_dcmplt
                0x08005c84                __aeabi_dcmple
                0x08005c98                __aeabi_dcmpge
                0x08005cac                __aeabi_dcmpgt
 .text          0x08005cc0       0x50 c:/program files (x86)/gnu tools arm embedded/6 2017-q2-update/bin/../lib/gcc/arm-none-eabi/6.3.1/thumb/v7e-m\libgcc.a(_arm_fixdfsi.o)
                0x08005cc0                __aeabi_d2iz
                0x08005cc0                __fixdfsi
 .text          0x08005d10       0xa0 c:/program files (x86)/gnu tools arm embedded/6 2017-q2-update/bin/../lib/gcc/arm-none-eabi/6.3.1/thumb/v7e-m\libgcc.a(_arm_truncdfsf2.o)
                0x08005d10                __truncdfsf2
                0x08005d10                __aeabi_d2f
 .text          0x08005db0      0x21c c:/program files (x86)/gnu tools arm embedded/6 2017-q2-update/bin/../lib/gcc/arm-none-eabi/6.3.1/thumb/v7e-m\libgcc.a(_arm_addsubsf3.o)
                0x08005db0                __aeabi_frsub
                0x08005db8                __subsf3
                0x08005db8                __aeabi_fsub
                0x08005dbc                __aeabi_fadd
                0x08005dbc                __addsf3
                0x08005f1c                __aeabi_ui2f
                0x08005f1c                __floatunsisf
                0x08005f24                __aeabi_i2f
                0x08005f24                __floatsisf
                0x08005f40                __aeabi_ul2f
                0x08005f40                __floatundisf
                0x08005f50                __aeabi_l2f
                0x08005f50                __floatdisf
 .text          0x08005fcc      0x2a0 c:/program files (x86)/gnu tools arm embedded/6 2017-q2-update/bin/../lib/gcc/arm-none-eabi/6.3.1/thumb/v7e-m\libgcc.a(_arm_muldivsf3.o)
                0x08005fcc                __mulsf3
                0x08005fcc                __aeabi_fmul
                0x08006134                __aeabi_fdiv
                0x08006134                __divsf3
 .text          0x0800626c       0x4c c:/program files (x86)/gnu tools arm embedded/6 2017-q2-update/bin/../lib/gcc/arm-none-eabi/6.3.1/thumb/v7e-m\libgcc.a(_arm_fixsfsi.o)
                0x0800626c                __aeabi_f2iz
                0x0800626c                __fixsfsi
 *(.init)
 *(.fini)
 *crtbegin.o(.ctors)
 *crtbegin?.o(.ctors)
 *(EXCLUDE_FILE(*crtend.o *crtend?.o) .ctors)
 *(SORT(.ctors.*))
 *(.ctors)
 *crtbegin.o(.dtors)
 *crtbegin?.o(.dtors)
 *(EXCLUDE_FILE(*crtend.o *crtend?.o) .dtors)
 *(SORT(.dtors.*))
 *(.dtors)
 *(.rodata*)
 .rodata        0x080062b8       0x35 ..\obj\lcd_16x2.o
 *fill*         0x080062ed        0x3 
 .rodata        0x080062f0       0x1f ..\obj\localization.o
 *fill*         0x0800630f        0x1 
 .rodata.npio2_hw
                0x08006310       0x80 c:/program files (x86)/gnu tools arm embedded/6 2017-q2-update/bin/../lib/gcc/arm-none-eabi/6.3.1/../../../../arm-none-eabi/lib/thumb/v7e-m\libm.a(lib_a-e_rem_pio2.o)
 .rodata.two_over_pi
                0x08006390      0x108 c:/program files (x86)/gnu tools arm embedded/6 2017-q2-update/bin/../lib/gcc/arm-none-eabi/6.3.1/../../../../arm-none-eabi/lib/thumb/v7e-m\libm.a(lib_a-e_rem_pio2.o)
 .rodata.PIo2   0x08006498       0x40 c:/program files (x86)/gnu tools arm embedded/6 2017-q2-update/bin/../lib/gcc/arm-none-eabi/6.3.1/../../../../arm-none-eabi/lib/thumb/v7e-m\libm.a(lib_a-k_rem_pio2.o)
 .rodata.init_jk
                0x080064d8       0x10 c:/program files (x86)/gnu tools arm embedded/6 2017-q2-update/bin/../lib/gcc/arm-none-eabi/6.3.1/../../../../arm-none-eabi/lib/thumb/v7e-m\libm.a(lib_a-k_rem_pio2.o)
 *(.eh_fram e*)

.glue_7         0x080064e8        0x0
 .glue_7        0x080064e8        0x0 linker stubs

.glue_7t        0x080064e8        0x0
 .glue_7t       0x080064e8        0x0 linker stubs

.vfp11_veneer   0x080064e8        0x0
 .vfp11_veneer  0x080064e8        0x0 linker stubs

.v4_bx          0x080064e8        0x0
 .v4_bx         0x080064e8        0x0 linker stubs

.iplt           0x080064e8        0x0
 .iplt          0x080064e8        0x0 ..\obj\uart_node.o

.rel.dyn        0x080064e8        0x0
 .rel.iplt      0x080064e8        0x0 ..\obj\uart_node.o

.ARM.extab
 *(.ARM.extab* .gnu.linkonce.armextab.*)
                0x080064e8                __exidx_start = .

.ARM.exidx
 *(.ARM.exidx* .gnu.linkonce.armexidx.*)
                0x080064e8                __exidx_end = .
                0x080064e8                __etext = .
                0x080064e8                _sidata = __etext

.data           0x20000000       0xa8 load address 0x080064e8
                0x20000000                __data_start__ = .
                0x20000000                _sdata = __data_start__
 *(vtable)
 *(.data*)
 .data          0x20000000        0x1 ..\obj\uart_node.o
                0x20000000                ballX
 *fill*         0x20000001        0x3 
 .data          0x20000004       0x10 ..\obj\stm32f4xx_rcc.o
 .data          0x20000014        0x5 ..\obj\tm_stm32f4_rotary_encoder.o
 *fill*         0x20000019        0x3 
 .data          0x2000001c       0x78 ..\obj\lcd_16x2.o
                0x2000001c                LCD_2X16
 .data          0x20000094       0x14 ..\obj\system_stm32f4xx.o
                0x20000094                SystemCoreClock
                0x20000098                AHBPrescTable
                0x200000a8                . = ALIGN (0x4)
                [!provide]                PROVIDE (__preinit_array_start, .)
 *(.preinit_array)
                [!provide]                PROVIDE (__preinit_array_end, .)
                0x200000a8                . = ALIGN (0x4)
                [!provide]                PROVIDE (__init_array_start, .)
 *(SORT(.init_array.*))
 *(.init_array)
                [!provide]                PROVIDE (__init_array_end, .)
                0x200000a8                . = ALIGN (0x4)
                [!provide]                PROVIDE (__fini_array_start, .)
 *(SORT(.fini_array.*))
 *(.fini_array)
                [!provide]                PROVIDE (__fini_array_end, .)
 *(.jcr*)
                0x200000a8                . = ALIGN (0x4)
                0x200000a8                __data_end__ = .
                0x200000a8                _edata = __data_end__

.igot.plt       0x200000a8        0x0 load address 0x08006590
 .igot.plt      0x200000a8        0x0 ..\obj\uart_node.o

.bss            0x200000a8      0x208 load address 0x08006590
                0x200000a8                . = ALIGN (0x4)
                0x200000a8                __bss_start__ = .
                0x200000a8                _sbss = __bss_start__
 *(.bss*)
 .bss           0x200000a8        0xd ..\obj\tm_stm32f4_delay.o
                0x200000b4                TM_DELAY_Initialized
 .bss           0x200000b5        0x3 ..\obj\uart_line.o
                0x200000b5                linekiri
                0x200000b6                linekanan
                0x200000b7                linedepan
 .bss           0x200000b8       0x1c ..\obj\lcd_16x2.o
                0x200000b8                menuKiri
                0x200000bc                menuBack
                0x200000c0                menuEnter
                0x200000c4                menuKanan
                0x200000c8                a
                0x200000cc                b
                0x200000d0                flagButton
 .bss           0x200000d4       0x7c ..\obj\speed_control.o
                0x200000e0                rotaryCount
                0x200000e4                lastCount
                0x200000e8                speed
                0x200000ec                output
                0x200000f0                setPointSatu
                0x200000f4                rpm
                0x200000f8                error
                0x200000fa                prevError
                0x200000fc                derivError
                0x200000fe                intError
                0x20000100                outputDua
                0x20000104                setPointDua
                0x20000108                rpmDua
                0x2000010c                errorDua
                0x2000010e                prevErrorDua
                0x20000110                derivErrorDua
                0x20000112                intErrorDua
                0x20000114                outputTiga
                0x20000118                setPointTiga
                0x2000011c                rpmTiga
                0x20000120                errorTiga
                0x20000122                prevErrorTiga
                0x20000124                derivErrorTiga
                0x20000126                intErrorTiga
                0x20000128                outputEmpat
                0x2000012c                setPointEmpat
                0x20000130                rpmEmpat
                0x20000134                errorEmpat
                0x20000136                prevErrorEmpat
                0x20000138                derivErrorEmpat
                0x2000013a                intErrorEmpat
                0x2000013c                outputKicker
                0x20000140                setPointKicker
                0x20000144                rpmKicker
                0x20000148                errorKicker
                0x2000014a                prevErrorKicker
                0x2000014c                derivErrorKicker
                0x2000014e                intErrorKicker
 .bss           0x20000150       0x38 ..\obj\localization.o
                0x2000015c                KaI
                0x20000160                flagKickoff
                0x20000164                flagmundur
                0x20000168                flagStrategy
                0x2000016c                flagBackward
                0x20000170                handle
                0x20000174                keeperFlag
                0x20000178                keeperCount
                0x2000017c                tanda
                0x20000180                c
                0x20000184                ballKeeper
 *(COMMON)
 COMMON         0x20000188        0x4 ..\obj\uart_node.o
                0x20000188                compassDerajat
                0x20000189                gameState
                0x2000018a                flagNode
                0x2000018b                bufferNode
 COMMON         0x2000018c        0xd ..\obj\main.o
                0x2000018c                proxy13
                0x20000190                adcdatakanan
                0x20000194                proxy14
                0x20000198                adcdatakiri
 *fill*         0x20000199        0x3 
 COMMON         0x2000019c       0x14 ..\obj\tm_stm32f4_rotary_encoder.o
                0x2000019c                fourthCount
                0x200001a0                secondCount
                0x200001a4                TM_INT_RE_Count
                0x200001a8                thirdCount
                0x200001ac                kickerCount
 COMMON         0x200001b0        0x1 ..\obj\uart_line.o
                0x200001b0                flag
 *fill*         0x200001b1        0x3 
 COMMON         0x200001b4       0x10 ..\obj\lcd_16x2.o
                0x200001b4                cetak
 COMMON         0x200001c4        0x8 ..\obj\uart_camera.o
                0x200001c4                ballYCoor
                0x200001c5                ballXCoor
                0x200001c6                ballFound
                0x200001c8                compassHeading
 COMMON         0x200001cc       0x5c ..\obj\speed_control.o
                0x200001cc                data2
                0x200001d8                data4
                0x200001e4                startHeading
                0x200001e5                prevStartHeading
                0x200001e8                data
                0x200001f4                data3
                0x20000200                data5
                0x2000020c                data6
                0x20000218                rata2
                0x2000021c                dataKicker
 COMMON         0x20000228       0x88 ..\obj\localization.o
                0x20000228                prevErrorBallMaju
                0x2000022c                counterDelay
                0x20000230                lcd
                0x20000240                rpmKanan
                0x20000244                ballMaju
                0x20000248                errorBallMaju
                0x2000024c                mov
                0x20000250                movCompass
                0x20000254                derivErrorBall
                0x20000258                head
                0x2000025c                headGoal
                0x20000260                rpmKiri
                0x20000264                errorHead
                0x20000268                errorBall
                0x2000026c                movPrev
                0x20000270                movX
                0x20000274                intErrorHead
                0x20000278                flagBall
                0x2000027c                prevErrorBall
                0x20000280                derivErrorHead
                0x20000284                rotateCount
                0x20000288                ball
                0x2000028c                headCount
                0x20000290                intErrorBallMaju
                0x20000294                prevErrorHead
                0x20000298                derivErrorBallMaju
                0x2000029c                strategyCount
                0x200002a0                intErrorBall
                0x200002a4                prevCompass
                0x200002a8                movY
                0x200002ac                heading
                0x200002b0                . = ALIGN (0x4)
                0x200002b0                __bss_end__ = .
                0x200002b0                _ebss = __bss_end__

.heap           0x200002b0        0x0
                0x200002b0                __end__ = .
                0x200002b0                _end = __end__
                0x200002b0                end = __end__
 *(.heap*)
                0x200002b0                __HeapLimit = .

.co_stack       0x200002b0      0x800 load address 0x08006798
                0x200002b0                . = ALIGN (0x8)
 *(.co_stack .co_stack.*)
 .co_stack      0x200002b0      0x800 ..\obj\startup_stm32f4xx.o
                0x200002b0                pulStack
                0x20020000                __StackTop = (ORIGIN (ram) + LENGTH (ram))
                0x2001f800                __StackLimit = (__StackTop - SIZEOF (.co_stack))
                [!provide]                PROVIDE (__stack, __StackTop)
                0x00000001                ASSERT ((__StackLimit >= __HeapLimit), region ram  overflowed with stack)
LOAD ..\obj\uart_node.o
LOAD ..\obj\stm32f4xx_syscfg.o
LOAD ..\obj\stm32f4xx_usart.o
LOAD ..\obj\tm_stm32f4_adc.o
LOAD ..\obj\startup_stm32f4xx.o
LOAD ..\obj\pwm_motor.o
LOAD ..\obj\main.o
LOAD ..\obj\stm32f4xx_rcc.o
LOAD ..\obj\tm_stm32f4_hcsr04.o
LOAD ..\obj\stm32f4xx_adc.o
LOAD ..\obj\printf.o
LOAD ..\obj\tm_stm32f4_rotary_encoder.o
LOAD ..\obj\tm_stm32f4_delay.o
LOAD ..\obj\uart_line.o
LOAD ..\obj\stm32f4xx_gpio.o
LOAD ..\obj\mekanisme_penendang.o
LOAD ..\obj\lcd_16x2.o
LOAD ..\obj\system_stm32f4xx.o
LOAD ..\obj\syscalls.o
LOAD ..\obj\uart_camera.o
LOAD ..\obj\stm32f4xx_i2c.o
LOAD ..\obj\speed_control.o
LOAD ..\obj\stm32f4xx_exti.o
LOAD ..\obj\misc.o
LOAD ..\obj\tm_stm32f4_gpio.o
LOAD ..\obj\localization.o
LOAD ..\obj\stm32f4xx_tim.o
LOAD c:/program files (x86)/gnu tools arm embedded/6 2017-q2-update/bin/../lib/gcc/arm-none-eabi/6.3.1/../../../../arm-none-eabi/lib/thumb/v7e-m\libm.a
START GROUP
LOAD c:/program files (x86)/gnu tools arm embedded/6 2017-q2-update/bin/../lib/gcc/arm-none-eabi/6.3.1/thumb/v7e-m\libgcc.a
LOAD c:/program files (x86)/gnu tools arm embedded/6 2017-q2-update/bin/../lib/gcc/arm-none-eabi/6.3.1/../../../../arm-none-eabi/lib/thumb/v7e-m\libg.a
LOAD c:/program files (x86)/gnu tools arm embedded/6 2017-q2-update/bin/../lib/gcc/arm-none-eabi/6.3.1/../../../../arm-none-eabi/lib/thumb/v7e-m\libc.a
END GROUP
OUTPUT(encoder.elf elf32-littlearm)

.debug_info     0x00000000     0xe5c4
 .debug_info    0x00000000      0xfda ..\obj\uart_node.o
 .debug_info    0x00000fda      0x27f ..\obj\stm32f4xx_syscfg.o
 .debug_info    0x00001259      0x9d1 ..\obj\stm32f4xx_usart.o
 .debug_info    0x00001c2a      0x10f ..\obj\startup_stm32f4xx.o
 .debug_info    0x00001d39      0xf4a ..\obj\pwm_motor.o
 .debug_info    0x00002c83      0xbd5 ..\obj\main.o
 .debug_info    0x00003858      0xc6e ..\obj\stm32f4xx_rcc.o
 .debug_info    0x000044c6      0xe67 ..\obj\printf.o
 .debug_info    0x0000532d      0xaae ..\obj\tm_stm32f4_rotary_encoder.o
 .debug_info    0x00005ddb      0x7b8 ..\obj\tm_stm32f4_delay.o
 .debug_info    0x00006593      0x700 ..\obj\uart_line.o
 .debug_info    0x00006c93      0x621 ..\obj\stm32f4xx_gpio.o
 .debug_info    0x000072b4      0x444 ..\obj\mekanisme_penendang.o
 .debug_info    0x000076f8      0x77f ..\obj\lcd_16x2.o
 .debug_info    0x00007e77      0x5cc ..\obj\system_stm32f4xx.o
 .debug_info    0x00008443      0x722 ..\obj\uart_camera.o
 .debug_info    0x00008b65     0x156b ..\obj\speed_control.o
 .debug_info    0x0000a0d0      0x362 ..\obj\stm32f4xx_exti.o
 .debug_info    0x0000a432      0x549 ..\obj\misc.o
 .debug_info    0x0000a97b     0x1fd9 ..\obj\localization.o
 .debug_info    0x0000c954     0x1c70 ..\obj\stm32f4xx_tim.o

.debug_abbrev   0x00000000     0x2886
 .debug_abbrev  0x00000000      0x245 ..\obj\uart_node.o
 .debug_abbrev  0x00000245      0x144 ..\obj\stm32f4xx_syscfg.o
 .debug_abbrev  0x00000389      0x180 ..\obj\stm32f4xx_usart.o
 .debug_abbrev  0x00000509       0xbf ..\obj\startup_stm32f4xx.o
 .debug_abbrev  0x000005c8      0x295 ..\obj\pwm_motor.o
 .debug_abbrev  0x0000085d      0x284 ..\obj\main.o
 .debug_abbrev  0x00000ae1      0x1f6 ..\obj\stm32f4xx_rcc.o
 .debug_abbrev  0x00000cd7      0x28e ..\obj\printf.o
 .debug_abbrev  0x00000f65      0x1e4 ..\obj\tm_stm32f4_rotary_encoder.o
 .debug_abbrev  0x00001149      0x1d8 ..\obj\tm_stm32f4_delay.o
 .debug_abbrev  0x00001321      0x157 ..\obj\uart_line.o
 .debug_abbrev  0x00001478      0x1b6 ..\obj\stm32f4xx_gpio.o
 .debug_abbrev  0x0000162e      0x1b1 ..\obj\mekanisme_penendang.o
 .debug_abbrev  0x000017df      0x273 ..\obj\lcd_16x2.o
 .debug_abbrev  0x00001a52      0x156 ..\obj\system_stm32f4xx.o
 .debug_abbrev  0x00001ba8      0x157 ..\obj\uart_camera.o
 .debug_abbrev  0x00001cff      0x30a ..\obj\speed_control.o
 .debug_abbrev  0x00002009      0x1ba ..\obj\stm32f4xx_exti.o
 .debug_abbrev  0x000021c3      0x170 ..\obj\misc.o
 .debug_abbrev  0x00002333      0x3bb ..\obj\localization.o
 .debug_abbrev  0x000026ee      0x198 ..\obj\stm32f4xx_tim.o

.debug_aranges  0x00000000      0xca8
 .debug_aranges
                0x00000000       0x30 ..\obj\uart_node.o
 .debug_aranges
                0x00000030       0x48 ..\obj\stm32f4xx_syscfg.o
 .debug_aranges
                0x00000078      0x100 ..\obj\stm32f4xx_usart.o
 .debug_aranges
                0x00000178       0x28 ..\obj\startup_stm32f4xx.o
 .debug_aranges
                0x000001a0       0x58 ..\obj\pwm_motor.o
 .debug_aranges
                0x000001f8       0x48 ..\obj\main.o
 .debug_aranges
                0x00000240      0x178 ..\obj\stm32f4xx_rcc.o
 .debug_aranges
                0x000003b8       0xa0 ..\obj\printf.o
 .debug_aranges
                0x00000458       0xb8 ..\obj\tm_stm32f4_rotary_encoder.o
 .debug_aranges
                0x00000510       0x78 ..\obj\tm_stm32f4_delay.o
 .debug_aranges
                0x00000588       0x28 ..\obj\uart_line.o
 .debug_aranges
                0x000005b0       0x88 ..\obj\stm32f4xx_gpio.o
 .debug_aranges
                0x00000638       0x68 ..\obj\mekanisme_penendang.o
 .debug_aranges
                0x000006a0       0x98 ..\obj\lcd_16x2.o
 .debug_aranges
                0x00000738       0x30 ..\obj\system_stm32f4xx.o
 .debug_aranges
                0x00000768       0x28 ..\obj\uart_camera.o
 .debug_aranges
                0x00000790       0xa0 ..\obj\speed_control.o
 .debug_aranges
                0x00000830       0x58 ..\obj\stm32f4xx_exti.o
 .debug_aranges
                0x00000888       0x40 ..\obj\misc.o
 .debug_aranges
                0x000008c8       0xe8 ..\obj\localization.o
 .debug_aranges
                0x000009b0      0x2f8 ..\obj\stm32f4xx_tim.o

.debug_ranges   0x00000000      0xbb8
 .debug_ranges  0x00000000       0x20 ..\obj\uart_node.o
 .debug_ranges  0x00000020       0x38 ..\obj\stm32f4xx_syscfg.o
 .debug_ranges  0x00000058       0xf0 ..\obj\stm32f4xx_usart.o
 .debug_ranges  0x00000148       0x18 ..\obj\startup_stm32f4xx.o
 .debug_ranges  0x00000160       0x48 ..\obj\pwm_motor.o
 .debug_ranges  0x000001a8       0x38 ..\obj\main.o
 .debug_ranges  0x000001e0      0x168 ..\obj\stm32f4xx_rcc.o
 .debug_ranges  0x00000348       0x90 ..\obj\printf.o
 .debug_ranges  0x000003d8       0xa8 ..\obj\tm_stm32f4_rotary_encoder.o
 .debug_ranges  0x00000480       0x68 ..\obj\tm_stm32f4_delay.o
 .debug_ranges  0x000004e8       0x18 ..\obj\uart_line.o
 .debug_ranges  0x00000500       0x78 ..\obj\stm32f4xx_gpio.o
 .debug_ranges  0x00000578       0x58 ..\obj\mekanisme_penendang.o
 .debug_ranges  0x000005d0       0xb8 ..\obj\lcd_16x2.o
 .debug_ranges  0x00000688       0x20 ..\obj\system_stm32f4xx.o
 .debug_ranges  0x000006a8       0x18 ..\obj\uart_camera.o
 .debug_ranges  0x000006c0       0x90 ..\obj\speed_control.o
 .debug_ranges  0x00000750       0x48 ..\obj\stm32f4xx_exti.o
 .debug_ranges  0x00000798       0x30 ..\obj\misc.o
 .debug_ranges  0x000007c8      0x108 ..\obj\localization.o
 .debug_ranges  0x000008d0      0x2e8 ..\obj\stm32f4xx_tim.o

.debug_line     0x00000000     0x6a30
 .debug_line    0x00000000      0x4a1 ..\obj\uart_node.o
 .debug_line    0x000004a1      0x30a ..\obj\stm32f4xx_syscfg.o
 .debug_line    0x000007ab      0x5f7 ..\obj\stm32f4xx_usart.o
 .debug_line    0x00000da2       0xe1 ..\obj\startup_stm32f4xx.o
 .debug_line    0x00000e83      0x536 ..\obj\pwm_motor.o
 .debug_line    0x000013b9      0x451 ..\obj\main.o
 .debug_line    0x0000180a      0x6e3 ..\obj\stm32f4xx_rcc.o
 .debug_line    0x00001eed      0x3c7 ..\obj\printf.o
 .debug_line    0x000022b4      0x58f ..\obj\tm_stm32f4_rotary_encoder.o
 .debug_line    0x00002843      0x3bb ..\obj\tm_stm32f4_delay.o
 .debug_line    0x00002bfe      0x37a ..\obj\uart_line.o
 .debug_line    0x00002f78      0x49e ..\obj\stm32f4xx_gpio.o
 .debug_line    0x00003416      0x41e ..\obj\mekanisme_penendang.o
 .debug_line    0x00003834      0x5ea ..\obj\lcd_16x2.o
 .debug_line    0x00003e1e      0x2a2 ..\obj\system_stm32f4xx.o
 .debug_line    0x000040c0      0x388 ..\obj\uart_camera.o
 .debug_line    0x00004448      0x619 ..\obj\speed_control.o
 .debug_line    0x00004a61      0x3df ..\obj\stm32f4xx_exti.o
 .debug_line    0x00004e40      0x37c ..\obj\misc.o
 .debug_line    0x000051bc      0xc75 ..\obj\localization.o
 .debug_line    0x00005e31      0xbff ..\obj\stm32f4xx_tim.o

.debug_str      0x00000000     0x42df
 .debug_str     0x00000000      0xe6b ..\obj\uart_node.o
                                0xef1 (size before relaxing)
 .debug_str     0x00000e6b      0x1b5 ..\obj\stm32f4xx_syscfg.o
                                0x343 (size before relaxing)
 .debug_str     0x00001020      0x449 ..\obj\stm32f4xx_usart.o
                                0x6de (size before relaxing)
 .debug_str     0x00001469      0x101 ..\obj\startup_stm32f4xx.o
                                0x198 (size before relaxing)
 .debug_str     0x0000156a      0x320 ..\obj\pwm_motor.o
                                0xacb (size before relaxing)
 .debug_str     0x0000188a      0x1ac ..\obj\main.o
                                0x854 (size before relaxing)
 .debug_str     0x00001a36      0x622 ..\obj\stm32f4xx_rcc.o
                                0x89f (size before relaxing)
 .debug_str     0x00002058      0x152 ..\obj\printf.o
                                0x705 (size before relaxing)
 .debug_str     0x000021aa      0x352 ..\obj\tm_stm32f4_rotary_encoder.o
                                0xbf6 (size before relaxing)
 .debug_str     0x000024fc      0x201 ..\obj\tm_stm32f4_delay.o
                                0x8c2 (size before relaxing)
 .debug_str     0x000026fd       0xb7 ..\obj\uart_line.o
                                0xa4b (size before relaxing)
 .debug_str     0x000027b4      0x1cc ..\obj\stm32f4xx_gpio.o
                                0x4f2 (size before relaxing)
 .debug_str     0x00002980       0xe9 ..\obj\mekanisme_penendang.o
                                0x45f (size before relaxing)
 .debug_str     0x00002a69      0x255 ..\obj\lcd_16x2.o
                                0x637 (size before relaxing)
 .debug_str     0x00002cbe       0xf3 ..\obj\system_stm32f4xx.o
                                0x3e9 (size before relaxing)
 .debug_str     0x00002db1       0xc0 ..\obj\uart_camera.o
                                0xa6f (size before relaxing)
 .debug_str     0x00002e71      0x393 ..\obj\speed_control.o
                               0x11d4 (size before relaxing)
 .debug_str     0x00003204      0x13c ..\obj\stm32f4xx_exti.o
                                0x3a8 (size before relaxing)
 .debug_str     0x00003340      0x142 ..\obj\misc.o
                                0x41d (size before relaxing)
 .debug_str     0x00003482      0x420 ..\obj\localization.o
                               0x1554 (size before relaxing)
 .debug_str     0x000038a2      0xa3d ..\obj\stm32f4xx_tim.o
                                0xe1f (size before relaxing)

.comment        0x00000000       0x7f
 .comment       0x00000000       0x7f ..\obj\uart_node.o
                                 0x80 (size before relaxing)
 .comment       0x0000007f       0x80 ..\obj\stm32f4xx_syscfg.o
 .comment       0x0000007f       0x80 ..\obj\stm32f4xx_usart.o
 .comment       0x0000007f       0x80 ..\obj\startup_stm32f4xx.o
 .comment       0x0000007f       0x80 ..\obj\pwm_motor.o
 .comment       0x0000007f       0x80 ..\obj\main.o
 .comment       0x0000007f       0x80 ..\obj\stm32f4xx_rcc.o
 .comment       0x0000007f       0x80 ..\obj\printf.o
 .comment       0x0000007f       0x80 ..\obj\tm_stm32f4_rotary_encoder.o
 .comment       0x0000007f       0x80 ..\obj\tm_stm32f4_delay.o
 .comment       0x0000007f       0x80 ..\obj\uart_line.o
 .comment       0x0000007f       0x80 ..\obj\stm32f4xx_gpio.o
 .comment       0x0000007f       0x80 ..\obj\mekanisme_penendang.o
 .comment       0x0000007f       0x80 ..\obj\lcd_16x2.o
 .comment       0x0000007f       0x80 ..\obj\system_stm32f4xx.o
 .comment       0x0000007f       0x80 ..\obj\uart_camera.o
 .comment       0x0000007f       0x80 ..\obj\speed_control.o
 .comment       0x0000007f       0x80 ..\obj\stm32f4xx_exti.o
 .comment       0x0000007f       0x80 ..\obj\misc.o
 .comment       0x0000007f       0x80 ..\obj\localization.o
 .comment       0x0000007f       0x80 ..\obj\stm32f4xx_tim.o

.ARM.attributes
                0x00000000       0x33
 .ARM.attributes
                0x00000000       0x33 ..\obj\uart_node.o
 .ARM.attributes
                0x00000033       0x33 ..\obj\stm32f4xx_syscfg.o
 .ARM.attributes
                0x00000066       0x33 ..\obj\stm32f4xx_usart.o
 .ARM.attributes
                0x00000099       0x33 ..\obj\startup_stm32f4xx.o
 .ARM.attributes
                0x000000cc       0x33 ..\obj\pwm_motor.o
 .ARM.attributes
                0x000000ff       0x33 ..\obj\main.o
 .ARM.attributes
                0x00000132       0x33 ..\obj\stm32f4xx_rcc.o
 .ARM.attributes
                0x00000165       0x33 ..\obj\printf.o
 .ARM.attributes
                0x00000198       0x33 ..\obj\tm_stm32f4_rotary_encoder.o
 .ARM.attributes
                0x000001cb       0x33 ..\obj\tm_stm32f4_delay.o
 .ARM.attributes
                0x000001fe       0x33 ..\obj\uart_line.o
 .ARM.attributes
                0x00000231       0x33 ..\obj\stm32f4xx_gpio.o
 .ARM.attributes
                0x00000264       0x33 ..\obj\mekanisme_penendang.o
 .ARM.attributes
                0x00000297       0x33 ..\obj\lcd_16x2.o
 .ARM.attributes
                0x000002ca       0x33 ..\obj\system_stm32f4xx.o
 .ARM.attributes
                0x000002fd       0x33 ..\obj\uart_camera.o
 .ARM.attributes
                0x00000330       0x33 ..\obj\speed_control.o
 .ARM.attributes
                0x00000363       0x33 ..\obj\stm32f4xx_exti.o
 .ARM.attributes
                0x00000396       0x33 ..\obj\misc.o
 .ARM.attributes
                0x000003c9       0x33 ..\obj\localization.o
 .ARM.attributes
                0x000003fc       0x33 ..\obj\stm32f4xx_tim.o
 .ARM.attributes
                0x0000042f       0x2e c:/program files (x86)/gnu tools arm embedded/6 2017-q2-update/bin/../lib/gcc/arm-none-eabi/6.3.1/../../../../arm-none-eabi/lib/thumb/v7e-m\libm.a(lib_a-s_cos.o)
 .ARM.attributes
                0x0000045d       0x2e c:/program files (x86)/gnu tools arm embedded/6 2017-q2-update/bin/../lib/gcc/arm-none-eabi/6.3.1/../../../../arm-none-eabi/lib/thumb/v7e-m\libm.a(lib_a-s_fabs.o)
 .ARM.attributes
                0x0000048b       0x2e c:/program files (x86)/gnu tools arm embedded/6 2017-q2-update/bin/../lib/gcc/arm-none-eabi/6.3.1/../../../../arm-none-eabi/lib/thumb/v7e-m\libm.a(lib_a-s_sin.o)
 .ARM.attributes
                0x000004b9       0x2e c:/program files (x86)/gnu tools arm embedded/6 2017-q2-update/bin/../lib/gcc/arm-none-eabi/6.3.1/../../../../arm-none-eabi/lib/thumb/v7e-m\libm.a(lib_a-e_rem_pio2.o)
 .ARM.attributes
                0x000004e7       0x2e c:/program files (x86)/gnu tools arm embedded/6 2017-q2-update/bin/../lib/gcc/arm-none-eabi/6.3.1/../../../../arm-none-eabi/lib/thumb/v7e-m\libm.a(lib_a-k_cos.o)
 .ARM.attributes
                0x00000515       0x2e c:/program files (x86)/gnu tools arm embedded/6 2017-q2-update/bin/../lib/gcc/arm-none-eabi/6.3.1/../../../../arm-none-eabi/lib/thumb/v7e-m\libm.a(lib_a-k_rem_pio2.o)
 .ARM.attributes
                0x00000543       0x2e c:/program files (x86)/gnu tools arm embedded/6 2017-q2-update/bin/../lib/gcc/arm-none-eabi/6.3.1/../../../../arm-none-eabi/lib/thumb/v7e-m\libm.a(lib_a-k_sin.o)
 .ARM.attributes
                0x00000571       0x2e c:/program files (x86)/gnu tools arm embedded/6 2017-q2-update/bin/../lib/gcc/arm-none-eabi/6.3.1/../../../../arm-none-eabi/lib/thumb/v7e-m\libm.a(lib_a-s_floor.o)
 .ARM.attributes
                0x0000059f       0x2e c:/program files (x86)/gnu tools arm embedded/6 2017-q2-update/bin/../lib/gcc/arm-none-eabi/6.3.1/../../../../arm-none-eabi/lib/thumb/v7e-m\libm.a(lib_a-s_scalbn.o)
 .ARM.attributes
                0x000005cd       0x2e c:/program files (x86)/gnu tools arm embedded/6 2017-q2-update/bin/../lib/gcc/arm-none-eabi/6.3.1/../../../../arm-none-eabi/lib/thumb/v7e-m\libm.a(lib_a-s_copysign.o)
 .ARM.attributes
                0x000005fb       0x1e c:/program files (x86)/gnu tools arm embedded/6 2017-q2-update/bin/../lib/gcc/arm-none-eabi/6.3.1/thumb/v7e-m\libgcc.a(_arm_addsubdf3.o)
 .ARM.attributes
                0x00000619       0x1e c:/program files (x86)/gnu tools arm embedded/6 2017-q2-update/bin/../lib/gcc/arm-none-eabi/6.3.1/thumb/v7e-m\libgcc.a(_arm_muldivdf3.o)
 .ARM.attributes
                0x00000637       0x1e c:/program files (x86)/gnu tools arm embedded/6 2017-q2-update/bin/../lib/gcc/arm-none-eabi/6.3.1/thumb/v7e-m\libgcc.a(_arm_cmpdf2.o)
 .ARM.attributes
                0x00000655       0x1e c:/program files (x86)/gnu tools arm embedded/6 2017-q2-update/bin/../lib/gcc/arm-none-eabi/6.3.1/thumb/v7e-m\libgcc.a(_arm_fixdfsi.o)
 .ARM.attributes
                0x00000673       0x1e c:/program files (x86)/gnu tools arm embedded/6 2017-q2-update/bin/../lib/gcc/arm-none-eabi/6.3.1/thumb/v7e-m\libgcc.a(_arm_truncdfsf2.o)
 .ARM.attributes
                0x00000691       0x1e c:/program files (x86)/gnu tools arm embedded/6 2017-q2-update/bin/../lib/gcc/arm-none-eabi/6.3.1/thumb/v7e-m\libgcc.a(_arm_addsubsf3.o)
 .ARM.attributes
                0x000006af       0x1e c:/program files (x86)/gnu tools arm embedded/6 2017-q2-update/bin/../lib/gcc/arm-none-eabi/6.3.1/thumb/v7e-m\libgcc.a(_arm_muldivsf3.o)
 .ARM.attributes
                0x000006cd       0x1e c:/program files (x86)/gnu tools arm embedded/6 2017-q2-update/bin/../lib/gcc/arm-none-eabi/6.3.1/thumb/v7e-m\libgcc.a(_arm_fixsfsi.o)

.debug_frame    0x00000000     0x38b4
 .debug_frame   0x00000000       0x6c ..\obj\uart_node.o
 .debug_frame   0x0000006c       0xf4 ..\obj\stm32f4xx_syscfg.o
 .debug_frame   0x00000160      0x490 ..\obj\stm32f4xx_usart.o
 .debug_frame   0x000005f0       0x4c ..\obj\startup_stm32f4xx.o
 .debug_frame   0x0000063c      0x130 ..\obj\pwm_motor.o
 .debug_frame   0x0000076c       0xc0 ..\obj\main.o
 .debug_frame   0x0000082c      0x6d4 ..\obj\stm32f4xx_rcc.o
 .debug_frame   0x00000f00      0x2dc ..\obj\printf.o
 .debug_frame   0x000011dc      0x2cc ..\obj\tm_stm32f4_rotary_encoder.o
 .debug_frame   0x000014a8      0x1b8 ..\obj\tm_stm32f4_delay.o
 .debug_frame   0x00001660       0x58 ..\obj\uart_line.o
 .debug_frame   0x000016b8      0x23c ..\obj\stm32f4xx_gpio.o
 .debug_frame   0x000018f4      0x148 ..\obj\mekanisme_penendang.o
 .debug_frame   0x00001a3c      0x230 ..\obj\lcd_16x2.o
 .debug_frame   0x00001c6c       0x7c ..\obj\system_stm32f4xx.o
 .debug_frame   0x00001ce8       0x58 ..\obj\uart_camera.o
 .debug_frame   0x00001d40      0x274 ..\obj\speed_control.o
 .debug_frame   0x00001fb4      0x148 ..\obj\stm32f4xx_exti.o
 .debug_frame   0x000020fc       0xd8 ..\obj\misc.o
 .debug_frame   0x000021d4      0x39c ..\obj\localization.o
 .debug_frame   0x00002570      0xe54 ..\obj\stm32f4xx_tim.o
 .debug_frame   0x000033c4       0x38 c:/program files (x86)/gnu tools arm embedded/6 2017-q2-update/bin/../lib/gcc/arm-none-eabi/6.3.1/../../../../arm-none-eabi/lib/thumb/v7e-m\libm.a(lib_a-s_cos.o)
 .debug_frame   0x000033fc       0x20 c:/program files (x86)/gnu tools arm embedded/6 2017-q2-update/bin/../lib/gcc/arm-none-eabi/6.3.1/../../../../arm-none-eabi/lib/thumb/v7e-m\libm.a(lib_a-s_fabs.o)
 .debug_frame   0x0000341c       0x38 c:/program files (x86)/gnu tools arm embedded/6 2017-q2-update/bin/../lib/gcc/arm-none-eabi/6.3.1/../../../../arm-none-eabi/lib/thumb/v7e-m\libm.a(lib_a-s_sin.o)
 .debug_frame   0x00003454       0x48 c:/program files (x86)/gnu tools arm embedded/6 2017-q2-update/bin/../lib/gcc/arm-none-eabi/6.3.1/../../../../arm-none-eabi/lib/thumb/v7e-m\libm.a(lib_a-e_rem_pio2.o)
 .debug_frame   0x0000349c       0x4c c:/program files (x86)/gnu tools arm embedded/6 2017-q2-update/bin/../lib/gcc/arm-none-eabi/6.3.1/../../../../arm-none-eabi/lib/thumb/v7e-m\libm.a(lib_a-k_cos.o)
 .debug_frame   0x000034e8       0x50 c:/program files (x86)/gnu tools arm embedded/6 2017-q2-update/bin/../lib/gcc/arm-none-eabi/6.3.1/../../../../arm-none-eabi/lib/thumb/v7e-m\libm.a(lib_a-k_rem_pio2.o)
 .debug_frame   0x00003538       0x48 c:/program files (x86)/gnu tools arm embedded/6 2017-q2-update/bin/../lib/gcc/arm-none-eabi/6.3.1/../../../../arm-none-eabi/lib/thumb/v7e-m\libm.a(lib_a-k_sin.o)
 .debug_frame   0x00003580       0x34 c:/program files (x86)/gnu tools arm embedded/6 2017-q2-update/bin/../lib/gcc/arm-none-eabi/6.3.1/../../../../arm-none-eabi/lib/thumb/v7e-m\libm.a(lib_a-s_floor.o)
 .debug_frame   0x000035b4       0x30 c:/program files (x86)/gnu tools arm embedded/6 2017-q2-update/bin/../lib/gcc/arm-none-eabi/6.3.1/../../../../arm-none-eabi/lib/thumb/v7e-m\libm.a(lib_a-s_scalbn.o)
 .debug_frame   0x000035e4       0x20 c:/program files (x86)/gnu tools arm embedded/6 2017-q2-update/bin/../lib/gcc/arm-none-eabi/6.3.1/../../../../arm-none-eabi/lib/thumb/v7e-m\libm.a(lib_a-s_copysign.o)
 .debug_frame   0x00003604       0xac c:/program files (x86)/gnu tools arm embedded/6 2017-q2-update/bin/../lib/gcc/arm-none-eabi/6.3.1/thumb/v7e-m\libgcc.a(_arm_addsubdf3.o)
 .debug_frame   0x000036b0       0x50 c:/program files (x86)/gnu tools arm embedded/6 2017-q2-update/bin/../lib/gcc/arm-none-eabi/6.3.1/thumb/v7e-m\libgcc.a(_arm_muldivdf3.o)
 .debug_frame   0x00003700       0xc4 c:/program files (x86)/gnu tools arm embedded/6 2017-q2-update/bin/../lib/gcc/arm-none-eabi/6.3.1/thumb/v7e-m\libgcc.a(_arm_cmpdf2.o)
 .debug_frame   0x000037c4       0x24 c:/program files (x86)/gnu tools arm embedded/6 2017-q2-update/bin/../lib/gcc/arm-none-eabi/6.3.1/thumb/v7e-m\libgcc.a(_arm_fixdfsi.o)
 .debug_frame   0x000037e8       0x24 c:/program files (x86)/gnu tools arm embedded/6 2017-q2-update/bin/../lib/gcc/arm-none-eabi/6.3.1/thumb/v7e-m\libgcc.a(_arm_truncdfsf2.o)
 .debug_frame   0x0000380c       0x4c c:/program files (x86)/gnu tools arm embedded/6 2017-q2-update/bin/../lib/gcc/arm-none-eabi/6.3.1/thumb/v7e-m\libgcc.a(_arm_addsubsf3.o)
 .debug_frame   0x00003858       0x38 c:/program files (x86)/gnu tools arm embedded/6 2017-q2-update/bin/../lib/gcc/arm-none-eabi/6.3.1/thumb/v7e-m\libgcc.a(_arm_muldivsf3.o)
 .debug_frame   0x00003890       0x24 c:/program files (x86)/gnu tools arm embedded/6 2017-q2-update/bin/../lib/gcc/arm-none-eabi/6.3.1/thumb/v7e-m\libgcc.a(_arm_fixsfsi.o)
