Archive member included to satisfy reference by file (symbol)

c:/program files (x86)/gnu tools arm embedded/6 2017-q2-update/bin/../lib/gcc/arm-none-eabi/6.3.1/../../../../arm-none-eabi/lib/thumb/v7e-m\libm.a(lib_a-s_atan.o)
                              ..\obj\localization.o (atan)
c:/program files (x86)/gnu tools arm embedded/6 2017-q2-update/bin/../lib/gcc/arm-none-eabi/6.3.1/../../../../arm-none-eabi/lib/thumb/v7e-m\libm.a(lib_a-s_cos.o)
                              ..\obj\odometry.o (cos)
c:/program files (x86)/gnu tools arm embedded/6 2017-q2-update/bin/../lib/gcc/arm-none-eabi/6.3.1/../../../../arm-none-eabi/lib/thumb/v7e-m\libm.a(lib_a-s_fabs.o)
                              c:/program files (x86)/gnu tools arm embedded/6 2017-q2-update/bin/../lib/gcc/arm-none-eabi/6.3.1/../../../../arm-none-eabi/lib/thumb/v7e-m\libm.a(lib_a-s_atan.o) (fabs)
c:/program files (x86)/gnu tools arm embedded/6 2017-q2-update/bin/../lib/gcc/arm-none-eabi/6.3.1/../../../../arm-none-eabi/lib/thumb/v7e-m\libm.a(lib_a-s_sin.o)
                              ..\obj\odometry.o (sin)
c:/program files (x86)/gnu tools arm embedded/6 2017-q2-update/bin/../lib/gcc/arm-none-eabi/6.3.1/../../../../arm-none-eabi/lib/thumb/v7e-m\libm.a(lib_a-e_rem_pio2.o)
                              c:/program files (x86)/gnu tools arm embedded/6 2017-q2-update/bin/../lib/gcc/arm-none-eabi/6.3.1/../../../../arm-none-eabi/lib/thumb/v7e-m\libm.a(lib_a-s_cos.o) (__ieee754_rem_pio2)
c:/program files (x86)/gnu tools arm embedded/6 2017-q2-update/bin/../lib/gcc/arm-none-eabi/6.3.1/../../../../arm-none-eabi/lib/thumb/v7e-m\libm.a(lib_a-k_cos.o)
                              c:/program files (x86)/gnu tools arm embedded/6 2017-q2-update/bin/../lib/gcc/arm-none-eabi/6.3.1/../../../../arm-none-eabi/lib/thumb/v7e-m\libm.a(lib_a-s_cos.o) (__kernel_cos)
c:/program files (x86)/gnu tools arm embedded/6 2017-q2-update/bin/../lib/gcc/arm-none-eabi/6.3.1/../../../../arm-none-eabi/lib/thumb/v7e-m\libm.a(lib_a-k_rem_pio2.o)
                              c:/program files (x86)/gnu tools arm embedded/6 2017-q2-update/bin/../lib/gcc/arm-none-eabi/6.3.1/../../../../arm-none-eabi/lib/thumb/v7e-m\libm.a(lib_a-e_rem_pio2.o) (__kernel_rem_pio2)
c:/program files (x86)/gnu tools arm embedded/6 2017-q2-update/bin/../lib/gcc/arm-none-eabi/6.3.1/../../../../arm-none-eabi/lib/thumb/v7e-m\libm.a(lib_a-k_sin.o)
                              c:/program files (x86)/gnu tools arm embedded/6 2017-q2-update/bin/../lib/gcc/arm-none-eabi/6.3.1/../../../../arm-none-eabi/lib/thumb/v7e-m\libm.a(lib_a-s_cos.o) (__kernel_sin)
c:/program files (x86)/gnu tools arm embedded/6 2017-q2-update/bin/../lib/gcc/arm-none-eabi/6.3.1/../../../../arm-none-eabi/lib/thumb/v7e-m\libm.a(lib_a-s_floor.o)
                              c:/program files (x86)/gnu tools arm embedded/6 2017-q2-update/bin/../lib/gcc/arm-none-eabi/6.3.1/../../../../arm-none-eabi/lib/thumb/v7e-m\libm.a(lib_a-k_rem_pio2.o) (floor)
c:/program files (x86)/gnu tools arm embedded/6 2017-q2-update/bin/../lib/gcc/arm-none-eabi/6.3.1/../../../../arm-none-eabi/lib/thumb/v7e-m\libm.a(lib_a-s_scalbn.o)
                              c:/program files (x86)/gnu tools arm embedded/6 2017-q2-update/bin/../lib/gcc/arm-none-eabi/6.3.1/../../../../arm-none-eabi/lib/thumb/v7e-m\libm.a(lib_a-k_rem_pio2.o) (scalbn)
c:/program files (x86)/gnu tools arm embedded/6 2017-q2-update/bin/../lib/gcc/arm-none-eabi/6.3.1/../../../../arm-none-eabi/lib/thumb/v7e-m\libm.a(lib_a-s_copysign.o)
                              c:/program files (x86)/gnu tools arm embedded/6 2017-q2-update/bin/../lib/gcc/arm-none-eabi/6.3.1/../../../../arm-none-eabi/lib/thumb/v7e-m\libm.a(lib_a-s_scalbn.o) (copysign)
c:/program files (x86)/gnu tools arm embedded/6 2017-q2-update/bin/../lib/gcc/arm-none-eabi/6.3.1/thumb/v7e-m\libgcc.a(_arm_addsubdf3.o)
                              ..\obj\odometry.o (__aeabi_dsub)
c:/program files (x86)/gnu tools arm embedded/6 2017-q2-update/bin/../lib/gcc/arm-none-eabi/6.3.1/thumb/v7e-m\libgcc.a(_arm_muldivdf3.o)
                              ..\obj\odometry.o (__aeabi_dmul)
c:/program files (x86)/gnu tools arm embedded/6 2017-q2-update/bin/../lib/gcc/arm-none-eabi/6.3.1/thumb/v7e-m\libgcc.a(_arm_cmpdf2.o)
                              c:/program files (x86)/gnu tools arm embedded/6 2017-q2-update/bin/../lib/gcc/arm-none-eabi/6.3.1/../../../../arm-none-eabi/lib/thumb/v7e-m\libm.a(lib_a-e_rem_pio2.o) (__aeabi_dcmpeq)
c:/program files (x86)/gnu tools arm embedded/6 2017-q2-update/bin/../lib/gcc/arm-none-eabi/6.3.1/thumb/v7e-m\libgcc.a(_arm_fixdfsi.o)
                              ..\obj\odometry.o (__aeabi_d2iz)
c:/program files (x86)/gnu tools arm embedded/6 2017-q2-update/bin/../lib/gcc/arm-none-eabi/6.3.1/thumb/v7e-m\libgcc.a(_arm_truncdfsf2.o)
                              ..\obj\odometry.o (__aeabi_d2f)
c:/program files (x86)/gnu tools arm embedded/6 2017-q2-update/bin/../lib/gcc/arm-none-eabi/6.3.1/thumb/v7e-m\libgcc.a(_arm_addsubsf3.o)
[...]
Memory Configuration

Name             Origin             Length             Attributes
rom              0x08000000         0x00100000         xr
ram              0x20000000         0x00020000         xrw
ram1             0x10000000         0x00010000         xrw
*default*        0x00000000         0xffffffff

Linker script and memory map

                0x20020000                _eram = 0x20020000

.text           0x08000000     0x6750
 *(.isr_vector)
 .isr_vector    0x08000000      0x188 ..\obj\startup_stm32f4xx.o
                0x08000000                g_pfnVectors
 *(.text*)
 .text.init_USART
                0x08000188       0xc8 ..\obj\uart_node.o
                0x08000188                init_USART
 .text.USART2_IRQHandler
                0x08000250      0x150 ..\obj\uart_node.o
                0x08000250                USART2_IRQHandler
 .text.init_node
                0x080003a0        0xc ..\obj\uart_node.o
                0x080003a0                init_node
 .text.SYSCFG_EXTILineConfig
                0x080003ac       0x84 ..\obj\stm32f4xx_syscfg.o
                0x080003ac                SYSCFG_EXTILineConfig
 .text.USART_DeInit
                0x08000430       0xd4 ..\obj\stm32f4xx_usart.o
                0x08000430                USART_DeInit
 .text.USART_Init
                0x08000504      0x174 ..\obj\stm32f4xx_usart.o
                0x08000504                USART_Init
 .text.USART_Cmd
                0x08000678       0x3e ..\obj\stm32f4xx_usart.o
                0x08000678                USART_Cmd
 .text.USART_ReceiveData
                0x080006b6       0x1e ..\obj\stm32f4xx_usart.o
                0x080006b6                USART_ReceiveData
 .text.USART_ITConfig
                0x080006d4       0x8e ..\obj\stm32f4xx_usart.o
                0x080006d4                USART_ITConfig
 .text.USART_GetITStatus
                0x08000762       0xb4 ..\obj\stm32f4xx_usart.o
                0x08000762                USART_GetITStatus
 *fill*         0x08000816        0x2 
 .text.Default_Reset_Handler
                0x08000818       0x60 ..\obj\startup_stm32f4xx.o
                0x08000818                Default_Reset_Handler
                0x08000818                Reset_Handler
 .text.Default_Handler
                0x08000878        0x6 ..\obj\startup_stm32f4xx.o
                0x08000878                RTC_Alarm_IRQHandler
                0x08000878                HASH_RNG_IRQHandler
                0x08000878                TIM8_CC_IRQHandler
                0x08000878                DebugMon_Handler
                0x08000878                TIM1_CC_IRQHandler
                0x08000878                DMA2_Stream5_IRQHandler
                0x08000878                HardFault_Handler
                0x08000878                DMA1_Stream5_IRQHandler
                0x08000878                PVD_IRQHandler
                0x08000878                SDIO_IRQHandler
                0x08000878                TAMP_STAMP_IRQHandler
                0x08000878                PendSV_Handler
                0x08000878                NMI_Handler
                0x08000878                CAN2_RX1_IRQHandler
                0x08000878                TIM8_TRG_COM_TIM14_IRQHandler
                0x08000878                TIM1_UP_TIM10_IRQHandler
                0x08000878                TIM8_UP_TIM13_IRQHandler
                0x08000878                I2C3_ER_IRQHandler
                0x08000878                I2C2_EV_IRQHandler
                0x08000878                DMA1_Stream2_IRQHandler
                0x08000878                CAN1_RX0_IRQHandler
                0x08000878                FPU_IRQHandler
                0x08000878                OTG_HS_WKUP_IRQHandler
                0x08000878                UsageFault_Handler
                0x08000878                CAN2_SCE_IRQHandler
                0x08000878                DMA2_Stream2_IRQHandler
                0x08000878                SPI1_IRQHandler
                0x08000878                TIM6_DAC_IRQHandler
                0x08000878                TIM1_BRK_TIM9_IRQHandler
                0x08000878                DCMI_IRQHandler
                0x08000878                CAN2_RX0_IRQHandler
                0x08000878                DMA2_Stream3_IRQHandler
                0x08000878                USART6_IRQHandler
                0x08000878                CRYP_IRQHandler
                0x08000878                CAN1_RX1_IRQHandler
                0x08000878                UART5_IRQHandler
                0x08000878                DMA2_Stream0_IRQHandler
                0x08000878                TIM4_IRQHandler
                0x08000878                I2C1_EV_IRQHandler
                0x08000878                DMA1_Stream6_IRQHandler
                0x08000878                DMA1_Stream1_IRQHandler
                0x08000878                UART4_IRQHandler
                0x08000878                TIM3_IRQHandler
                0x08000878                RCC_IRQHandler
                0x08000878                TIM8_BRK_TIM12_IRQHandler
                0x08000878                EXTI15_10_IRQHandler
                0x08000878                ADC_IRQHandler
                0x08000878                DMA1_Stream7_IRQHandler
                0x08000878                TIM7_IRQHandler
                0x08000878                CAN2_TX_IRQHandler
                0x08000878                DMA2_Stream7_IRQHandler
                0x08000878                I2C3_EV_IRQHandler
                0x08000878                RTC_WKUP_IRQHandler
                0x08000878                ETH_WKUP_IRQHandler
                0x08000878                SPI2_IRQHandler
                0x08000878                OTG_HS_EP1_IN_IRQHandler
                0x08000878                MemManage_Handler
                0x08000878                DMA1_Stream0_IRQHandler
                0x08000878                CAN1_TX_IRQHandler
                0x08000878                SVC_Handler
                0x08000878                FSMC_IRQHandler
                0x08000878                ETH_IRQHandler
                0x08000878                OTG_HS_EP1_OUT_IRQHandler
                0x08000878                WWDG_IRQHandler
                0x08000878                OTG_FS_WKUP_IRQHandler
                0x08000878                TIM1_TRG_COM_TIM11_IRQHandler
                0x08000878                OTG_HS_IRQHandler
                0x08000878                I2C2_ER_IRQHandler
                0x08000878                DMA2_Stream1_IRQHandler
                0x08000878                CAN1_SCE_IRQHandler
                0x08000878                FLASH_IRQHandler
                0x08000878                DMA2_Stream4_IRQHandler
                0x08000878                BusFault_Handler
                0x08000878                USART1_IRQHandler
                0x08000878                OTG_FS_IRQHandler
                0x08000878                SPI3_IRQHandler
                0x08000878                DMA1_Stream4_IRQHandler
                0x08000878                I2C1_ER_IRQHandler
                0x08000878                DMA2_Stream6_IRQHandler
                0x08000878                DMA1_Stream3_IRQHandler
 *fill*         0x0800087e        0x2 
 .text.TM_TIMER_Init
                0x08000880       0x44 ..\obj\pwm_motor.o
                0x08000880                TM_TIMER_Init
 .text.init_pwm
                0x080008c4       0x88 ..\obj\pwm_motor.o
                0x080008c4                init_pwm
 .text.init_motor
                0x0800094c       0xbc ..\obj\pwm_motor.o
                0x0800094c                init_motor
 .text.motorDC  0x08000a08      0x138 ..\obj\pwm_motor.o
                0x08000a08                motorDC
 .text.main     0x08000b40       0x3e ..\obj\main.o
                0x08000b40                main
 *fill*         0x08000b7e        0x2 
 .text.RCC_HSEConfig
                0x08000b80       0x24 ..\obj\stm32f4xx_rcc.o
                0x08000b80                RCC_HSEConfig
 .text.RCC_WaitForHSEStartUp
                0x08000ba4       0x50 ..\obj\stm32f4xx_rcc.o
                0x08000ba4                RCC_WaitForHSEStartUp
 .text.RCC_GetClocksFreq
                0x08000bf4      0x150 ..\obj\stm32f4xx_rcc.o
                0x08000bf4                RCC_GetClocksFreq
 .text.RCC_AHB1PeriphClockCmd
                0x08000d44       0x3c ..\obj\stm32f4xx_rcc.o
                0x08000d44                RCC_AHB1PeriphClockCmd
 .text.RCC_APB1PeriphClockCmd
                0x08000d80       0x3c ..\obj\stm32f4xx_rcc.o
                0x08000d80                RCC_APB1PeriphClockCmd
 .text.RCC_APB2PeriphClockCmd
                0x08000dbc       0x3c ..\obj\stm32f4xx_rcc.o
                0x08000dbc                RCC_APB2PeriphClockCmd
 .text.RCC_APB1PeriphResetCmd
                0x08000df8       0x3c ..\obj\stm32f4xx_rcc.o
                0x08000df8                RCC_APB1PeriphResetCmd
 .text.RCC_APB2PeriphResetCmd
                0x08000e34       0x3c ..\obj\stm32f4xx_rcc.o
                0x08000e34                RCC_APB2PeriphResetCmd
 .text.RCC_GetFlagStatus
                0x08000e70       0x74 ..\obj\stm32f4xx_rcc.o
                0x08000e70                RCC_GetFlagStatus
 .text.PutChar  0x08000ee4       0x1e ..\obj\printf.o
                0x08000ee4                PutChar
 .text.PutString
                0x08000f02       0x3a ..\obj\printf.o
                0x08000f02                PutString
 .text.PutUnsignedInt
                0x08000f3c       0x9c ..\obj\printf.o
                0x08000f3c                PutUnsignedInt
 .text.PutSignedInt
                0x08000fd8       0xf8 ..\obj\printf.o
                0x08000fd8                PutSignedInt
 .text.PutHexa  0x080010d0       0xd4 ..\obj\printf.o
                0x080010d0                PutHexa
 .text.vsnprintf
                0x080011a4      0x254 ..\obj\printf.o
                0x080011a4                vsnprintf
 .text.vsprintf
                0x080013f8       0x22 ..\obj\printf.o
                0x080013f8                vsprintf
 .text.sprintf  0x0800141a       0x2c ..\obj\printf.o
                0x0800141a                sprintf
 *fill*         0x08001446        0x2 
 .text.TM_RE_Init
                0x08001448       0xa8 ..\obj\tm_stm32f4_rotary_encoder.o
                0x08001448                TM_RE_Init
 .text.InitSecondEncoder
                0x080014f0       0xa8 ..\obj\tm_stm32f4_rotary_encoder.o
                0x080014f0                InitSecondEncoder
 .text.InitThirdEncoder
                0x08001598       0xa8 ..\obj\tm_stm32f4_rotary_encoder.o
                0x08001598                InitThirdEncoder
 .text.InitFourthEncoder
                0x08001640       0xa8 ..\obj\tm_stm32f4_rotary_encoder.o
                0x08001640                InitFourthEncoder
 .text.InitFifthEncoder
                0x080016e8       0xa8 ..\obj\tm_stm32f4_rotary_encoder.o
                0x080016e8                InitFifthEncoder
 .text.InitSixthEncoder
                0x08001790       0xa8 ..\obj\tm_stm32f4_rotary_encoder.o
                0x08001790                InitSixthEncoder
 .text.TM_RE_Get
                0x08001838       0x58 ..\obj\tm_stm32f4_rotary_encoder.o
                0x08001838                TM_RE_Get
 .text.SecondGet
                0x08001890       0x58 ..\obj\tm_stm32f4_rotary_encoder.o
                0x08001890                SecondGet
 .text.ThirdGet
                0x080018e8       0x58 ..\obj\tm_stm32f4_rotary_encoder.o
                0x080018e8                ThirdGet
 .text.FourthGet
                0x08001940       0x58 ..\obj\tm_stm32f4_rotary_encoder.o
                0x08001940                FourthGet
 .text.TM_RE_Process
                0x08001998       0x68 ..\obj\tm_stm32f4_rotary_encoder.o
                0x08001998                TM_RE_Process
 .text.SecondProcess
                0x08001a00       0x68 ..\obj\tm_stm32f4_rotary_encoder.o
                0x08001a00                SecondProcess
 .text.ThirdProcess
                0x08001a68       0x68 ..\obj\tm_stm32f4_rotary_encoder.o
                0x08001a68                ThirdProcess
 .text.FourthProcess
                0x08001ad0       0x68 ..\obj\tm_stm32f4_rotary_encoder.o
                0x08001ad0                FourthProcess
 .text.FifthProcess
                0x08001b38       0x68 ..\obj\tm_stm32f4_rotary_encoder.o
                0x08001b38                FifthProcess
 .text.SixthProcess
                0x08001ba0       0x68 ..\obj\tm_stm32f4_rotary_encoder.o
                0x08001ba0                SixthProcess
 .text.EXTI0_IRQHandler
                0x08001c08       0x1e ..\obj\tm_stm32f4_rotary_encoder.o
                0x08001c08                EXTI0_IRQHandler
 .text.EXTI1_IRQHandler
                0x08001c26       0x1e ..\obj\tm_stm32f4_rotary_encoder.o
                0x08001c26                EXTI1_IRQHandler
 .text.EXTI2_IRQHandler
                0x08001c44       0x1e ..\obj\tm_stm32f4_rotary_encoder.o
                0x08001c44                EXTI2_IRQHandler
 .text.EXTI3_IRQHandler
                0x08001c62       0x1e ..\obj\tm_stm32f4_rotary_encoder.o
                0x08001c62                EXTI3_IRQHandler
 .text.EXTI4_IRQHandler
                0x08001c80       0x1e ..\obj\tm_stm32f4_rotary_encoder.o
                0x08001c80                EXTI4_IRQHandler
 .text.EXTI9_5_IRQHandler
                0x08001c9e       0x1e ..\obj\tm_stm32f4_rotary_encoder.o
                0x08001c9e                EXTI9_5_IRQHandler
 *fill*         0x08001cbc        0x4 
 .text.odometers
                0x08001cc0      0x5c4 ..\obj\odometry.o
                0x08001cc0                odometers
 *fill*         0x08002284        0x4 
 .text.accelerometers
                0x08002288      0x2d0 ..\obj\odometry.o
                0x08002288                accelerometers
 .text.NVIC_SetPriority
                0x08002558       0x54 ..\obj\tm_stm32f4_delay.o
 .text.SysTick_Config
                0x080025ac       0x44 ..\obj\tm_stm32f4_delay.o
 .text.Delayms  0x080025f0       0x30 ..\obj\tm_stm32f4_delay.o
                0x080025f0                Delayms
 .text.SysTick_Handler
                0x08002620       0x48 ..\obj\tm_stm32f4_delay.o
                0x08002620                SysTick_Handler
 .text.TM_DELAY_Init
                0x08002668       0x50 ..\obj\tm_stm32f4_delay.o
                0x08002668                TM_DELAY_Init
 .text.GPIO_Init
                0x080026b8      0x11a ..\obj\stm32f4xx_gpio.o
                0x080026b8                GPIO_Init
 .text.GPIO_ReadInputDataBit
                0x080027d2       0x32 ..\obj\stm32f4xx_gpio.o
                0x080027d2                GPIO_ReadInputDataBit
 .text.GPIO_SetBits
                0x08002804       0x1c ..\obj\stm32f4xx_gpio.o
                0x08002804                GPIO_SetBits
 .text.GPIO_ResetBits
                0x08002820       0x1c ..\obj\stm32f4xx_gpio.o
                0x08002820                GPIO_ResetBits
 .text.GPIO_PinAFConfig
                0x0800283c       0x90 ..\obj\stm32f4xx_gpio.o
                0x0800283c                GPIO_PinAFConfig
 .text.init_handle
                0x080028cc       0x3c ..\obj\mekanisme_penendang.o
                0x080028cc                init_handle
 .text.init_penendang
                0x08002908       0x40 ..\obj\mekanisme_penendang.o
                0x08002908                init_penendang
 .text.kickBall
                0x08002948       0x24 ..\obj\mekanisme_penendang.o
                0x08002948                kickBall
 .text.kick     0x0800296c       0x34 ..\obj\mekanisme_penendang.o
                0x0800296c                kick
 .text.lcd_init
                0x080029a0       0x3c ..\obj\lcd_16x2.o
                0x080029a0                lcd_init
 .text.lcd_clear
                0x080029dc       0x16 ..\obj\lcd_16x2.o
                0x080029dc                lcd_clear
 .text.lcd_putsf
                0x080029f2       0x3e ..\obj\lcd_16x2.o
                0x080029f2                lcd_putsf
 .text.P_LCD_2x16_InitIO
                0x08002a30       0xa8 ..\obj\lcd_16x2.o
                0x08002a30                P_LCD_2x16_InitIO
 .text.P_LCD_2x16_PinLo
                0x08002ad8       0x40 ..\obj\lcd_16x2.o
                0x08002ad8                P_LCD_2x16_PinLo
 .text.P_LCD_2x16_PinHi
                0x08002b18       0x40 ..\obj\lcd_16x2.o
                0x08002b18                P_LCD_2x16_PinHi
 .text.P_LCD_2x16_Clk
                0x08002b58       0x24 ..\obj\lcd_16x2.o
                0x08002b58                P_LCD_2x16_Clk
 .text.P_LCD_2x16_InitSequenz
                0x08002b7c       0x68 ..\obj\lcd_16x2.o
                0x08002b7c                P_LCD_2x16_InitSequenz
 .text.P_LCD_2x16_Cmd
                0x08002be4       0xde ..\obj\lcd_16x2.o
                0x08002be4                P_LCD_2x16_Cmd
 .text.P_LCD_2x16_Data
                0x08002cc2       0xde ..\obj\lcd_16x2.o
                0x08002cc2                P_LCD_2x16_Data
 .text.lcd_gotoxy
                0x08002da0       0x4a ..\obj\lcd_16x2.o
                0x08002da0                lcd_gotoxy
 .text.P_LCD_2x16_Delay
                0x08002dea       0x1e ..\obj\lcd_16x2.o
                0x08002dea                P_LCD_2x16_Delay
 .text.SystemInit
                0x08002e08       0x5c ..\obj\system_stm32f4xx.o
                0x08002e08                SystemInit
 .text.SetSysClock
                0x08002e64       0xf4 ..\obj\system_stm32f4xx.o
 .text.init_camera
                0x08002f58       0xb8 ..\obj\uart_camera.o
                0x08002f58                init_camera
 .text.USART3_IRQHandler
                0x08003010      0x180 ..\obj\uart_camera.o
                0x08003010                USART3_IRQHandler
 .text.InitializeTimer
                0x08003190       0x4e ..\obj\speed_control.o
                0x08003190                InitializeTimer
 .text.EnableTimerInterrupt
                0x080031de       0x26 ..\obj\speed_control.o
                0x080031de                EnableTimerInterrupt
 *fill*         0x08003204        0x4 
 .text.TIM2_IRQHandler
                0x08003208      0x594 ..\obj\speed_control.o
                0x08003208                TIM2_IRQHandler
 .text.init_speed_control
                0x0800379c       0x54 ..\obj\speed_control.o
                0x0800379c                init_speed_control
 .text.EXTI_Init
                0x080037f0       0xe4 ..\obj\stm32f4xx_exti.o
                0x080037f0                EXTI_Init
 .text.EXTI_GetITStatus
                0x080038d4       0x48 ..\obj\stm32f4xx_exti.o
                0x080038d4                EXTI_GetITStatus
 .text.EXTI_ClearITPendingBit
                0x0800391c       0x1c ..\obj\stm32f4xx_exti.o
                0x0800391c                EXTI_ClearITPendingBit
 .text.NVIC_Init
                0x08003938       0xc4 ..\obj\misc.o
                0x08003938                NVIC_Init
 .text.printData
                0x080039fc       0x80 ..\obj\localization.o
                0x080039fc                printData
 .text.init_proximity
                0x08003a7c       0x3c ..\obj\localization.o
                0x08003a7c                init_proximity
 .text.LCD_InitializeTimer
                0x08003ab8       0x50 ..\obj\localization.o
                0x08003ab8                LCD_InitializeTimer
 .text.LCD_EnableTimerInterrupt
                0x08003b08       0x26 ..\obj\localization.o
                0x08003b08                LCD_EnableTimerInterrupt
 *fill*         0x08003b2e        0x2 
 .text.TIM5_IRQHandler
                0x08003b30       0x28 ..\obj\localization.o
                0x08003b30                TIM5_IRQHandler
 .text.init_lcdTimer
                0x08003b58       0x10 ..\obj\localization.o
                0x08003b58                init_lcdTimer
 .text.TIM_TimeBaseInit
                0x08003b68       0xd4 ..\obj\stm32f4xx_tim.o
                0x08003b68                TIM_TimeBaseInit
 .text.TIM_Cmd  0x08003c3c       0x3e ..\obj\stm32f4xx_tim.o
                0x08003c3c                TIM_Cmd
 *fill*         0x08003c7a        0x2 
 .text.TIM_OC1Init
                0x08003c7c       0xf4 ..\obj\stm32f4xx_tim.o
                0x08003c7c                TIM_OC1Init
 .text.TIM_OC2Init
                0x08003d70      0x110 ..\obj\stm32f4xx_tim.o
                0x08003d70                TIM_OC2Init
 .text.TIM_OC3Init
                0x08003e80      0x10c ..\obj\stm32f4xx_tim.o
                0x08003e80                TIM_OC3Init
 .text.TIM_OC4Init
                0x08003f8c       0xcc ..\obj\stm32f4xx_tim.o
                0x08003f8c                TIM_OC4Init
 .text.TIM_OC1PreloadConfig
                0x08004058       0x36 ..\obj\stm32f4xx_tim.o
                0x08004058                TIM_OC1PreloadConfig
 .text.TIM_OC2PreloadConfig
                0x0800408e       0x3a ..\obj\stm32f4xx_tim.o
                0x0800408e                TIM_OC2PreloadConfig
 .text.TIM_OC3PreloadConfig
                0x080040c8       0x36 ..\obj\stm32f4xx_tim.o
                0x080040c8                TIM_OC3PreloadConfig
 .text.TIM_OC4PreloadConfig
                0x080040fe       0x3a ..\obj\stm32f4xx_tim.o
                0x080040fe                TIM_OC4PreloadConfig
 .text.TIM_ITConfig
                0x08004138       0x46 ..\obj\stm32f4xx_tim.o
                0x08004138                TIM_ITConfig
 .text.TIM_GetITStatus
                0x0800417e       0x52 ..\obj\stm32f4xx_tim.o
                0x0800417e                TIM_GetITStatus
 .text.TIM_ClearITPendingBit
                0x080041d0       0x20 ..\obj\stm32f4xx_tim.o
                0x080041d0                TIM_ClearITPendingBit
 .text.cos      0x080041f0       0x94 c:/program files (x86)/gnu tools arm embedded/6 2017-q2-update/bin/../lib/gcc/arm-none-eabi/6.3.1/../../../../arm-none-eabi/lib/thumb/v7e-m\libm.a(lib_a-s_cos.o)
                0x080041f0                cos
 .text.fabs     0x08004284        0x8 c:/program files (x86)/gnu tools arm embedded/6 2017-q2-update/bin/../lib/gcc/arm-none-eabi/6.3.1/../../../../arm-none-eabi/lib/thumb/v7e-m\libm.a(lib_a-s_fabs.o)
                0x08004284                fabs
 .text.sin      0x0800428c       0x88 c:/program files (x86)/gnu tools arm embedded/6 2017-q2-update/bin/../lib/gcc/arm-none-eabi/6.3.1/../../../../arm-none-eabi/lib/thumb/v7e-m\libm.a(lib_a-s_sin.o)
                0x0800428c                sin
 *fill*         0x08004314        0x4 
 .text.__ieee754_rem_pio2
                0x08004318      0x444 c:/program files (x86)/gnu tools arm embedded/6 2017-q2-update/bin/../lib/gcc/arm-none-eabi/6.3.1/../../../../arm-none-eabi/lib/thumb/v7e-m\libm.a(lib_a-e_rem_pio2.o)
                0x08004318                __ieee754_rem_pio2
 *fill*         0x0800475c        0x4 
 .text.__kernel_cos
                0x08004760      0x248 c:/program files (x86)/gnu tools arm embedded/6 2017-q2-update/bin/../lib/gcc/arm-none-eabi/6.3.1/../../../../arm-none-eabi/lib/thumb/v7e-m\libm.a(lib_a-k_cos.o)
                0x08004760                __kernel_cos
 .text.__kernel_rem_pio2
                0x080049a8      0x88c c:/program files (x86)/gnu tools arm embedded/6 2017-q2-update/bin/../lib/gcc/arm-none-eabi/6.3.1/../../../../arm-none-eabi/lib/thumb/v7e-m\libm.a(lib_a-k_rem_pio2.o)
                0x080049a8                __kernel_rem_pio2
 *fill*         0x08005234        0x4 
 .text.__kernel_sin
                0x08005238      0x16c c:/program files (x86)/gnu tools arm embedded/6 2017-q2-update/bin/../lib/gcc/arm-none-eabi/6.3.1/../../../../arm-none-eabi/lib/thumb/v7e-m\libm.a(lib_a-k_sin.o)
                0x08005238                __kernel_sin
 *fill*         0x080053a4        0x4 
 .text.floor    0x080053a8      0x118 c:/program files (x86)/gnu tools arm embedded/6 2017-q2-update/bin/../lib/gcc/arm-none-eabi/6.3.1/../../../../arm-none-eabi/lib/thumb/v7e-m\libm.a(lib_a-s_floor.o)
                0x080053a8                floor
 .text.scalbn   0x080054c0       0xfc c:/program files (x86)/gnu tools arm embedded/6 2017-q2-update/bin/../lib/gcc/arm-none-eabi/6.3.1/../../../../arm-none-eabi/lib/thumb/v7e-m\libm.a(lib_a-s_scalbn.o)
                0x080054c0                scalbn
 .text.copysign
                0x080055bc       0x10 c:/program files (x86)/gnu tools arm embedded/6 2017-q2-update/bin/../lib/gcc/arm-none-eabi/6.3.1/../../../../arm-none-eabi/lib/thumb/v7e-m\libm.a(lib_a-s_copysign.o)
                0x080055bc                copysign
 .text          0x080055cc      0x370 c:/program files (x86)/gnu tools arm embedded/6 2017-q2-update/bin/../lib/gcc/arm-none-eabi/6.3.1/thumb/v7e-m\libgcc.a(_arm_addsubdf3.o)
                0x080055cc                __aeabi_drsub
                0x080055d4                __aeabi_dsub
                0x080055d4                __subdf3
                0x080055d8                __aeabi_dadd
                0x080055d8                __adddf3
                0x08005850                __floatunsidf
                0x08005850                __aeabi_ui2d
                0x08005870                __floatsidf
                0x08005870                __aeabi_i2d
                0x08005894                __aeabi_f2d
                0x08005894                __extendsfdf2
                0x080058d0                __floatundidf
                0x080058d0                __aeabi_ul2d
                0x080058e0                __floatdidf
                0x080058e0                __aeabi_l2d
 .text          0x0800593c      0x424 c:/program files (x86)/gnu tools arm embedded/6 2017-q2-update/bin/../lib/gcc/arm-none-eabi/6.3.1/thumb/v7e-m\libgcc.a(_arm_muldivdf3.o)
                0x0800593c                __aeabi_dmul
                0x0800593c                __muldf3
                0x08005b90                __divdf3
                0x08005b90                __aeabi_ddiv
 .text          0x08005d60      0x110 c:/program files (x86)/gnu tools arm embedded/6 2017-q2-update/bin/../lib/gcc/arm-none-eabi/6.3.1/thumb/v7e-m\libgcc.a(_arm_cmpdf2.o)
                0x08005d60                __gtdf2
                0x08005d60                __gedf2
                0x08005d68                __ltdf2
                0x08005d68                __ledf2
                0x08005d70                __nedf2
                0x08005d70                __eqdf2
                0x08005d70                __cmpdf2
                0x08005dec                __aeabi_cdrcmple
                0x08005dfc                __aeabi_cdcmpeq
                0x08005dfc                __aeabi_cdcmple
                0x08005e0c                __aeabi_dcmpeq
                0x08005e20                __aeabi_dcmplt
                0x08005e34                __aeabi_dcmple
                0x08005e48                __aeabi_dcmpge
                0x08005e5c                __aeabi_dcmpgt
 .text          0x08005e70       0x50 c:/program files (x86)/gnu tools arm embedded/6 2017-q2-update/bin/../lib/gcc/arm-none-eabi/6.3.1/thumb/v7e-m\libgcc.a(_arm_fixdfsi.o)
                0x08005e70                __aeabi_d2iz
                0x08005e70                __fixdfsi
 .text          0x08005ec0       0xa0 c:/program files (x86)/gnu tools arm embedded/6 2017-q2-update/bin/../lib/gcc/arm-none-eabi/6.3.1/thumb/v7e-m\libgcc.a(_arm_truncdfsf2.o)
                0x08005ec0                __truncdfsf2
                0x08005ec0                __aeabi_d2f
 .text          0x08005f60      0x21c c:/program files (x86)/gnu tools arm embedded/6 2017-q2-update/bin/../lib/gcc/arm-none-eabi/6.3.1/thumb/v7e-m\libgcc.a(_arm_addsubsf3.o)
                0x08005f60                __aeabi_frsub
                0x08005f68                __subsf3
                0x08005f68                __aeabi_fsub
                0x08005f6c                __aeabi_fadd
                0x08005f6c                __addsf3
                0x080060cc                __aeabi_ui2f
                0x080060cc                __floatunsisf
                0x080060d4                __aeabi_i2f
                0x080060d4                __floatsisf
                0x080060f0                __aeabi_ul2f
                0x080060f0                __floatundisf
                0x08006100                __aeabi_l2f
                0x08006100                __floatdisf
 .text          0x0800617c      0x2a0 c:/program files (x86)/gnu tools arm embedded/6 2017-q2-update/bin/../lib/gcc/arm-none-eabi/6.3.1/thumb/v7e-m\libgcc.a(_arm_muldivsf3.o)
                0x0800617c                __mulsf3
                0x0800617c                __aeabi_fmul
                0x080062e4                __aeabi_fdiv
                0x080062e4                __divsf3
 .text          0x0800641c       0xec c:/program files (x86)/gnu tools arm embedded/6 2017-q2-update/bin/../lib/gcc/arm-none-eabi/6.3.1/thumb/v7e-m\libgcc.a(_arm_cmpsf2.o)
                0x0800641c                __gesf2
                0x0800641c                __gtsf2
                0x08006424                __lesf2
                0x08006424                __ltsf2
                0x0800642c                __nesf2
                0x0800642c                __eqsf2
                0x0800642c                __cmpsf2
                0x0800648c                __aeabi_cfrcmple
                0x08006494                __aeabi_cfcmpeq
                0x08006494                __aeabi_cfcmple
                0x080064a4                __aeabi_fcmpeq
                0x080064b8                __aeabi_fcmplt
                0x080064cc                __aeabi_fcmple
                0x080064e0                __aeabi_fcmpge
                0x080064f4                __aeabi_fcmpgt
 .text          0x08006508       0x4c c:/program files (x86)/gnu tools arm embedded/6 2017-q2-update/bin/../lib/gcc/arm-none-eabi/6.3.1/thumb/v7e-m\libgcc.a(_arm_fixsfsi.o)
                0x08006508                __aeabi_f2iz
                0x08006508                __fixsfsi
 *(.init)
 *(.fini)
 *crtbegin.o(.ctors)
 *crtbegin?.o(.ctors)
 *(EXCLUDE_FILE(*crtend.o *crtend?.o) .ctors)
 *(SORT(.ctors.*))
 *(.ctors)
 *crtbegin.o(.dtors)
 *crtbegin?.o(.dtors)
 *(EXCLUDE_FILE(*crtend.o *crtend?.o) .dtors)
 *(SORT(.dtors.*))
 *(.dtors)
 *(.rodata*)
 .rodata        0x08006554       0x1f ..\obj\localization.o
 *fill*         0x08006573        0x1 
 .rodata.npio2_hw
                0x08006574       0x80 c:/program files (x86)/gnu tools arm embedded/6 2017-q2-update/bin/../lib/gcc/arm-none-eabi/6.3.1/../../../../arm-none-eabi/lib/thumb/v7e-m\libm.a(lib_a-e_rem_pio2.o)
 .rodata.two_over_pi
                0x080065f4      0x108 c:/program files (x86)/gnu tools arm embedded/6 2017-q2-update/bin/../lib/gcc/arm-none-eabi/6.3.1/../../../../arm-none-eabi/lib/thumb/v7e-m\libm.a(lib_a-e_rem_pio2.o)
 *fill*         0x080066fc        0x4 
 .rodata.PIo2   0x08006700       0x40 c:/program files (x86)/gnu tools arm embedded/6 2017-q2-update/bin/../lib/gcc/arm-none-eabi/6.3.1/../../../../arm-none-eabi/lib/thumb/v7e-m\libm.a(lib_a-k_rem_pio2.o)
 .rodata.init_jk
                0x08006740       0x10 c:/program files (x86)/gnu tools arm embedded/6 2017-q2-update/bin/../lib/gcc/arm-none-eabi/6.3.1/../../../../arm-none-eabi/lib/thumb/v7e-m\libm.a(lib_a-k_rem_pio2.o)
 *(.eh_fram e*)

.glue_7         0x08006750        0x0
 .glue_7        0x08006750        0x0 linker stubs

.glue_7t        0x08006750        0x0
 .glue_7t       0x08006750        0x0 linker stubs

.vfp11_veneer   0x08006750        0x0
 .vfp11_veneer  0x08006750        0x0 linker stubs

.v4_bx          0x08006750        0x0
 .v4_bx         0x08006750        0x0 linker stubs

.iplt           0x08006750        0x0
 .iplt          0x08006750        0x0 ..\obj\uart_node.o

.rel.dyn        0x08006750        0x0
 .rel.iplt      0x08006750        0x0 ..\obj\uart_node.o

.ARM.extab
 *(.ARM.extab* .gnu.linkonce.armextab.*)
                0x08006750                __exidx_start = .

.ARM.exidx
 *(.ARM.exidx* .gnu.linkonce.armexidx.*)
                0x08006750                __exidx_end = .
                0x08006750                __etext = .
                0x08006750                _sidata = __etext

.data           0x20000000       0xa4 load address 0x08006750
                0x20000000                __data_start__ = .
                0x20000000                _sdata = __data_start__
 *(vtable)
 *(.data*)
 .data          0x20000000       0x10 ..\obj\stm32f4xx_rcc.o
 .data          0x20000010        0x6 ..\obj\tm_stm32f4_rotary_encoder.o
 *fill*         0x20000016        0x2 
 .data          0x20000018       0x78 ..\obj\lcd_16x2.o
                0x20000018                LCD_2X16
 .data          0x20000090       0x14 ..\obj\system_stm32f4xx.o
                0x20000090                SystemCoreClock
                0x20000094                AHBPrescTable
                0x200000a4                . = ALIGN (0x4)
                [!provide]                PROVIDE (__preinit_array_start, .)
 *(.preinit_array)
                [!provide]                PROVIDE (__preinit_array_end, .)
                0x200000a4                . = ALIGN (0x4)
                [!provide]                PROVIDE (__init_array_start, .)
 *(SORT(.init_array.*))
 *(.init_array)
                [!provide]                PROVIDE (__init_array_end, .)
                0x200000a4                . = ALIGN (0x4)
                [!provide]                PROVIDE (__fini_array_start, .)
 *(SORT(.fini_array.*))
 *(.fini_array)
                [!provide]                PROVIDE (__fini_array_end, .)
 *(.jcr*)
                0x200000a4                . = ALIGN (0x4)
                0x200000a4                __data_end__ = .
                0x200000a4                _edata = __data_end__

.igot.plt       0x200000a4        0x0 load address 0x080067f4
 .igot.plt      0x200000a4        0x0 ..\obj\uart_node.o

.bss            0x200000a4      0x264 load address 0x080067f4
                0x200000a4                . = ALIGN (0x4)
                0x200000a4                __bss_start__ = .
                0x200000a4                _sbss = __bss_start__
 *(.bss*)
 .bss           0x200000a4       0x24 ..\obj\odometry.o
                0x200000b0                Lprev
                0x200000b4                Rprev
                0x200000b8                Fprev
                0x200000bc                Bprev
                0x200000c0                XveloPrev
                0x200000c4                YveloPrev
 .bss           0x200000c8        0xd ..\obj\tm_stm32f4_delay.o
                0x200000d4                TM_DELAY_Initialized
 *fill*         0x200000d5        0x3 
 .bss           0x200000d8       0x60 ..\obj\speed_control.o
                0x200000e4                rotaryCount
                0x200000e8                lastCount
                0x200000ec                error
                0x200000ee                errorDua
                0x200000f0                errorTiga
                0x200000f2                errorEmpat
                0x200000f4                rpm
                0x200000f8                rpmDua
                0x200000fc                rpmTiga
                0x20000100                rpmEmpat
                0x20000104                setPointSatu
                0x20000106                setPointDua
                0x20000108                setPointTiga
                0x2000010a                setPointEmpat
                0x2000010c                output
                0x20000110                outputDua
                0x20000114                outputTiga
                0x20000118                outputEmpat
                0x2000011c                speed
                0x20000120                prevError
                0x20000122                derivError
                0x20000124                intError
                0x20000126                prevErrorDua
                0x20000128                derivErrorDua
                0x2000012a                intErrorDua
                0x2000012c                prevErrorTiga
                0x2000012e                derivErrorTiga
                0x20000130                intErrorTiga
                0x20000132                prevErrorEmpat
                0x20000134                derivErrorEmpat
                0x20000136                intErrorEmpat
 .bss           0x20000138       0x2c ..\obj\localization.o
                0x20000144                KaI
                0x20000148                theta
                0x2000014c                flagKickoff
                0x20000150                flagmundur
                0x20000154                flagStrategy
                0x20000158                handle
                0x2000015c                keeperFlag
                0x20000160                keeperCount
 *(COMMON)
 COMMON         0x20000164       0x34 ..\obj\uart_node.o
                0x20000164                nodey1
                0x20000168                strategy
                0x2000016c                ballYCoor
                0x2000016d                ballXCoor
                0x2000016e                gameState
                0x2000016f                ballFound
                0x20000170                flag
                0x20000174                nodex2
                0x20000178                compassHeading
                0x2000017c                nodey2
                0x20000180                compassDerajat2
                0x20000184                prevy1
                0x20000188                prevx1
                0x2000018c                compassDerajat1
                0x20000190                nodex1
                0x20000194                acceleroX
                0x20000195                flagNode
                0x20000196                bufferNode
                0x20000197                acceleroY
 COMMON         0x20000198       0x18 ..\obj\tm_stm32f4_rotary_encoder.o
                0x20000198                fifthCount
                0x2000019c                sixthCount
                0x200001a0                fourthCount
                0x200001a4                secondCount
                0x200001a8                TM_INT_RE_Count
                0x200001ac                thirdCount
 COMMON         0x200001b0       0x6c ..\obj\odometry.o
                0x200001b0                Ydis
                0x200001b4                odomHeading
                0x200001b8                Yaccel
                0x200001bc                Lticks
                0x200001c0                Favg
                0x200001c4                Fticks
                0x200001c8                Ypos
                0x200001cc                Rticks
                0x200001d0                Y_pos
                0x200001d4                Xaccel
                0x200001d8                Bmeters
                0x200001dc                Rmeters
                0x200001e0                Lmeters
                0x200001e4                FBmeters
                0x200001e8                Bavg
                0x200001ec                X_pos
                0x200001f0                Y_poscmps
                0x200001f4                Yvelo
                0x200001f8                Xpos
                0x200001fc                Xdis
                0x20000200                LRmeters
                0x20000204                Lavg
                0x20000208                X_poscmps
                0x2000020c                Fmeters
                0x20000210                Ravg
                0x20000214                Xvelo
                0x20000218                Bticks
 COMMON         0x2000021c        0x1 ..\obj\uart_camera.o
                0x2000021c                buffer
 *fill*         0x2000021d        0x3 
 COMMON         0x20000220       0x50 ..\obj\speed_control.o
                0x20000220                data2
                0x2000022c                data4
                0x20000238                startHeading
                0x20000239                prevStartHeading
                0x2000023c                data
                0x20000248                data3
                0x20000254                coorCount
                0x20000258                data5
                0x20000264                data6
 COMMON         0x20000270       0x98 ..\obj\localization.o
                0x20000270                prevErrorBallMaju
                0x20000274                counterDelay
                0x20000278                lcd
                0x20000288                rpmKanan
                0x2000028c                ballMaju
                0x20000290                errorBallMaju
                0x20000294                mov
                0x20000298                movCompass
                0x2000029c                derivErrorBall
                0x200002a0                head
                0x200002a4                headGoal
                0x200002a8                rpmKiri
                0x200002ac                errorHead
                0x200002b0                right_mm
                0x200002b4                errorBall
                0x200002b8                movPrev
                0x200002bc                gotoxyFlag
                0x200002c0                movX
                0x200002c4                intErrorHead
                0x200002c8                left_mm
                0x200002cc                gotoHead
                0x200002d0                prevErrorBall
                0x200002d4                derivErrorHead
                0x200002d8                rotateCount
                0x200002dc                ball
                0x200002e0                headCount
                0x200002e4                intErrorBallMaju
                0x200002e8                prevErrorHead
                0x200002ec                derivErrorBallMaju
                0x200002f0                strategyCount
                0x200002f4                intErrorBall
                0x200002f8                prevCompass
                0x200002fc                prevGameState
                0x20000300                movY
                0x20000304                heading
                0x20000308                . = ALIGN (0x4)
                0x20000308                __bss_end__ = .
                0x20000308                _ebss = __bss_end__

.heap           0x20000308        0x0
                0x20000308                __end__ = .
                0x20000308                _end = __end__
                0x20000308                end = __end__
 *(.heap*)
                0x20000308                __HeapLimit = .

.co_stack       0x20000308      0x800 load address 0x08006a58
                0x20000308                . = ALIGN (0x8)
 *(.co_stack .co_stack.*)
 .co_stack      0x20000308      0x800 ..\obj\startup_stm32f4xx.o
                0x20000308                pulStack
                0x20020000                __StackTop = (ORIGIN (ram) + LENGTH (ram))
                0x2001f800                __StackLimit = (__StackTop - SIZEOF (.co_stack))
                [!provide]                PROVIDE (__stack, __StackTop)
                0x00000001                ASSERT ((__StackLimit >= __HeapLimit), region ram  overflowed with stack)
LOAD ..\obj\uart_node.o
LOAD ..\obj\stm32f4xx_syscfg.o
LOAD ..\obj\stm32f4xx_usart.o
LOAD ..\obj\startup_stm32f4xx.o
LOAD ..\obj\pwm_motor.o
LOAD ..\obj\main.o
LOAD ..\obj\stm32f4xx_rcc.o
LOAD ..\obj\tm_stm32f4_hcsr04.o
LOAD ..\obj\printf.o
LOAD ..\obj\tm_stm32f4_rotary_encoder.o
LOAD ..\obj\odometry.o
LOAD ..\obj\tm_stm32f4_delay.o
LOAD ..\obj\stm32f4xx_gpio.o
LOAD ..\obj\mekanisme_penendang.o
LOAD ..\obj\lcd_16x2.o
LOAD ..\obj\system_stm32f4xx.o
LOAD ..\obj\syscalls.o
LOAD ..\obj\uart_camera.o
LOAD ..\obj\stm32f4xx_i2c.o
LOAD ..\obj\speed_control.o
LOAD ..\obj\stm32f4xx_exti.o
LOAD ..\obj\misc.o
LOAD ..\obj\tm_stm32f4_gpio.o
LOAD ..\obj\localization.o
LOAD ..\obj\stm32f4xx_tim.o
LOAD c:/program files (x86)/gnu tools arm embedded/6 2017-q2-update/bin/../lib/gcc/arm-none-eabi/6.3.1/../../../../arm-none-eabi/lib/thumb/v7e-m\libm.a
START GROUP
LOAD c:/program files (x86)/gnu tools arm embedded/6 2017-q2-update/bin/../lib/gcc/arm-none-eabi/6.3.1/thumb/v7e-m\libgcc.a
LOAD c:/program files (x86)/gnu tools arm embedded/6 2017-q2-update/bin/../lib/gcc/arm-none-eabi/6.3.1/../../../../arm-none-eabi/lib/thumb/v7e-m\libg.a
LOAD c:/program files (x86)/gnu tools arm embedded/6 2017-q2-update/bin/../lib/gcc/arm-none-eabi/6.3.1/../../../../arm-none-eabi/lib/thumb/v7e-m\libc.a
END GROUP
OUTPUT(encoder.elf elf32-littlearm)

.debug_info     0x00000000     0xe5ae
 .debug_info    0x00000000     0x1154 ..\obj\uart_node.o
 .debug_info    0x00001154      0x27f ..\obj\stm32f4xx_syscfg.o
 .debug_info    0x000013d3      0x9d1 ..\obj\stm32f4xx_usart.o
 .debug_info    0x00001da4      0x10f ..\obj\startup_stm32f4xx.o
 .debug_info    0x00001eb3      0xfb8 ..\obj\pwm_motor.o
 .debug_info    0x00002e6b      0xac1 ..\obj\main.o
 .debug_info    0x0000392c      0xc6e ..\obj\stm32f4xx_rcc.o
 .debug_info    0x0000459a      0xe67 ..\obj\printf.o
 .debug_info    0x00005401      0xb90 ..\obj\tm_stm32f4_rotary_encoder.o
 .debug_info    0x00005f91      0xd0d ..\obj\odometry.o
 .debug_info    0x00006c9e      0x7b8 ..\obj\tm_stm32f4_delay.o
 .debug_info    0x00007456      0x64a ..\obj\stm32f4xx_gpio.o
 .debug_info    0x00007aa0      0x3b5 ..\obj\mekanisme_penendang.o
 .debug_info    0x00007e55      0x59e ..\obj\lcd_16x2.o
 .debug_info    0x000083f3      0x5cc ..\obj\system_stm32f4xx.o
 .debug_info    0x000089bf      0x75a ..\obj\uart_camera.o
 .debug_info    0x00009119     0x153d ..\obj\speed_control.o
 .debug_info    0x0000a656      0x362 ..\obj\stm32f4xx_exti.o
 .debug_info    0x0000a9b8      0x549 ..\obj\misc.o
 .debug_info    0x0000af01     0x1a3d ..\obj\localization.o
 .debug_info    0x0000c93e     0x1c70 ..\obj\stm32f4xx_tim.o

.debug_abbrev   0x00000000     0x27cf
 .debug_abbrev  0x00000000      0x250 ..\obj\uart_node.o
 .debug_abbrev  0x00000250      0x144 ..\obj\stm32f4xx_syscfg.o
 .debug_abbrev  0x00000394      0x180 ..\obj\stm32f4xx_usart.o
 .debug_abbrev  0x00000514       0xbf ..\obj\startup_stm32f4xx.o
 .debug_abbrev  0x000005d3      0x256 ..\obj\pwm_motor.o
 .debug_abbrev  0x00000829      0x204 ..\obj\main.o
 .debug_abbrev  0x00000a2d      0x1f6 ..\obj\stm32f4xx_rcc.o
 .debug_abbrev  0x00000c23      0x28e ..\obj\printf.o
 .debug_abbrev  0x00000eb1      0x1fa ..\obj\tm_stm32f4_rotary_encoder.o
 .debug_abbrev  0x000010ab      0x1ef ..\obj\odometry.o
 .debug_abbrev  0x0000129a      0x1d8 ..\obj\tm_stm32f4_delay.o
 .debug_abbrev  0x00001472      0x1e1 ..\obj\stm32f4xx_gpio.o
 .debug_abbrev  0x00001653      0x167 ..\obj\mekanisme_penendang.o
 .debug_abbrev  0x000017ba      0x1e6 ..\obj\lcd_16x2.o
 .debug_abbrev  0x000019a0      0x156 ..\obj\system_stm32f4xx.o
 .debug_abbrev  0x00001af6      0x155 ..\obj\uart_camera.o
 .debug_abbrev  0x00001c4b      0x320 ..\obj\speed_control.o
 .debug_abbrev  0x00001f6b      0x1ba ..\obj\stm32f4xx_exti.o
 .debug_abbrev  0x00002125      0x170 ..\obj\misc.o
 .debug_abbrev  0x00002295      0x3a2 ..\obj\localization.o
 .debug_abbrev  0x00002637      0x198 ..\obj\stm32f4xx_tim.o

.debug_aranges  0x00000000      0xc98
 .debug_aranges
                0x00000000       0x38 ..\obj\uart_node.o
 .debug_aranges
                0x00000038       0x48 ..\obj\stm32f4xx_syscfg.o
 .debug_aranges
                0x00000080      0x100 ..\obj\stm32f4xx_usart.o
 .debug_aranges
                0x00000180       0x28 ..\obj\startup_stm32f4xx.o
 .debug_aranges
                0x000001a8       0x38 ..\obj\pwm_motor.o
 .debug_aranges
                0x000001e0       0x20 ..\obj\main.o
 .debug_aranges
                0x00000200      0x178 ..\obj\stm32f4xx_rcc.o
 .debug_aranges
                0x00000378       0xa0 ..\obj\printf.o
 .debug_aranges
                0x00000418       0xd8 ..\obj\tm_stm32f4_rotary_encoder.o
 .debug_aranges
                0x000004f0       0x28 ..\obj\odometry.o
 .debug_aranges
                0x00000518       0x78 ..\obj\tm_stm32f4_delay.o
 .debug_aranges
                0x00000590       0x90 ..\obj\stm32f4xx_gpio.o
 .debug_aranges
                0x00000620       0x68 ..\obj\mekanisme_penendang.o
 .debug_aranges
                0x00000688       0x80 ..\obj\lcd_16x2.o
 .debug_aranges
                0x00000708       0x30 ..\obj\system_stm32f4xx.o
 .debug_aranges
                0x00000738       0x28 ..\obj\uart_camera.o
 .debug_aranges
                0x00000760       0xa8 ..\obj\speed_control.o
 .debug_aranges
                0x00000808       0x58 ..\obj\stm32f4xx_exti.o
 .debug_aranges
                0x00000860       0x40 ..\obj\misc.o
 .debug_aranges
                0x000008a0      0x100 ..\obj\localization.o
 .debug_aranges
                0x000009a0      0x2f8 ..\obj\stm32f4xx_tim.o

.debug_ranges   0x00000000      0xb48
 .debug_ranges  0x00000000       0x28 ..\obj\uart_node.o
 .debug_ranges  0x00000028       0x38 ..\obj\stm32f4xx_syscfg.o
 .debug_ranges  0x00000060       0xf0 ..\obj\stm32f4xx_usart.o
 .debug_ranges  0x00000150       0x18 ..\obj\startup_stm32f4xx.o
 .debug_ranges  0x00000168       0x28 ..\obj\pwm_motor.o
 .debug_ranges  0x00000190       0x10 ..\obj\main.o
 .debug_ranges  0x000001a0      0x168 ..\obj\stm32f4xx_rcc.o
 .debug_ranges  0x00000308       0x90 ..\obj\printf.o
 .debug_ranges  0x00000398       0xc8 ..\obj\tm_stm32f4_rotary_encoder.o
 .debug_ranges  0x00000460       0x18 ..\obj\odometry.o
 .debug_ranges  0x00000478       0x68 ..\obj\tm_stm32f4_delay.o
 .debug_ranges  0x000004e0       0x80 ..\obj\stm32f4xx_gpio.o
 .debug_ranges  0x00000560       0x58 ..\obj\mekanisme_penendang.o
 .debug_ranges  0x000005b8       0x70 ..\obj\lcd_16x2.o
 .debug_ranges  0x00000628       0x20 ..\obj\system_stm32f4xx.o
 .debug_ranges  0x00000648       0x18 ..\obj\uart_camera.o
 .debug_ranges  0x00000660       0x98 ..\obj\speed_control.o
 .debug_ranges  0x000006f8       0x48 ..\obj\stm32f4xx_exti.o
 .debug_ranges  0x00000740       0x30 ..\obj\misc.o
 .debug_ranges  0x00000770       0xf0 ..\obj\localization.o
 .debug_ranges  0x00000860      0x2e8 ..\obj\stm32f4xx_tim.o

.debug_line     0x00000000     0x7648
 .debug_line    0x00000000      0x568 ..\obj\uart_node.o
 .debug_line    0x00000568      0x364 ..\obj\stm32f4xx_syscfg.o
 .debug_line    0x000008cc      0x66f ..\obj\stm32f4xx_usart.o
 .debug_line    0x00000f3b       0xff ..\obj\startup_stm32f4xx.o
 .debug_line    0x0000103a      0x56a ..\obj\pwm_motor.o
 .debug_line    0x000015a4      0x4a9 ..\obj\main.o
 .debug_line    0x00001a4d      0x75b ..\obj\stm32f4xx_rcc.o
 .debug_line    0x000021a8      0x3e5 ..\obj\printf.o
 .debug_line    0x0000258d      0x68a ..\obj\tm_stm32f4_rotary_encoder.o
 .debug_line    0x00002c17      0x4f7 ..\obj\odometry.o
 .debug_line    0x0000310e      0x4bd ..\obj\tm_stm32f4_delay.o
 .debug_line    0x000035cb      0x52a ..\obj\stm32f4xx_gpio.o
 .debug_line    0x00003af5      0x48c ..\obj\mekanisme_penendang.o
 .debug_line    0x00003f81      0x5d0 ..\obj\lcd_16x2.o
 .debug_line    0x00004551      0x363 ..\obj\system_stm32f4xx.o
 .debug_line    0x000048b4      0x434 ..\obj\uart_camera.o
 .debug_line    0x00004ce8      0x6ba ..\obj\speed_control.o
 .debug_line    0x000053a2      0x457 ..\obj\stm32f4xx_exti.o
 .debug_line    0x000057f9      0x3f4 ..\obj\misc.o
 .debug_line    0x00005bed      0xde4 ..\obj\localization.o
 .debug_line    0x000069d1      0xc77 ..\obj\stm32f4xx_tim.o

.debug_str      0x00000000     0x45b1
 .debug_str     0x00000000     0x1048 ..\obj\uart_node.o
                               0x10d4 (size before relaxing)
 .debug_str     0x00001048      0x1d3 ..\obj\stm32f4xx_syscfg.o
                                0x361 (size before relaxing)
 .debug_str     0x0000121b      0x467 ..\obj\stm32f4xx_usart.o
                                0x6fc (size before relaxing)
 .debug_str     0x00001682      0x11f ..\obj\startup_stm32f4xx.o
                                0x1b6 (size before relaxing)
 .debug_str     0x000017a1      0x296 ..\obj\pwm_motor.o
                                0xbe5 (size before relaxing)
 .debug_str     0x00001a37       0x9c ..\obj\main.o
                                0x7fd (size before relaxing)
 .debug_str     0x00001ad3      0x640 ..\obj\stm32f4xx_rcc.o
                                0x8bd (size before relaxing)
 .debug_str     0x00002113      0x170 ..\obj\printf.o
                                0x741 (size before relaxing)
 .debug_str     0x00002283      0x3c0 ..\obj\tm_stm32f4_rotary_encoder.o
                                0xc64 (size before relaxing)
 .debug_str     0x00002643      0x198 ..\obj\odometry.o
                                0x93c (size before relaxing)
 .debug_str     0x000027db      0x22a ..\obj\tm_stm32f4_delay.o
                                0x8f1 (size before relaxing)
 .debug_str     0x00002a05      0x1ea ..\obj\stm32f4xx_gpio.o
                                0x510 (size before relaxing)
 .debug_str     0x00002bef      0x12f ..\obj\mekanisme_penendang.o
                                0x461 (size before relaxing)
 .debug_str     0x00002d1e      0x22e ..\obj\lcd_16x2.o
                                0x56d (size before relaxing)
 .debug_str     0x00002f4c      0x106 ..\obj\system_stm32f4xx.o
                                0x3fc (size before relaxing)
 .debug_str     0x00003052       0xc9 ..\obj\uart_camera.o
                                0xac9 (size before relaxing)
 .debug_str     0x0000311b      0x347 ..\obj\speed_control.o
                               0x1261 (size before relaxing)
 .debug_str     0x00003462      0x15a ..\obj\stm32f4xx_exti.o
                                0x3c6 (size before relaxing)
 .debug_str     0x000035bc      0x160 ..\obj\misc.o
                                0x43b (size before relaxing)
 .debug_str     0x0000371c      0x43a ..\obj\localization.o
                               0x14b1 (size before relaxing)
 .debug_str     0x00003b56      0xa5b ..\obj\stm32f4xx_tim.o
                                0xe3d (size before relaxing)

.comment        0x00000000       0x7f
 .comment       0x00000000       0x7f ..\obj\uart_node.o
                                 0x80 (size before relaxing)
 .comment       0x0000007f       0x80 ..\obj\stm32f4xx_syscfg.o
 .comment       0x0000007f       0x80 ..\obj\stm32f4xx_usart.o
 .comment       0x0000007f       0x80 ..\obj\startup_stm32f4xx.o
 .comment       0x0000007f       0x80 ..\obj\pwm_motor.o
 .comment       0x0000007f       0x80 ..\obj\main.o
 .comment       0x0000007f       0x80 ..\obj\stm32f4xx_rcc.o
 .comment       0x0000007f       0x80 ..\obj\printf.o
 .comment       0x0000007f       0x80 ..\obj\tm_stm32f4_rotary_encoder.o
 .comment       0x0000007f       0x80 ..\obj\odometry.o
 .comment       0x0000007f       0x80 ..\obj\tm_stm32f4_delay.o
 .comment       0x0000007f       0x80 ..\obj\stm32f4xx_gpio.o
 .comment       0x0000007f       0x80 ..\obj\mekanisme_penendang.o
 .comment       0x0000007f       0x80 ..\obj\lcd_16x2.o
 .comment       0x0000007f       0x80 ..\obj\system_stm32f4xx.o
 .comment       0x0000007f       0x80 ..\obj\uart_camera.o
 .comment       0x0000007f       0x80 ..\obj\speed_control.o
 .comment       0x0000007f       0x80 ..\obj\stm32f4xx_exti.o
 .comment       0x0000007f       0x80 ..\obj\misc.o
 .comment       0x0000007f       0x80 ..\obj\localization.o
 .comment       0x0000007f       0x80 ..\obj\stm32f4xx_tim.o

.ARM.attributes
                0x00000000       0x33
 .ARM.attributes
                0x00000000       0x33 ..\obj\uart_node.o
 .ARM.attributes
                0x00000033       0x33 ..\obj\stm32f4xx_syscfg.o
 .ARM.attributes
                0x00000066       0x33 ..\obj\stm32f4xx_usart.o
 .ARM.attributes
                0x00000099       0x33 ..\obj\startup_stm32f4xx.o
 .ARM.attributes
                0x000000cc       0x33 ..\obj\pwm_motor.o
 .ARM.attributes
                0x000000ff       0x33 ..\obj\main.o
 .ARM.attributes
                0x00000132       0x33 ..\obj\stm32f4xx_rcc.o
 .ARM.attributes
                0x00000165       0x33 ..\obj\printf.o
 .ARM.attributes
                0x00000198       0x33 ..\obj\tm_stm32f4_rotary_encoder.o
 .ARM.attributes
                0x000001cb       0x33 ..\obj\odometry.o
 .ARM.attributes
                0x000001fe       0x33 ..\obj\tm_stm32f4_delay.o
 .ARM.attributes
                0x00000231       0x33 ..\obj\stm32f4xx_gpio.o
 .ARM.attributes
                0x00000264       0x33 ..\obj\mekanisme_penendang.o
 .ARM.attributes
                0x00000297       0x33 ..\obj\lcd_16x2.o
 .ARM.attributes
                0x000002ca       0x33 ..\obj\system_stm32f4xx.o
 .ARM.attributes
                0x000002fd       0x33 ..\obj\uart_camera.o
 .ARM.attributes
                0x00000330       0x33 ..\obj\speed_control.o
 .ARM.attributes
                0x00000363       0x33 ..\obj\stm32f4xx_exti.o
 .ARM.attributes
                0x00000396       0x33 ..\obj\misc.o
 .ARM.attributes
                0x000003c9       0x33 ..\obj\localization.o
 .ARM.attributes
                0x000003fc       0x33 ..\obj\stm32f4xx_tim.o
 .ARM.attributes
                0x0000042f       0x2e c:/program files (x86)/gnu tools arm embedded/6 2017-q2-update/bin/../lib/gcc/arm-none-eabi/6.3.1/../../../../arm-none-eabi/lib/thumb/v7e-m\libm.a(lib_a-s_cos.o)
 .ARM.attributes
                0x0000045d       0x2e c:/program files (x86)/gnu tools arm embedded/6 2017-q2-update/bin/../lib/gcc/arm-none-eabi/6.3.1/../../../../arm-none-eabi/lib/thumb/v7e-m\libm.a(lib_a-s_fabs.o)
 .ARM.attributes
                0x0000048b       0x2e c:/program files (x86)/gnu tools arm embedded/6 2017-q2-update/bin/../lib/gcc/arm-none-eabi/6.3.1/../../../../arm-none-eabi/lib/thumb/v7e-m\libm.a(lib_a-s_sin.o)
 .ARM.attributes
                0x000004b9       0x2e c:/program files (x86)/gnu tools arm embedded/6 2017-q2-update/bin/../lib/gcc/arm-none-eabi/6.3.1/../../../../arm-none-eabi/lib/thumb/v7e-m\libm.a(lib_a-e_rem_pio2.o)
 .ARM.attributes
                0x000004e7       0x2e c:/program files (x86)/gnu tools arm embedded/6 2017-q2-update/bin/../lib/gcc/arm-none-eabi/6.3.1/../../../../arm-none-eabi/lib/thumb/v7e-m\libm.a(lib_a-k_cos.o)
 .ARM.attributes
                0x00000515       0x2e c:/program files (x86)/gnu tools arm embedded/6 2017-q2-update/bin/../lib/gcc/arm-none-eabi/6.3.1/../../../../arm-none-eabi/lib/thumb/v7e-m\libm.a(lib_a-k_rem_pio2.o)
 .ARM.attributes
                0x00000543       0x2e c:/program files (x86)/gnu tools arm embedded/6 2017-q2-update/bin/../lib/gcc/arm-none-eabi/6.3.1/../../../../arm-none-eabi/lib/thumb/v7e-m\libm.a(lib_a-k_sin.o)
 .ARM.attributes
                0x00000571       0x2e c:/program files (x86)/gnu tools arm embedded/6 2017-q2-update/bin/../lib/gcc/arm-none-eabi/6.3.1/../../../../arm-none-eabi/lib/thumb/v7e-m\libm.a(lib_a-s_floor.o)
 .ARM.attributes
                0x0000059f       0x2e c:/program files (x86)/gnu tools arm embedded/6 2017-q2-update/bin/../lib/gcc/arm-none-eabi/6.3.1/../../../../arm-none-eabi/lib/thumb/v7e-m\libm.a(lib_a-s_scalbn.o)
 .ARM.attributes
                0x000005cd       0x2e c:/program files (x86)/gnu tools arm embedded/6 2017-q2-update/bin/../lib/gcc/arm-none-eabi/6.3.1/../../../../arm-none-eabi/lib/thumb/v7e-m\libm.a(lib_a-s_copysign.o)
 .ARM.attributes
                0x000005fb       0x1e c:/program files (x86)/gnu tools arm embedded/6 2017-q2-update/bin/../lib/gcc/arm-none-eabi/6.3.1/thumb/v7e-m\libgcc.a(_arm_addsubdf3.o)
 .ARM.attributes
                0x00000619       0x1e c:/program files (x86)/gnu tools arm embedded/6 2017-q2-update/bin/../lib/gcc/arm-none-eabi/6.3.1/thumb/v7e-m\libgcc.a(_arm_muldivdf3.o)
 .ARM.attributes
                0x00000637       0x1e c:/program files (x86)/gnu tools arm embedded/6 2017-q2-update/bin/../lib/gcc/arm-none-eabi/6.3.1/thumb/v7e-m\libgcc.a(_arm_cmpdf2.o)
 .ARM.attributes
                0x00000655       0x1e c:/program files (x86)/gnu tools arm embedded/6 2017-q2-update/bin/../lib/gcc/arm-none-eabi/6.3.1/thumb/v7e-m\libgcc.a(_arm_fixdfsi.o)
 .ARM.attributes
                0x00000673       0x1e c:/program files (x86)/gnu tools arm embedded/6 2017-q2-update/bin/../lib/gcc/arm-none-eabi/6.3.1/thumb/v7e-m\libgcc.a(_arm_truncdfsf2.o)
 .ARM.attributes
                0x00000691       0x1e c:/program files (x86)/gnu tools arm embedded/6 2017-q2-update/bin/../lib/gcc/arm-none-eabi/6.3.1/thumb/v7e-m\libgcc.a(_arm_addsubsf3.o)
 .ARM.attributes
                0x000006af       0x1e c:/program files (x86)/gnu tools arm embedded/6 2017-q2-update/bin/../lib/gcc/arm-none-eabi/6.3.1/thumb/v7e-m\libgcc.a(_arm_muldivsf3.o)
 .ARM.attributes
                0x000006cd       0x1e c:/program files (x86)/gnu tools arm embedded/6 2017-q2-update/bin/../lib/gcc/arm-none-eabi/6.3.1/thumb/v7e-m\libgcc.a(_arm_cmpsf2.o)
 .ARM.attributes
                0x000006eb       0x1e c:/program files (x86)/gnu tools arm embedded/6 2017-q2-update/bin/../lib/gcc/arm-none-eabi/6.3.1/thumb/v7e-m\libgcc.a(_arm_fixsfsi.o)

.debug_frame    0x00000000     0x3940
 .debug_frame   0x00000000       0x88 ..\obj\uart_node.o
 .debug_frame   0x00000088       0xf4 ..\obj\stm32f4xx_syscfg.o
 .debug_frame   0x0000017c      0x490 ..\obj\stm32f4xx_usart.o
 .debug_frame   0x0000060c       0x4c ..\obj\startup_stm32f4xx.o
 .debug_frame   0x00000658       0xa0 ..\obj\pwm_motor.o
 .debug_frame   0x000006f8       0x2c ..\obj\main.o
 .debug_frame   0x00000724      0x6d4 ..\obj\stm32f4xx_rcc.o
 .debug_frame   0x00000df8      0x2dc ..\obj\printf.o
 .debug_frame   0x000010d4      0x358 ..\obj\tm_stm32f4_rotary_encoder.o
 .debug_frame   0x0000142c       0x68 ..\obj\odometry.o
 .debug_frame   0x00001494      0x1b8 ..\obj\tm_stm32f4_delay.o
 .debug_frame   0x0000164c      0x264 ..\obj\stm32f4xx_gpio.o
 .debug_frame   0x000018b0      0x140 ..\obj\mekanisme_penendang.o
 .debug_frame   0x000019f0      0x1d0 ..\obj\lcd_16x2.o
 .debug_frame   0x00001bc0       0x7c ..\obj\system_stm32f4xx.o
 .debug_frame   0x00001c3c       0x50 ..\obj\uart_camera.o
 .debug_frame   0x00001c8c      0x28c ..\obj\speed_control.o
 .debug_frame   0x00001f18      0x148 ..\obj\stm32f4xx_exti.o
 .debug_frame   0x00002060       0xd8 ..\obj\misc.o
 .debug_frame   0x00002138      0x3fc ..\obj\localization.o
 .debug_frame   0x00002534      0xe54 ..\obj\stm32f4xx_tim.o
 .debug_frame   0x00003388       0x38 c:/program files (x86)/gnu tools arm embedded/6 2017-q2-update/bin/../lib/gcc/arm-none-eabi/6.3.1/../../../../arm-none-eabi/lib/thumb/v7e-m\libm.a(lib_a-s_cos.o)
 .debug_frame   0x000033c0       0x20 c:/program files (x86)/gnu tools arm embedded/6 2017-q2-update/bin/../lib/gcc/arm-none-eabi/6.3.1/../../../../arm-none-eabi/lib/thumb/v7e-m\libm.a(lib_a-s_fabs.o)
 .debug_frame   0x000033e0       0x38 c:/program files (x86)/gnu tools arm embedded/6 2017-q2-update/bin/../lib/gcc/arm-none-eabi/6.3.1/../../../../arm-none-eabi/lib/thumb/v7e-m\libm.a(lib_a-s_sin.o)
 .debug_frame   0x00003418       0x48 c:/program files (x86)/gnu tools arm embedded/6 2017-q2-update/bin/../lib/gcc/arm-none-eabi/6.3.1/../../../../arm-none-eabi/lib/thumb/v7e-m\libm.a(lib_a-e_rem_pio2.o)
 .debug_frame   0x00003460       0x4c c:/program files (x86)/gnu tools arm embedded/6 2017-q2-update/bin/../lib/gcc/arm-none-eabi/6.3.1/../../../../arm-none-eabi/lib/thumb/v7e-m\libm.a(lib_a-k_cos.o)
 .debug_frame   0x000034ac       0x50 c:/program files (x86)/gnu tools arm embedded/6 2017-q2-update/bin/../lib/gcc/arm-none-eabi/6.3.1/../../../../arm-none-eabi/lib/thumb/v7e-m\libm.a(lib_a-k_rem_pio2.o)
 .debug_frame   0x000034fc       0x48 c:/program files (x86)/gnu tools arm embedded/6 2017-q2-update/bin/../lib/gcc/arm-none-eabi/6.3.1/../../../../arm-none-eabi/lib/thumb/v7e-m\libm.a(lib_a-k_sin.o)
 .debug_frame   0x00003544       0x34 c:/program files (x86)/gnu tools arm embedded/6 2017-q2-update/bin/../lib/gcc/arm-none-eabi/6.3.1/../../../../arm-none-eabi/lib/thumb/v7e-m\libm.a(lib_a-s_floor.o)
 .debug_frame   0x00003578       0x30 c:/program files (x86)/gnu tools arm embedded/6 2017-q2-update/bin/../lib/gcc/arm-none-eabi/6.3.1/../../../../arm-none-eabi/lib/thumb/v7e-m\libm.a(lib_a-s_scalbn.o)
 .debug_frame   0x000035a8       0x20 c:/program files (x86)/gnu tools arm embedded/6 2017-q2-update/bin/../lib/gcc/arm-none-eabi/6.3.1/../../../../arm-none-eabi/lib/thumb/v7e-m\libm.a(lib_a-s_copysign.o)
 .debug_frame   0x000035c8       0xac c:/program files (x86)/gnu tools arm embedded/6 2017-q2-update/bin/../lib/gcc/arm-none-eabi/6.3.1/thumb/v7e-m\libgcc.a(_arm_addsubdf3.o)
 .debug_frame   0x00003674       0x50 c:/program files (x86)/gnu tools arm embedded/6 2017-q2-update/bin/../lib/gcc/arm-none-eabi/6.3.1/thumb/v7e-m\libgcc.a(_arm_muldivdf3.o)
 .debug_frame   0x000036c4       0xc4 c:/program files (x86)/gnu tools arm embedded/6 2017-q2-update/bin/../lib/gcc/arm-none-eabi/6.3.1/thumb/v7e-m\libgcc.a(_arm_cmpdf2.o)
 .debug_frame   0x00003788       0x24 c:/program files (x86)/gnu tools arm embedded/6 2017-q2-update/bin/../lib/gcc/arm-none-eabi/6.3.1/thumb/v7e-m\libgcc.a(_arm_fixdfsi.o)
 .debug_frame   0x000037ac       0x24 c:/program files (x86)/gnu tools arm embedded/6 2017-q2-update/bin/../lib/gcc/arm-none-eabi/6.3.1/thumb/v7e-m\libgcc.a(_arm_truncdfsf2.o)
 .debug_frame   0x000037d0       0x4c c:/program files (x86)/gnu tools arm embedded/6 2017-q2-update/bin/../lib/gcc/arm-none-eabi/6.3.1/thumb/v7e-m\libgcc.a(_arm_addsubsf3.o)
 .debug_frame   0x0000381c       0x38 c:/program files (x86)/gnu tools arm embedded/6 2017-q2-update/bin/../lib/gcc/arm-none-eabi/6.3.1/thumb/v7e-m\libgcc.a(_arm_muldivsf3.o)
 .debug_frame   0x00003854       0xc8 c:/program files (x86)/gnu tools arm embedded/6 2017-q2-update/bin/../lib/gcc/arm-none-eabi/6.3.1/thumb/v7e-m\libgcc.a(_arm_cmpsf2.o)
 .debug_frame   0x0000391c       0x24 c:/program files (x86)/gnu tools arm embedded/6 2017-q2-update/bin/../lib/gcc/arm-none-eabi/6.3.1/thumb/v7e-m\libgcc.a(_arm_fixsfsi.o)
