Archive member included to satisfy reference by file (symbol)

c:/program files (x86)/gnu tools arm embedded/6 2017-q2-update/bin/../lib/gcc/arm-none-eabi/6.3.1/../../../../arm-none-eabi/lib/thumb/v7e-m\libm.a(lib_a-s_atan.o)
                              ..\obj\localization.o (atan)
c:/program files (x86)/gnu tools arm embedded/6 2017-q2-update/bin/../lib/gcc/arm-none-eabi/6.3.1/../../../../arm-none-eabi/lib/thumb/v7e-m\libm.a(lib_a-s_cos.o)
                              ..\obj\localization.o (cos)
c:/program files (x86)/gnu tools arm embedded/6 2017-q2-update/bin/../lib/gcc/arm-none-eabi/6.3.1/../../../../arm-none-eabi/lib/thumb/v7e-m\libm.a(lib_a-s_fabs.o)
                              c:/program files (x86)/gnu tools arm embedded/6 2017-q2-update/bin/../lib/gcc/arm-none-eabi/6.3.1/../../../../arm-none-eabi/lib/thumb/v7e-m\libm.a(lib_a-s_atan.o) (fabs)
c:/program files (x86)/gnu tools arm embedded/6 2017-q2-update/bin/../lib/gcc/arm-none-eabi/6.3.1/../../../../arm-none-eabi/lib/thumb/v7e-m\libm.a(lib_a-s_sin.o)
                              ..\obj\localization.o (sin)
c:/program files (x86)/gnu tools arm embedded/6 2017-q2-update/bin/../lib/gcc/arm-none-eabi/6.3.1/../../../../arm-none-eabi/lib/thumb/v7e-m\libm.a(lib_a-e_rem_pio2.o)
                              c:/program files (x86)/gnu tools arm embedded/6 2017-q2-update/bin/../lib/gcc/arm-none-eabi/6.3.1/../../../../arm-none-eabi/lib/thumb/v7e-m\libm.a(lib_a-s_cos.o) (__ieee754_rem_pio2)
c:/program files (x86)/gnu tools arm embedded/6 2017-q2-update/bin/../lib/gcc/arm-none-eabi/6.3.1/../../../../arm-none-eabi/lib/thumb/v7e-m\libm.a(lib_a-k_cos.o)
                              c:/program files (x86)/gnu tools arm embedded/6 2017-q2-update/bin/../lib/gcc/arm-none-eabi/6.3.1/../../../../arm-none-eabi/lib/thumb/v7e-m\libm.a(lib_a-s_cos.o) (__kernel_cos)
c:/program files (x86)/gnu tools arm embedded/6 2017-q2-update/bin/../lib/gcc/arm-none-eabi/6.3.1/../../../../arm-none-eabi/lib/thumb/v7e-m\libm.a(lib_a-k_rem_pio2.o)
                              c:/program files (x86)/gnu tools arm embedded/6 2017-q2-update/bin/../lib/gcc/arm-none-eabi/6.3.1/../../../../arm-none-eabi/lib/thumb/v7e-m\libm.a(lib_a-e_rem_pio2.o) (__kernel_rem_pio2)
c:/program files (x86)/gnu tools arm embedded/6 2017-q2-update/bin/../lib/gcc/arm-none-eabi/6.3.1/../../../../arm-none-eabi/lib/thumb/v7e-m\libm.a(lib_a-k_sin.o)
                              c:/program files (x86)/gnu tools arm embedded/6 2017-q2-update/bin/../lib/gcc/arm-none-eabi/6.3.1/../../../../arm-none-eabi/lib/thumb/v7e-m\libm.a(lib_a-s_cos.o) (__kernel_sin)
c:/program files (x86)/gnu tools arm embedded/6 2017-q2-update/bin/../lib/gcc/arm-none-eabi/6.3.1/../../../../arm-none-eabi/lib/thumb/v7e-m\libm.a(lib_a-s_floor.o)
                              c:/program files (x86)/gnu tools arm embedded/6 2017-q2-update/bin/../lib/gcc/arm-none-eabi/6.3.1/../../../../arm-none-eabi/lib/thumb/v7e-m\libm.a(lib_a-k_rem_pio2.o) (floor)
c:/program files (x86)/gnu tools arm embedded/6 2017-q2-update/bin/../lib/gcc/arm-none-eabi/6.3.1/../../../../arm-none-eabi/lib/thumb/v7e-m\libm.a(lib_a-s_scalbn.o)
                              c:/program files (x86)/gnu tools arm embedded/6 2017-q2-update/bin/../lib/gcc/arm-none-eabi/6.3.1/../../../../arm-none-eabi/lib/thumb/v7e-m\libm.a(lib_a-k_rem_pio2.o) (scalbn)
c:/program files (x86)/gnu tools arm embedded/6 2017-q2-update/bin/../lib/gcc/arm-none-eabi/6.3.1/../../../../arm-none-eabi/lib/thumb/v7e-m\libm.a(lib_a-s_copysign.o)
                              c:/program files (x86)/gnu tools arm embedded/6 2017-q2-update/bin/../lib/gcc/arm-none-eabi/6.3.1/../../../../arm-none-eabi/lib/thumb/v7e-m\libm.a(lib_a-s_scalbn.o) (copysign)
c:/program files (x86)/gnu tools arm embedded/6 2017-q2-update/bin/../lib/gcc/arm-none-eabi/6.3.1/thumb/v7e-m\libgcc.a(_arm_addsubdf3.o)
                              c:/program files (x86)/gnu tools arm embedded/6 2017-q2-update/bin/../lib/gcc/arm-none-eabi/6.3.1/../../../../arm-none-eabi/lib/thumb/v7e-m\libm.a(lib_a-s_atan.o) (__aeabi_dsub)
c:/program files (x86)/gnu tools arm embedded/6 2017-q2-update/bin/../lib/gcc/arm-none-eabi/6.3.1/thumb/v7e-m\libgcc.a(_arm_muldivdf3.o)
                              ..\obj\speed_control.o (__aeabi_dmul)
c:/program files (x86)/gnu tools arm embedded/6 2017-q2-update/bin/../lib/gcc/arm-none-eabi/6.3.1/thumb/v7e-m\libgcc.a(_arm_cmpdf2.o)
                              c:/program files (x86)/gnu tools arm embedded/6 2017-q2-update/bin/../lib/gcc/arm-none-eabi/6.3.1/../../../../arm-none-eabi/lib/thumb/v7e-m\libm.a(lib_a-e_rem_pio2.o) (__aeabi_dcmpeq)
c:/program files (x86)/gnu tools arm embedded/6 2017-q2-update/bin/../lib/gcc/arm-none-eabi/6.3.1/thumb/v7e-m\libgcc.a(_arm_fixdfsi.o)
                              ..\obj\speed_control.o (__aeabi_d2iz)
c:/program files (x86)/gnu tools arm embedded/6 2017-q2-update/bin/../lib/gcc/arm-none-eabi/6.3.1/thumb/v7e-m\libgcc.a(_arm_truncdfsf2.o)
[...]
Memory Configuration

Name             Origin             Length             Attributes
rom              0x08000000         0x00100000         xr
ram              0x20000000         0x00020000         xrw
ram1             0x10000000         0x00010000         xrw
*default*        0x00000000         0xffffffff

Linker script and memory map

                0x20020000                _eram = 0x20020000

.text           0x08000000     0x6a38
 *(.isr_vector)
 .isr_vector    0x08000000      0x188 ..\obj\startup_stm32f4xx.o
                0x08000000                g_pfnVectors
 *(.text*)
 .text.init_USART
                0x08000188       0xc8 ..\obj\uart_node.o
                0x08000188                init_USART
 .text.USART2_IRQHandler
                0x08000250       0x94 ..\obj\uart_node.o
                0x08000250                USART2_IRQHandler
 .text.init_node
                0x080002e4        0xc ..\obj\uart_node.o
                0x080002e4                init_node
 .text.SYSCFG_EXTILineConfig
                0x080002f0       0x84 ..\obj\stm32f4xx_syscfg.o
                0x080002f0                SYSCFG_EXTILineConfig
 .text.USART_DeInit
                0x08000374       0xd4 ..\obj\stm32f4xx_usart.o
                0x08000374                USART_DeInit
 .text.USART_Init
                0x08000448      0x174 ..\obj\stm32f4xx_usart.o
                0x08000448                USART_Init
 .text.USART_Cmd
                0x080005bc       0x3e ..\obj\stm32f4xx_usart.o
                0x080005bc                USART_Cmd
 .text.USART_SendData
                0x080005fa       0x22 ..\obj\stm32f4xx_usart.o
                0x080005fa                USART_SendData
 .text.USART_ReceiveData
                0x0800061c       0x1e ..\obj\stm32f4xx_usart.o
                0x0800061c                USART_ReceiveData
 .text.USART_ITConfig
                0x0800063a       0x8e ..\obj\stm32f4xx_usart.o
                0x0800063a                USART_ITConfig
 .text.USART_GetITStatus
                0x080006c8       0xb4 ..\obj\stm32f4xx_usart.o
                0x080006c8                USART_GetITStatus
 .text.Default_Reset_Handler
                0x0800077c       0x60 ..\obj\startup_stm32f4xx.o
                0x0800077c                Default_Reset_Handler
                0x0800077c                Reset_Handler
 .text.Default_Handler
                0x080007dc        0x6 ..\obj\startup_stm32f4xx.o
                0x080007dc                RTC_Alarm_IRQHandler
                0x080007dc                HASH_RNG_IRQHandler
                0x080007dc                TIM8_CC_IRQHandler
                0x080007dc                DebugMon_Handler
                0x080007dc                TIM1_CC_IRQHandler
                0x080007dc                DMA2_Stream5_IRQHandler
                0x080007dc                HardFault_Handler
                0x080007dc                DMA1_Stream5_IRQHandler
                0x080007dc                PVD_IRQHandler
                0x080007dc                SDIO_IRQHandler
                0x080007dc                TAMP_STAMP_IRQHandler
                0x080007dc                PendSV_Handler
                0x080007dc                NMI_Handler
                0x080007dc                CAN2_RX1_IRQHandler
                0x080007dc                TIM8_TRG_COM_TIM14_IRQHandler
                0x080007dc                TIM1_UP_TIM10_IRQHandler
                0x080007dc                TIM8_UP_TIM13_IRQHandler
                0x080007dc                I2C3_ER_IRQHandler
                0x080007dc                I2C2_EV_IRQHandler
                0x080007dc                DMA1_Stream2_IRQHandler
                0x080007dc                CAN1_RX0_IRQHandler
                0x080007dc                FPU_IRQHandler
                0x080007dc                OTG_HS_WKUP_IRQHandler
                0x080007dc                UsageFault_Handler
                0x080007dc                CAN2_SCE_IRQHandler
                0x080007dc                DMA2_Stream2_IRQHandler
                0x080007dc                SPI1_IRQHandler
                0x080007dc                TIM6_DAC_IRQHandler
                0x080007dc                TIM1_BRK_TIM9_IRQHandler
                0x080007dc                DCMI_IRQHandler
                0x080007dc                CAN2_RX0_IRQHandler
                0x080007dc                DMA2_Stream3_IRQHandler
                0x080007dc                USART6_IRQHandler
                0x080007dc                CRYP_IRQHandler
                0x080007dc                CAN1_RX1_IRQHandler
                0x080007dc                UART5_IRQHandler
                0x080007dc                DMA2_Stream0_IRQHandler
                0x080007dc                TIM4_IRQHandler
                0x080007dc                I2C1_EV_IRQHandler
                0x080007dc                DMA1_Stream6_IRQHandler
                0x080007dc                DMA1_Stream1_IRQHandler
                0x080007dc                TIM3_IRQHandler
                0x080007dc                RCC_IRQHandler
                0x080007dc                TIM8_BRK_TIM12_IRQHandler
                0x080007dc                EXTI15_10_IRQHandler
                0x080007dc                ADC_IRQHandler
                0x080007dc                DMA1_Stream7_IRQHandler
                0x080007dc                TIM7_IRQHandler
                0x080007dc                CAN2_TX_IRQHandler
                0x080007dc                DMA2_Stream7_IRQHandler
                0x080007dc                I2C3_EV_IRQHandler
                0x080007dc                RTC_WKUP_IRQHandler
                0x080007dc                ETH_WKUP_IRQHandler
                0x080007dc                SPI2_IRQHandler
                0x080007dc                OTG_HS_EP1_IN_IRQHandler
                0x080007dc                MemManage_Handler
                0x080007dc                DMA1_Stream0_IRQHandler
                0x080007dc                CAN1_TX_IRQHandler
                0x080007dc                SVC_Handler
                0x080007dc                EXTI4_IRQHandler
                0x080007dc                FSMC_IRQHandler
                0x080007dc                ETH_IRQHandler
                0x080007dc                OTG_HS_EP1_OUT_IRQHandler
                0x080007dc                WWDG_IRQHandler
                0x080007dc                OTG_FS_WKUP_IRQHandler
                0x080007dc                TIM1_TRG_COM_TIM11_IRQHandler
                0x080007dc                OTG_HS_IRQHandler
                0x080007dc                I2C2_ER_IRQHandler
                0x080007dc                DMA2_Stream1_IRQHandler
                0x080007dc                CAN1_SCE_IRQHandler
                0x080007dc                FLASH_IRQHandler
                0x080007dc                DMA2_Stream4_IRQHandler
                0x080007dc                BusFault_Handler
                0x080007dc                USART1_IRQHandler
                0x080007dc                OTG_FS_IRQHandler
                0x080007dc                SPI3_IRQHandler
                0x080007dc                DMA1_Stream4_IRQHandler
                0x080007dc                I2C1_ER_IRQHandler
                0x080007dc                DMA2_Stream6_IRQHandler
                0x080007dc                DMA1_Stream3_IRQHandler
 *fill*         0x080007e2        0x2 
 .text.TM_TIMER_Init
                0x080007e4       0x44 ..\obj\pwm_motor.o
                0x080007e4                TM_TIMER_Init
 .text.TM_TIMER_Init_penendang
                0x08000828       0x44 ..\obj\pwm_motor.o
                0x08000828                TM_TIMER_Init_penendang
 .text.init_pwm
                0x0800086c       0x88 ..\obj\pwm_motor.o
                0x0800086c                init_pwm
 .text.init_pwm_penendang
                0x080008f4       0x88 ..\obj\pwm_motor.o
                0x080008f4                init_pwm_penendang
 .text.init_motor
                0x0800097c       0xbc ..\obj\pwm_motor.o
                0x0800097c                init_motor
 .text.init_motor_penendang
                0x08000a38       0xa0 ..\obj\pwm_motor.o
                0x08000a38                init_motor_penendang
 .text.motorDC  0x08000ad8      0x138 ..\obj\pwm_motor.o
                0x08000ad8                motorDC
 .text.penendang
                0x08000c10       0x68 ..\obj\pwm_motor.o
                0x08000c10                penendang
 .text.main     0x08000c78       0x7c ..\obj\main.o
                0x08000c78                main
 .text.RCC_HSEConfig
                0x08000cf4       0x24 ..\obj\stm32f4xx_rcc.o
                0x08000cf4                RCC_HSEConfig
 .text.RCC_WaitForHSEStartUp
                0x08000d18       0x50 ..\obj\stm32f4xx_rcc.o
                0x08000d18                RCC_WaitForHSEStartUp
 .text.RCC_GetClocksFreq
                0x08000d68      0x150 ..\obj\stm32f4xx_rcc.o
                0x08000d68                RCC_GetClocksFreq
 .text.RCC_AHB1PeriphClockCmd
                0x08000eb8       0x3c ..\obj\stm32f4xx_rcc.o
                0x08000eb8                RCC_AHB1PeriphClockCmd
 .text.RCC_APB1PeriphClockCmd
                0x08000ef4       0x3c ..\obj\stm32f4xx_rcc.o
                0x08000ef4                RCC_APB1PeriphClockCmd
 .text.RCC_APB2PeriphClockCmd
                0x08000f30       0x3c ..\obj\stm32f4xx_rcc.o
                0x08000f30                RCC_APB2PeriphClockCmd
 .text.RCC_APB1PeriphResetCmd
                0x08000f6c       0x3c ..\obj\stm32f4xx_rcc.o
                0x08000f6c                RCC_APB1PeriphResetCmd
 .text.RCC_APB2PeriphResetCmd
                0x08000fa8       0x3c ..\obj\stm32f4xx_rcc.o
                0x08000fa8                RCC_APB2PeriphResetCmd
 .text.RCC_GetFlagStatus
                0x08000fe4       0x74 ..\obj\stm32f4xx_rcc.o
                0x08000fe4                RCC_GetFlagStatus
 .text.PutChar  0x08001058       0x1e ..\obj\printf.o
                0x08001058                PutChar
 .text.PutString
                0x08001076       0x3a ..\obj\printf.o
                0x08001076                PutString
 .text.PutUnsignedInt
                0x080010b0       0x9c ..\obj\printf.o
                0x080010b0                PutUnsignedInt
 .text.PutSignedInt
                0x0800114c       0xf8 ..\obj\printf.o
                0x0800114c                PutSignedInt
 .text.PutHexa  0x08001244       0xd4 ..\obj\printf.o
                0x08001244                PutHexa
 .text.vsnprintf
                0x08001318      0x254 ..\obj\printf.o
                0x08001318                vsnprintf
 .text.vsprintf
                0x0800156c       0x22 ..\obj\printf.o
                0x0800156c                vsprintf
 .text.sprintf  0x0800158e       0x2c ..\obj\printf.o
                0x0800158e                sprintf
 *fill*         0x080015ba        0x2 
 .text.TM_RE_Init
                0x080015bc       0xa8 ..\obj\tm_stm32f4_rotary_encoder.o
                0x080015bc                TM_RE_Init
 .text.InitSecondEncoder
                0x08001664       0xa8 ..\obj\tm_stm32f4_rotary_encoder.o
                0x08001664                InitSecondEncoder
 .text.InitThirdEncoder
                0x0800170c       0xa8 ..\obj\tm_stm32f4_rotary_encoder.o
                0x0800170c                InitThirdEncoder
 .text.InitFourthEncoder
                0x080017b4       0xa8 ..\obj\tm_stm32f4_rotary_encoder.o
                0x080017b4                InitFourthEncoder
 .text.InitKickerEncoder
                0x0800185c       0xb0 ..\obj\tm_stm32f4_rotary_encoder.o
                0x0800185c                InitKickerEncoder
 .text.TM_RE_Get
                0x0800190c       0x58 ..\obj\tm_stm32f4_rotary_encoder.o
                0x0800190c                TM_RE_Get
 .text.SecondGet
                0x08001964       0x58 ..\obj\tm_stm32f4_rotary_encoder.o
                0x08001964                SecondGet
 .text.ThirdGet
                0x080019bc       0x58 ..\obj\tm_stm32f4_rotary_encoder.o
                0x080019bc                ThirdGet
 .text.FourthGet
                0x08001a14       0x58 ..\obj\tm_stm32f4_rotary_encoder.o
                0x08001a14                FourthGet
 .text.KickerGet
                0x08001a6c       0x58 ..\obj\tm_stm32f4_rotary_encoder.o
                0x08001a6c                KickerGet
 .text.TM_RE_Process
                0x08001ac4       0x68 ..\obj\tm_stm32f4_rotary_encoder.o
                0x08001ac4                TM_RE_Process
 .text.SecondProcess
                0x08001b2c       0x68 ..\obj\tm_stm32f4_rotary_encoder.o
                0x08001b2c                SecondProcess
 .text.ThirdProcess
                0x08001b94       0x68 ..\obj\tm_stm32f4_rotary_encoder.o
                0x08001b94                ThirdProcess
 .text.FourthProcess
                0x08001bfc       0x68 ..\obj\tm_stm32f4_rotary_encoder.o
                0x08001bfc                FourthProcess
 .text.KickerProcess
                0x08001c64       0x6c ..\obj\tm_stm32f4_rotary_encoder.o
                0x08001c64                KickerProcess
 .text.EXTI0_IRQHandler
                0x08001cd0       0x1e ..\obj\tm_stm32f4_rotary_encoder.o
                0x08001cd0                EXTI0_IRQHandler
 .text.EXTI1_IRQHandler
                0x08001cee       0x1e ..\obj\tm_stm32f4_rotary_encoder.o
                0x08001cee                EXTI1_IRQHandler
 .text.EXTI2_IRQHandler
                0x08001d0c       0x1e ..\obj\tm_stm32f4_rotary_encoder.o
                0x08001d0c                EXTI2_IRQHandler
 .text.EXTI3_IRQHandler
                0x08001d2a       0x1e ..\obj\tm_stm32f4_rotary_encoder.o
                0x08001d2a                EXTI3_IRQHandler
 .text.EXTI9_5_IRQHandler
                0x08001d48       0x22 ..\obj\tm_stm32f4_rotary_encoder.o
                0x08001d48                EXTI9_5_IRQHandler
 *fill*         0x08001d6a        0x2 
 .text.NVIC_SetPriority
                0x08001d6c       0x54 ..\obj\tm_stm32f4_delay.o
 .text.SysTick_Config
                0x08001dc0       0x44 ..\obj\tm_stm32f4_delay.o
 .text.Delayms  0x08001e04       0x30 ..\obj\tm_stm32f4_delay.o
                0x08001e04                Delayms
 .text.SysTick_Handler
                0x08001e34       0x48 ..\obj\tm_stm32f4_delay.o
                0x08001e34                SysTick_Handler
 .text.TM_DELAY_Init
                0x08001e7c       0x50 ..\obj\tm_stm32f4_delay.o
                0x08001e7c                TM_DELAY_Init
 .text.UART4_IRQHandler
                0x08001ecc       0x84 ..\obj\uart_line.o
                0x08001ecc                UART4_IRQHandler
 .text.GPIO_Init
                0x08001f50      0x11a ..\obj\stm32f4xx_gpio.o
                0x08001f50                GPIO_Init
 .text.GPIO_ReadInputDataBit
                0x0800206a       0x32 ..\obj\stm32f4xx_gpio.o
                0x0800206a                GPIO_ReadInputDataBit
 .text.GPIO_SetBits
                0x0800209c       0x1c ..\obj\stm32f4xx_gpio.o
                0x0800209c                GPIO_SetBits
 .text.GPIO_ResetBits
                0x080020b8       0x1c ..\obj\stm32f4xx_gpio.o
                0x080020b8                GPIO_ResetBits
 .text.GPIO_PinAFConfig
                0x080020d4       0x90 ..\obj\stm32f4xx_gpio.o
                0x080020d4                GPIO_PinAFConfig
 .text.init_handle
                0x08002164       0x3c ..\obj\mekanisme_penendang.o
                0x08002164                init_handle
 .text.init_penendang
                0x080021a0       0x64 ..\obj\mekanisme_penendang.o
                0x080021a0                init_penendang
 .text.handleRotateIn
                0x08002204       0x30 ..\obj\mekanisme_penendang.o
                0x08002204                handleRotateIn
 .text.handleRotateOut
                0x08002234       0x30 ..\obj\mekanisme_penendang.o
                0x08002234                handleRotateOut
 .text.handleOff
                0x08002264       0x30 ..\obj\mekanisme_penendang.o
                0x08002264                handleOff
 .text.kickBall
                0x08002294       0x24 ..\obj\mekanisme_penendang.o
                0x08002294                kickBall
 .text.shootball
                0x080022b8       0xc4 ..\obj\mekanisme_penendang.o
                0x080022b8                shootball
 .text.kick     0x0800237c       0x30 ..\obj\mekanisme_penendang.o
                0x0800237c                kick
 .text.lcd_init
                0x080023ac       0x3c ..\obj\lcd_16x2.o
                0x080023ac                lcd_init
 .text.lcd_clear
                0x080023e8       0x16 ..\obj\lcd_16x2.o
                0x080023e8                lcd_clear
 .text.lcd_putsf
                0x080023fe       0x3e ..\obj\lcd_16x2.o
                0x080023fe                lcd_putsf
 .text.P_LCD_2x16_InitIO
                0x0800243c       0xa8 ..\obj\lcd_16x2.o
                0x0800243c                P_LCD_2x16_InitIO
 .text.P_LCD_2x16_PinLo
                0x080024e4       0x40 ..\obj\lcd_16x2.o
                0x080024e4                P_LCD_2x16_PinLo
 .text.P_LCD_2x16_PinHi
                0x08002524       0x40 ..\obj\lcd_16x2.o
                0x08002524                P_LCD_2x16_PinHi
 .text.P_LCD_2x16_Clk
                0x08002564       0x24 ..\obj\lcd_16x2.o
                0x08002564                P_LCD_2x16_Clk
 .text.P_LCD_2x16_InitSequenz
                0x08002588       0x68 ..\obj\lcd_16x2.o
                0x08002588                P_LCD_2x16_InitSequenz
 .text.P_LCD_2x16_Cmd
                0x080025f0       0xde ..\obj\lcd_16x2.o
                0x080025f0                P_LCD_2x16_Cmd
 .text.P_LCD_2x16_Data
                0x080026ce       0xde ..\obj\lcd_16x2.o
                0x080026ce                P_LCD_2x16_Data
 .text.lcd_gotoxy
                0x080027ac       0x4a ..\obj\lcd_16x2.o
                0x080027ac                lcd_gotoxy
 .text.P_LCD_2x16_Delay
                0x080027f6       0x1e ..\obj\lcd_16x2.o
                0x080027f6                P_LCD_2x16_Delay
 .text.init_menu
                0x08002814       0x3c ..\obj\lcd_16x2.o
                0x08002814                init_menu
 .text.SystemInit
                0x08002850       0x5c ..\obj\system_stm32f4xx.o
                0x08002850                SystemInit
 .text.SetSysClock
                0x080028ac       0xf4 ..\obj\system_stm32f4xx.o
 .text.init_camera
                0x080029a0       0xb8 ..\obj\uart_camera.o
                0x080029a0                init_camera
 .text.USART3_IRQHandler
                0x08002a58       0xf8 ..\obj\uart_camera.o
                0x08002a58                USART3_IRQHandler
 .text.changeStartHeading
                0x08002b50       0x20 ..\obj\speed_control.o
                0x08002b50                changeStartHeading
 .text.InitializeTimer
                0x08002b70       0x4e ..\obj\speed_control.o
                0x08002b70                InitializeTimer
 .text.EnableTimerInterrupt
                0x08002bbe       0x26 ..\obj\speed_control.o
                0x08002bbe                EnableTimerInterrupt
 *fill*         0x08002be4        0x4 
 .text.TIM2_IRQHandler
                0x08002be8      0x710 ..\obj\speed_control.o
                0x08002be8                TIM2_IRQHandler
 .text.motorSpeed
                0x080032f8       0x48 ..\obj\speed_control.o
                0x080032f8                motorSpeed
 .text.init_speed_control
                0x08003340       0x4c ..\obj\speed_control.o
                0x08003340                init_speed_control
 .text.maju     0x0800338c       0x38 ..\obj\speed_control.o
                0x0800338c                maju
 .text.mundur   0x080033c4       0x30 ..\obj\speed_control.o
                0x080033c4                mundur
 .text.kanan    0x080033f4       0x34 ..\obj\speed_control.o
                0x080033f4                kanan
 .text.kiri     0x08003428       0x30 ..\obj\speed_control.o
                0x08003428                kiri
 .text.rotateClockWise
                0x08003458       0x3c ..\obj\speed_control.o
                0x08003458                rotateClockWise
 .text.rotateAntiClockWise
                0x08003494       0x28 ..\obj\speed_control.o
                0x08003494                rotateAntiClockWise
 .text.EXTI_Init
                0x080034bc       0xe4 ..\obj\stm32f4xx_exti.o
                0x080034bc                EXTI_Init
 .text.EXTI_GetITStatus
                0x080035a0       0x48 ..\obj\stm32f4xx_exti.o
                0x080035a0                EXTI_GetITStatus
 .text.EXTI_ClearITPendingBit
                0x080035e8       0x1c ..\obj\stm32f4xx_exti.o
                0x080035e8                EXTI_ClearITPendingBit
 .text.NVIC_Init
                0x08003604       0xc4 ..\obj\misc.o
                0x08003604                NVIC_Init
 .text.startMain
                0x080036c8      0x228 ..\obj\localization.o
                0x080036c8                startMain
 .text.printData
                0x080038f0       0x98 ..\obj\localization.o
                0x080038f0                printData
 .text.init_proximity
                0x08003988       0x48 ..\obj\localization.o
                0x08003988                init_proximity
 .text.getBallNew
                0x080039d0      0x140 ..\obj\localization.o
                0x080039d0                getBallNew
 .text.PID      0x08003b10      0x11c ..\obj\localization.o
                0x08003b10                PID
 .text.gotoHeadZero
                0x08003c2c       0x54 ..\obj\localization.o
                0x08003c2c                gotoHeadZero
 .text.gotoHeadBack
                0x08003c80      0x118 ..\obj\localization.o
                0x08003c80                gotoHeadBack
 .text.getCoor  0x08003d98       0xfc ..\obj\localization.o
                0x08003d98                getCoor
 .text.LCD_InitializeTimer
                0x08003e94       0x50 ..\obj\localization.o
                0x08003e94                LCD_InitializeTimer
 .text.LCD_EnableTimerInterrupt
                0x08003ee4       0x26 ..\obj\localization.o
                0x08003ee4                LCD_EnableTimerInterrupt
 *fill*         0x08003f0a        0x2 
 .text.TIM5_IRQHandler
                0x08003f0c       0x28 ..\obj\localization.o
                0x08003f0c                TIM5_IRQHandler
 .text.init_lcdTimer
                0x08003f34       0x10 ..\obj\localization.o
                0x08003f34                init_lcdTimer
 .text.TIM_TimeBaseInit
                0x08003f44       0xd4 ..\obj\stm32f4xx_tim.o
                0x08003f44                TIM_TimeBaseInit
 .text.TIM_Cmd  0x08004018       0x3e ..\obj\stm32f4xx_tim.o
                0x08004018                TIM_Cmd
 *fill*         0x08004056        0x2 
 .text.TIM_OC1Init
                0x08004058       0xf4 ..\obj\stm32f4xx_tim.o
                0x08004058                TIM_OC1Init
 .text.TIM_OC2Init
                0x0800414c      0x110 ..\obj\stm32f4xx_tim.o
                0x0800414c                TIM_OC2Init
 .text.TIM_OC3Init
                0x0800425c      0x10c ..\obj\stm32f4xx_tim.o
                0x0800425c                TIM_OC3Init
 .text.TIM_OC4Init
                0x08004368       0xcc ..\obj\stm32f4xx_tim.o
                0x08004368                TIM_OC4Init
 .text.TIM_OC1PreloadConfig
                0x08004434       0x36 ..\obj\stm32f4xx_tim.o
                0x08004434                TIM_OC1PreloadConfig
 .text.TIM_OC2PreloadConfig
                0x0800446a       0x3a ..\obj\stm32f4xx_tim.o
                0x0800446a                TIM_OC2PreloadConfig
 .text.TIM_OC3PreloadConfig
                0x080044a4       0x36 ..\obj\stm32f4xx_tim.o
                0x080044a4                TIM_OC3PreloadConfig
 .text.TIM_OC4PreloadConfig
                0x080044da       0x3a ..\obj\stm32f4xx_tim.o
                0x080044da                TIM_OC4PreloadConfig
 .text.TIM_ITConfig
                0x08004514       0x46 ..\obj\stm32f4xx_tim.o
                0x08004514                TIM_ITConfig
 .text.TIM_GetITStatus
                0x0800455a       0x52 ..\obj\stm32f4xx_tim.o
                0x0800455a                TIM_GetITStatus
 .text.TIM_ClearITPendingBit
                0x080045ac       0x20 ..\obj\stm32f4xx_tim.o
                0x080045ac                TIM_ClearITPendingBit
 .text.cos      0x080045cc       0x94 c:/program files (x86)/gnu tools arm embedded/6 2017-q2-update/bin/../lib/gcc/arm-none-eabi/6.3.1/../../../../arm-none-eabi/lib/thumb/v7e-m\libm.a(lib_a-s_cos.o)
                0x080045cc                cos
 .text.fabs     0x08004660        0x8 c:/program files (x86)/gnu tools arm embedded/6 2017-q2-update/bin/../lib/gcc/arm-none-eabi/6.3.1/../../../../arm-none-eabi/lib/thumb/v7e-m\libm.a(lib_a-s_fabs.o)
                0x08004660                fabs
 .text.sin      0x08004668       0x88 c:/program files (x86)/gnu tools arm embedded/6 2017-q2-update/bin/../lib/gcc/arm-none-eabi/6.3.1/../../../../arm-none-eabi/lib/thumb/v7e-m\libm.a(lib_a-s_sin.o)
                0x08004668                sin
 .text.__ieee754_rem_pio2
                0x080046f0      0x444 c:/program files (x86)/gnu tools arm embedded/6 2017-q2-update/bin/../lib/gcc/arm-none-eabi/6.3.1/../../../../arm-none-eabi/lib/thumb/v7e-m\libm.a(lib_a-e_rem_pio2.o)
                0x080046f0                __ieee754_rem_pio2
 *fill*         0x08004b34        0x4 
 .text.__kernel_cos
                0x08004b38      0x248 c:/program files (x86)/gnu tools arm embedded/6 2017-q2-update/bin/../lib/gcc/arm-none-eabi/6.3.1/../../../../arm-none-eabi/lib/thumb/v7e-m\libm.a(lib_a-k_cos.o)
                0x08004b38                __kernel_cos
 .text.__kernel_rem_pio2
                0x08004d80      0x88c c:/program files (x86)/gnu tools arm embedded/6 2017-q2-update/bin/../lib/gcc/arm-none-eabi/6.3.1/../../../../arm-none-eabi/lib/thumb/v7e-m\libm.a(lib_a-k_rem_pio2.o)
                0x08004d80                __kernel_rem_pio2
 *fill*         0x0800560c        0x4 
 .text.__kernel_sin
                0x08005610      0x16c c:/program files (x86)/gnu tools arm embedded/6 2017-q2-update/bin/../lib/gcc/arm-none-eabi/6.3.1/../../../../arm-none-eabi/lib/thumb/v7e-m\libm.a(lib_a-k_sin.o)
                0x08005610                __kernel_sin
 *fill*         0x0800577c        0x4 
 .text.floor    0x08005780      0x118 c:/program files (x86)/gnu tools arm embedded/6 2017-q2-update/bin/../lib/gcc/arm-none-eabi/6.3.1/../../../../arm-none-eabi/lib/thumb/v7e-m\libm.a(lib_a-s_floor.o)
                0x08005780                floor
 .text.scalbn   0x08005898       0xfc c:/program files (x86)/gnu tools arm embedded/6 2017-q2-update/bin/../lib/gcc/arm-none-eabi/6.3.1/../../../../arm-none-eabi/lib/thumb/v7e-m\libm.a(lib_a-s_scalbn.o)
                0x08005898                scalbn
 .text.copysign
                0x08005994       0x10 c:/program files (x86)/gnu tools arm embedded/6 2017-q2-update/bin/../lib/gcc/arm-none-eabi/6.3.1/../../../../arm-none-eabi/lib/thumb/v7e-m\libm.a(lib_a-s_copysign.o)
                0x08005994                copysign
 .text          0x080059a4      0x370 c:/program files (x86)/gnu tools arm embedded/6 2017-q2-update/bin/../lib/gcc/arm-none-eabi/6.3.1/thumb/v7e-m\libgcc.a(_arm_addsubdf3.o)
                0x080059a4                __aeabi_drsub
                0x080059ac                __aeabi_dsub
                0x080059ac                __subdf3
                0x080059b0                __aeabi_dadd
                0x080059b0                __adddf3
                0x08005c28                __floatunsidf
                0x08005c28                __aeabi_ui2d
                0x08005c48                __floatsidf
                0x08005c48                __aeabi_i2d
                0x08005c6c                __aeabi_f2d
                0x08005c6c                __extendsfdf2
                0x08005ca8                __floatundidf
                0x08005ca8                __aeabi_ul2d
                0x08005cb8                __floatdidf
                0x08005cb8                __aeabi_l2d
 .text          0x08005d14      0x424 c:/program files (x86)/gnu tools arm embedded/6 2017-q2-update/bin/../lib/gcc/arm-none-eabi/6.3.1/thumb/v7e-m\libgcc.a(_arm_muldivdf3.o)
                0x08005d14                __aeabi_dmul
                0x08005d14                __muldf3
                0x08005f68                __divdf3
                0x08005f68                __aeabi_ddiv
 .text          0x08006138      0x110 c:/program files (x86)/gnu tools arm embedded/6 2017-q2-update/bin/../lib/gcc/arm-none-eabi/6.3.1/thumb/v7e-m\libgcc.a(_arm_cmpdf2.o)
                0x08006138                __gtdf2
                0x08006138                __gedf2
                0x08006140                __ltdf2
                0x08006140                __ledf2
                0x08006148                __nedf2
                0x08006148                __eqdf2
                0x08006148                __cmpdf2
                0x080061c4                __aeabi_cdrcmple
                0x080061d4                __aeabi_cdcmpeq
                0x080061d4                __aeabi_cdcmple
                0x080061e4                __aeabi_dcmpeq
                0x080061f8                __aeabi_dcmplt
                0x0800620c                __aeabi_dcmple
                0x08006220                __aeabi_dcmpge
                0x08006234                __aeabi_dcmpgt
 .text          0x08006248       0x50 c:/program files (x86)/gnu tools arm embedded/6 2017-q2-update/bin/../lib/gcc/arm-none-eabi/6.3.1/thumb/v7e-m\libgcc.a(_arm_fixdfsi.o)
                0x08006248                __aeabi_d2iz
                0x08006248                __fixdfsi
 .text          0x08006298       0xa0 c:/program files (x86)/gnu tools arm embedded/6 2017-q2-update/bin/../lib/gcc/arm-none-eabi/6.3.1/thumb/v7e-m\libgcc.a(_arm_truncdfsf2.o)
                0x08006298                __truncdfsf2
                0x08006298                __aeabi_d2f
 .text          0x08006338      0x21c c:/program files (x86)/gnu tools arm embedded/6 2017-q2-update/bin/../lib/gcc/arm-none-eabi/6.3.1/thumb/v7e-m\libgcc.a(_arm_addsubsf3.o)
                0x08006338                __aeabi_frsub
                0x08006340                __subsf3
                0x08006340                __aeabi_fsub
                0x08006344                __aeabi_fadd
                0x08006344                __addsf3
                0x080064a4                __aeabi_ui2f
                0x080064a4                __floatunsisf
                0x080064ac                __aeabi_i2f
                0x080064ac                __floatsisf
                0x080064c8                __aeabi_ul2f
                0x080064c8                __floatundisf
                0x080064d8                __aeabi_l2f
                0x080064d8                __floatdisf
 .text          0x08006554      0x2a0 c:/program files (x86)/gnu tools arm embedded/6 2017-q2-update/bin/../lib/gcc/arm-none-eabi/6.3.1/thumb/v7e-m\libgcc.a(_arm_muldivsf3.o)
                0x08006554                __mulsf3
                0x08006554                __aeabi_fmul
                0x080066bc                __aeabi_fdiv
                0x080066bc                __divsf3
 .text          0x080067f4       0x4c c:/program files (x86)/gnu tools arm embedded/6 2017-q2-update/bin/../lib/gcc/arm-none-eabi/6.3.1/thumb/v7e-m\libgcc.a(_arm_fixsfsi.o)
                0x080067f4                __aeabi_f2iz
                0x080067f4                __fixsfsi
 *(.init)
 *(.fini)
 *crtbegin.o(.ctors)
 *crtbegin?.o(.ctors)
 *(EXCLUDE_FILE(*crtend.o *crtend?.o) .ctors)
 *(SORT(.ctors.*))
 *(.ctors)
 *crtbegin.o(.dtors)
 *crtbegin?.o(.dtors)
 *(EXCLUDE_FILE(*crtend.o *crtend?.o) .dtors)
 *(SORT(.dtors.*))
 *(.dtors)
 *(.rodata*)
 .rodata        0x08006840       0x1b ..\obj\localization.o
 *fill*         0x0800685b        0x1 
 .rodata.npio2_hw
                0x0800685c       0x80 c:/program files (x86)/gnu tools arm embedded/6 2017-q2-update/bin/../lib/gcc/arm-none-eabi/6.3.1/../../../../arm-none-eabi/lib/thumb/v7e-m\libm.a(lib_a-e_rem_pio2.o)
 .rodata.two_over_pi
                0x080068dc      0x108 c:/program files (x86)/gnu tools arm embedded/6 2017-q2-update/bin/../lib/gcc/arm-none-eabi/6.3.1/../../../../arm-none-eabi/lib/thumb/v7e-m\libm.a(lib_a-e_rem_pio2.o)
 *fill*         0x080069e4        0x4 
 .rodata.PIo2   0x080069e8       0x40 c:/program files (x86)/gnu tools arm embedded/6 2017-q2-update/bin/../lib/gcc/arm-none-eabi/6.3.1/../../../../arm-none-eabi/lib/thumb/v7e-m\libm.a(lib_a-k_rem_pio2.o)
 .rodata.init_jk
                0x08006a28       0x10 c:/program files (x86)/gnu tools arm embedded/6 2017-q2-update/bin/../lib/gcc/arm-none-eabi/6.3.1/../../../../arm-none-eabi/lib/thumb/v7e-m\libm.a(lib_a-k_rem_pio2.o)
 *(.eh_fram e*)

.glue_7         0x08006a38        0x0
 .glue_7        0x08006a38        0x0 linker stubs

.glue_7t        0x08006a38        0x0
 .glue_7t       0x08006a38        0x0 linker stubs

.vfp11_veneer   0x08006a38        0x0
 .vfp11_veneer  0x08006a38        0x0 linker stubs

.v4_bx          0x08006a38        0x0
 .v4_bx         0x08006a38        0x0 linker stubs

.iplt           0x08006a38        0x0
 .iplt          0x08006a38        0x0 ..\obj\uart_node.o

.rel.dyn        0x08006a38        0x0
 .rel.iplt      0x08006a38        0x0 ..\obj\uart_node.o

.ARM.extab
 *(.ARM.extab* .gnu.linkonce.armextab.*)
                0x08006a38                __exidx_start = .

.ARM.exidx
 *(.ARM.exidx* .gnu.linkonce.armexidx.*)
                0x08006a38                __exidx_end = .
                0x08006a38                __etext = .
                0x08006a38                _sidata = __etext

.data           0x20000000       0xc8 load address 0x08006a38
                0x20000000                __data_start__ = .
                0x20000000                _sdata = __data_start__
 *(vtable)
 *(.data*)
 .data          0x20000000        0x1 ..\obj\uart_node.o
                0x20000000                ballKeeper
 *fill*         0x20000001        0x3 
 .data          0x20000004       0x10 ..\obj\stm32f4xx_rcc.o
 .data          0x20000014        0x5 ..\obj\tm_stm32f4_rotary_encoder.o
 *fill*         0x20000019        0x3 
 .data          0x2000001c        0x4 ..\obj\mekanisme_penendang.o
                0x2000001c                recharge
 .data          0x20000020       0x78 ..\obj\lcd_16x2.o
                0x20000020                LCD_2X16
 .data          0x20000098       0x14 ..\obj\system_stm32f4xx.o
                0x20000098                SystemCoreClock
                0x2000009c                AHBPrescTable
 .data          0x200000ac       0x1c ..\obj\localization.o
                0x200000ac                KaP
                0x200000b0                KaD
                0x200000b4                ballX
                0x200000b8                icount
                0x200000bc                sudutKanan
                0x200000c0                sudutKiri
                0x200000c4                wasit
                0x200000c8                . = ALIGN (0x4)
                [!provide]                PROVIDE (__preinit_array_start, .)
 *(.preinit_array)
                [!provide]                PROVIDE (__preinit_array_end, .)
                0x200000c8                . = ALIGN (0x4)
                [!provide]                PROVIDE (__init_array_start, .)
 *(SORT(.init_array.*))
 *(.init_array)
                [!provide]                PROVIDE (__init_array_end, .)
                0x200000c8                . = ALIGN (0x4)
                [!provide]                PROVIDE (__fini_array_start, .)
 *(SORT(.fini_array.*))
 *(.fini_array)
                [!provide]                PROVIDE (__fini_array_end, .)
 *(.jcr*)
                0x200000c8                . = ALIGN (0x4)
                0x200000c8                __data_end__ = .
                0x200000c8                _edata = __data_end__

.igot.plt       0x200000c8        0x0 load address 0x08006b00
 .igot.plt      0x200000c8        0x0 ..\obj\uart_node.o

.bss            0x200000c8      0x1e4 load address 0x08006b00
                0x200000c8                . = ALIGN (0x4)
                0x200000c8                __bss_start__ = .
                0x200000c8                _sbss = __bss_start__
 *(.bss*)
 .bss           0x200000c8        0xd ..\obj\tm_stm32f4_delay.o
                0x200000d4                TM_DELAY_Initialized
 .bss           0x200000d5        0x3 ..\obj\uart_line.o
                0x200000d5                linekiri
                0x200000d6                linekanan
                0x200000d7                linedepan
 .bss           0x200000d8       0x18 ..\obj\mekanisme_penendang.o
                0x200000e4                kickerAwal
                0x200000e8                i
                0x200000ec                charge
 .bss           0x200000f0       0x7c ..\obj\speed_control.o
                0x200000fc                rotaryCount
                0x20000100                lastCount
                0x20000104                speed
                0x20000108                output
                0x2000010c                setPointSatu
                0x20000110                rpm
                0x20000114                error
                0x20000116                prevError
                0x20000118                derivError
                0x2000011a                intError
                0x2000011c                outputDua
                0x20000120                setPointDua
                0x20000124                rpmDua
                0x20000128                errorDua
                0x2000012a                prevErrorDua
                0x2000012c                derivErrorDua
                0x2000012e                intErrorDua
                0x20000130                outputTiga
                0x20000134                setPointTiga
                0x20000138                rpmTiga
                0x2000013c                errorTiga
                0x2000013e                prevErrorTiga
                0x20000140                derivErrorTiga
                0x20000142                intErrorTiga
                0x20000144                outputEmpat
                0x20000148                setPointEmpat
                0x2000014c                rpmEmpat
                0x20000150                errorEmpat
                0x20000152                prevErrorEmpat
                0x20000154                derivErrorEmpat
                0x20000156                intErrorEmpat
                0x20000158                outputKicker
                0x2000015c                setPointKicker
                0x20000160                rpmKicker
                0x20000164                errorKicker
                0x20000166                prevErrorKicker
                0x20000168                derivErrorKicker
                0x2000016a                intErrorKicker
 .bss           0x2000016c       0x38 ..\obj\localization.o
                0x20000178                KaI
                0x2000017c                proxy13
                0x20000180                flagKickoff
                0x20000184                flagmundur
                0x20000188                flagStrategy
                0x2000018c                flagBackward
                0x20000190                handle
                0x20000194                keeperFlag
                0x20000198                keeperCount
                0x2000019c                tanda
                0x200001a0                c
 *(COMMON)
 COMMON         0x200001a4        0x4 ..\obj\uart_node.o
                0x200001a4                compassDerajat
                0x200001a5                gameState
                0x200001a6                flagNode
                0x200001a7                bufferNode
 COMMON         0x200001a8       0x14 ..\obj\tm_stm32f4_rotary_encoder.o
                0x200001a8                fourthCount
                0x200001ac                secondCount
                0x200001b0                TM_INT_RE_Count
                0x200001b4                thirdCount
                0x200001b8                kickerCount
 COMMON         0x200001bc        0x1 ..\obj\uart_line.o
                0x200001bc                flag
 *fill*         0x200001bd        0x3 
 COMMON         0x200001c0        0x8 ..\obj\uart_camera.o
                0x200001c0                ballYCoor
                0x200001c1                ballXCoor
                0x200001c2                ballFound
                0x200001c4                compassHeading
 COMMON         0x200001c8       0x5c ..\obj\speed_control.o
                0x200001c8                data2
                0x200001d4                data4
                0x200001e0                startHeading
                0x200001e1                prevStartHeading
                0x200001e4                data
                0x200001f0                data3
                0x200001fc                data5
                0x20000208                data6
                0x20000214                rata2
                0x20000218                dataKicker
 COMMON         0x20000224       0x88 ..\obj\localization.o
                0x20000224                prevErrorBallMaju
                0x20000228                counterDelay
                0x2000022c                lcd
                0x2000023c                rpmKanan
                0x20000240                ballMaju
                0x20000244                errorBallMaju
                0x20000248                mov
                0x2000024c                movCompass
                0x20000250                derivErrorBall
                0x20000254                head
                0x20000258                headGoal
                0x2000025c                rpmKiri
                0x20000260                errorHead
                0x20000264                errorBall
                0x20000268                movPrev
                0x2000026c                movX
                0x20000270                intErrorHead
                0x20000274                flagBall
                0x20000278                prevErrorBall
                0x2000027c                derivErrorHead
                0x20000280                rotateCount
                0x20000284                ball
                0x20000288                headCount
                0x2000028c                intErrorBallMaju
                0x20000290                prevErrorHead
                0x20000294                derivErrorBallMaju
                0x20000298                strategyCount
                0x2000029c                intErrorBall
                0x200002a0                prevCompass
                0x200002a4                movY
                0x200002a8                heading
                0x200002ac                . = ALIGN (0x4)
                0x200002ac                __bss_end__ = .
                0x200002ac                _ebss = __bss_end__

.heap           0x200002ac        0x0
                0x200002ac                __end__ = .
                0x200002ac                _end = __end__
                0x200002ac                end = __end__
 *(.heap*)
                0x200002ac                __HeapLimit = .

.co_stack       0x200002ac      0x804 load address 0x08006ce4
                0x200002b0                . = ALIGN (0x8)
 *fill*         0x200002ac        0x4 
 *(.co_stack .co_stack.*)
 .co_stack      0x200002b0      0x800 ..\obj\startup_stm32f4xx.o
                0x200002b0                pulStack
                0x20020000                __StackTop = (ORIGIN (ram) + LENGTH (ram))
                0x2001f7fc                __StackLimit = (__StackTop - SIZEOF (.co_stack))
                [!provide]                PROVIDE (__stack, __StackTop)
                0x00000001                ASSERT ((__StackLimit >= __HeapLimit), region ram  overflowed with stack)
LOAD ..\obj\uart_node.o
LOAD ..\obj\stm32f4xx_syscfg.o
LOAD ..\obj\stm32f4xx_usart.o
LOAD ..\obj\tm_stm32f4_adc.o
LOAD ..\obj\startup_stm32f4xx.o
LOAD ..\obj\pwm_motor.o
LOAD ..\obj\main.o
LOAD ..\obj\stm32f4xx_rcc.o
LOAD ..\obj\tm_stm32f4_hcsr04.o
LOAD ..\obj\stm32f4xx_adc.o
LOAD ..\obj\printf.o
LOAD ..\obj\tm_stm32f4_rotary_encoder.o
LOAD ..\obj\tm_stm32f4_delay.o
LOAD ..\obj\uart_line.o
LOAD ..\obj\stm32f4xx_gpio.o
LOAD ..\obj\mekanisme_penendang.o
LOAD ..\obj\lcd_16x2.o
LOAD ..\obj\system_stm32f4xx.o
LOAD ..\obj\syscalls.o
LOAD ..\obj\uart_camera.o
LOAD ..\obj\stm32f4xx_i2c.o
LOAD ..\obj\speed_control.o
LOAD ..\obj\stm32f4xx_exti.o
LOAD ..\obj\misc.o
LOAD ..\obj\tm_stm32f4_gpio.o
LOAD ..\obj\localization.o
LOAD ..\obj\stm32f4xx_tim.o
LOAD c:/program files (x86)/gnu tools arm embedded/6 2017-q2-update/bin/../lib/gcc/arm-none-eabi/6.3.1/../../../../arm-none-eabi/lib/thumb/v7e-m\libm.a
START GROUP
LOAD c:/program files (x86)/gnu tools arm embedded/6 2017-q2-update/bin/../lib/gcc/arm-none-eabi/6.3.1/thumb/v7e-m\libgcc.a
LOAD c:/program files (x86)/gnu tools arm embedded/6 2017-q2-update/bin/../lib/gcc/arm-none-eabi/6.3.1/../../../../arm-none-eabi/lib/thumb/v7e-m\libg.a
LOAD c:/program files (x86)/gnu tools arm embedded/6 2017-q2-update/bin/../lib/gcc/arm-none-eabi/6.3.1/../../../../arm-none-eabi/lib/thumb/v7e-m\libc.a
END GROUP
OUTPUT(encoder.elf elf32-littlearm)

.debug_info     0x00000000     0xe58b
 .debug_info    0x00000000      0xfda ..\obj\uart_node.o
 .debug_info    0x00000fda      0x27f ..\obj\stm32f4xx_syscfg.o
 .debug_info    0x00001259      0x9d1 ..\obj\stm32f4xx_usart.o
 .debug_info    0x00001c2a      0x10f ..\obj\startup_stm32f4xx.o
 .debug_info    0x00001d39      0xf4a ..\obj\pwm_motor.o
 .debug_info    0x00002c83      0xbd5 ..\obj\main.o
 .debug_info    0x00003858      0xc6e ..\obj\stm32f4xx_rcc.o
 .debug_info    0x000044c6      0xe67 ..\obj\printf.o
 .debug_info    0x0000532d      0xaae ..\obj\tm_stm32f4_rotary_encoder.o
 .debug_info    0x00005ddb      0x7b8 ..\obj\tm_stm32f4_delay.o
 .debug_info    0x00006593      0x700 ..\obj\uart_line.o
 .debug_info    0x00006c93      0x621 ..\obj\stm32f4xx_gpio.o
 .debug_info    0x000072b4      0x45f ..\obj\mekanisme_penendang.o
 .debug_info    0x00007713      0x791 ..\obj\lcd_16x2.o
 .debug_info    0x00007ea4      0x5cc ..\obj\system_stm32f4xx.o
 .debug_info    0x00008470      0x722 ..\obj\uart_camera.o
 .debug_info    0x00008b92     0x156b ..\obj\speed_control.o
 .debug_info    0x0000a0fd      0x362 ..\obj\stm32f4xx_exti.o
 .debug_info    0x0000a45f      0x549 ..\obj\misc.o
 .debug_info    0x0000a9a8     0x1f73 ..\obj\localization.o
 .debug_info    0x0000c91b     0x1c70 ..\obj\stm32f4xx_tim.o

.debug_abbrev   0x00000000     0x28a4
 .debug_abbrev  0x00000000      0x245 ..\obj\uart_node.o
 .debug_abbrev  0x00000245      0x144 ..\obj\stm32f4xx_syscfg.o
 .debug_abbrev  0x00000389      0x180 ..\obj\stm32f4xx_usart.o
 .debug_abbrev  0x00000509       0xbf ..\obj\startup_stm32f4xx.o
 .debug_abbrev  0x000005c8      0x295 ..\obj\pwm_motor.o
 .debug_abbrev  0x0000085d      0x284 ..\obj\main.o
 .debug_abbrev  0x00000ae1      0x1f6 ..\obj\stm32f4xx_rcc.o
 .debug_abbrev  0x00000cd7      0x28e ..\obj\printf.o
 .debug_abbrev  0x00000f65      0x1e4 ..\obj\tm_stm32f4_rotary_encoder.o
 .debug_abbrev  0x00001149      0x1d8 ..\obj\tm_stm32f4_delay.o
 .debug_abbrev  0x00001321      0x157 ..\obj\uart_line.o
 .debug_abbrev  0x00001478      0x1b6 ..\obj\stm32f4xx_gpio.o
 .debug_abbrev  0x0000162e      0x1b3 ..\obj\mekanisme_penendang.o
 .debug_abbrev  0x000017e1      0x286 ..\obj\lcd_16x2.o
 .debug_abbrev  0x00001a67      0x156 ..\obj\system_stm32f4xx.o
 .debug_abbrev  0x00001bbd      0x157 ..\obj\uart_camera.o
 .debug_abbrev  0x00001d14      0x30a ..\obj\speed_control.o
 .debug_abbrev  0x0000201e      0x1ba ..\obj\stm32f4xx_exti.o
 .debug_abbrev  0x000021d8      0x170 ..\obj\misc.o
 .debug_abbrev  0x00002348      0x3c4 ..\obj\localization.o
 .debug_abbrev  0x0000270c      0x198 ..\obj\stm32f4xx_tim.o

.debug_aranges  0x00000000      0xca8
 .debug_aranges
                0x00000000       0x30 ..\obj\uart_node.o
 .debug_aranges
                0x00000030       0x48 ..\obj\stm32f4xx_syscfg.o
 .debug_aranges
                0x00000078      0x100 ..\obj\stm32f4xx_usart.o
 .debug_aranges
                0x00000178       0x28 ..\obj\startup_stm32f4xx.o
 .debug_aranges
                0x000001a0       0x58 ..\obj\pwm_motor.o
 .debug_aranges
                0x000001f8       0x48 ..\obj\main.o
 .debug_aranges
                0x00000240      0x178 ..\obj\stm32f4xx_rcc.o
 .debug_aranges
                0x000003b8       0xa0 ..\obj\printf.o
 .debug_aranges
                0x00000458       0xb8 ..\obj\tm_stm32f4_rotary_encoder.o
 .debug_aranges
                0x00000510       0x78 ..\obj\tm_stm32f4_delay.o
 .debug_aranges
                0x00000588       0x28 ..\obj\uart_line.o
 .debug_aranges
                0x000005b0       0x88 ..\obj\stm32f4xx_gpio.o
 .debug_aranges
                0x00000638       0x68 ..\obj\mekanisme_penendang.o
 .debug_aranges
                0x000006a0       0x98 ..\obj\lcd_16x2.o
 .debug_aranges
                0x00000738       0x30 ..\obj\system_stm32f4xx.o
 .debug_aranges
                0x00000768       0x28 ..\obj\uart_camera.o
 .debug_aranges
                0x00000790       0xa0 ..\obj\speed_control.o
 .debug_aranges
                0x00000830       0x58 ..\obj\stm32f4xx_exti.o
 .debug_aranges
                0x00000888       0x40 ..\obj\misc.o
 .debug_aranges
                0x000008c8       0xe8 ..\obj\localization.o
 .debug_aranges
                0x000009b0      0x2f8 ..\obj\stm32f4xx_tim.o

.debug_ranges   0x00000000      0xbb8
 .debug_ranges  0x00000000       0x20 ..\obj\uart_node.o
 .debug_ranges  0x00000020       0x38 ..\obj\stm32f4xx_syscfg.o
 .debug_ranges  0x00000058       0xf0 ..\obj\stm32f4xx_usart.o
 .debug_ranges  0x00000148       0x18 ..\obj\startup_stm32f4xx.o
 .debug_ranges  0x00000160       0x48 ..\obj\pwm_motor.o
 .debug_ranges  0x000001a8       0x38 ..\obj\main.o
 .debug_ranges  0x000001e0      0x168 ..\obj\stm32f4xx_rcc.o
 .debug_ranges  0x00000348       0x90 ..\obj\printf.o
 .debug_ranges  0x000003d8       0xa8 ..\obj\tm_stm32f4_rotary_encoder.o
 .debug_ranges  0x00000480       0x68 ..\obj\tm_stm32f4_delay.o
 .debug_ranges  0x000004e8       0x18 ..\obj\uart_line.o
 .debug_ranges  0x00000500       0x78 ..\obj\stm32f4xx_gpio.o
 .debug_ranges  0x00000578       0x58 ..\obj\mekanisme_penendang.o
 .debug_ranges  0x000005d0       0xb8 ..\obj\lcd_16x2.o
 .debug_ranges  0x00000688       0x20 ..\obj\system_stm32f4xx.o
 .debug_ranges  0x000006a8       0x18 ..\obj\uart_camera.o
 .debug_ranges  0x000006c0       0x90 ..\obj\speed_control.o
 .debug_ranges  0x00000750       0x48 ..\obj\stm32f4xx_exti.o
 .debug_ranges  0x00000798       0x30 ..\obj\misc.o
 .debug_ranges  0x000007c8      0x108 ..\obj\localization.o
 .debug_ranges  0x000008d0      0x2e8 ..\obj\stm32f4xx_tim.o

.debug_line     0x00000000     0x69e5
 .debug_line    0x00000000      0x4a0 ..\obj\uart_node.o
 .debug_line    0x000004a0      0x307 ..\obj\stm32f4xx_syscfg.o
 .debug_line    0x000007a7      0x5f3 ..\obj\stm32f4xx_usart.o
 .debug_line    0x00000d9a       0xe0 ..\obj\startup_stm32f4xx.o
 .debug_line    0x00000e7a      0x532 ..\obj\pwm_motor.o
 .debug_line    0x000013ac      0x44f ..\obj\main.o
 .debug_line    0x000017fb      0x6df ..\obj\stm32f4xx_rcc.o
 .debug_line    0x00001eda      0x3c6 ..\obj\printf.o
 .debug_line    0x000022a0      0x58b ..\obj\tm_stm32f4_rotary_encoder.o
 .debug_line    0x0000282b      0x3b8 ..\obj\tm_stm32f4_delay.o
 .debug_line    0x00002be3      0x376 ..\obj\uart_line.o
 .debug_line    0x00002f59      0x49a ..\obj\stm32f4xx_gpio.o
 .debug_line    0x000033f3      0x415 ..\obj\mekanisme_penendang.o
 .debug_line    0x00003808      0x5e7 ..\obj\lcd_16x2.o
 .debug_line    0x00003def      0x2a0 ..\obj\system_stm32f4xx.o
 .debug_line    0x0000408f      0x385 ..\obj\uart_camera.o
 .debug_line    0x00004414      0x615 ..\obj\speed_control.o
 .debug_line    0x00004a29      0x3db ..\obj\stm32f4xx_exti.o
 .debug_line    0x00004e04      0x378 ..\obj\misc.o
 .debug_line    0x0000517c      0xc6e ..\obj\localization.o
 .debug_line    0x00005dea      0xbfb ..\obj\stm32f4xx_tim.o

.debug_str      0x00000000     0x42d2
 .debug_str     0x00000000      0xe6a ..\obj\uart_node.o
                                0xef0 (size before relaxing)
 .debug_str     0x00000e6a      0x1b4 ..\obj\stm32f4xx_syscfg.o
                                0x342 (size before relaxing)
 .debug_str     0x0000101e      0x448 ..\obj\stm32f4xx_usart.o
                                0x6dd (size before relaxing)
 .debug_str     0x00001466      0x100 ..\obj\startup_stm32f4xx.o
                                0x197 (size before relaxing)
 .debug_str     0x00001566      0x31e ..\obj\pwm_motor.o
                                0xac9 (size before relaxing)
 .debug_str     0x00001884      0x1ab ..\obj\main.o
                                0x852 (size before relaxing)
 .debug_str     0x00001a2f      0x621 ..\obj\stm32f4xx_rcc.o
                                0x89e (size before relaxing)
 .debug_str     0x00002050      0x151 ..\obj\printf.o
                                0x703 (size before relaxing)
 .debug_str     0x000021a1      0x351 ..\obj\tm_stm32f4_rotary_encoder.o
                                0xbf5 (size before relaxing)
 .debug_str     0x000024f2      0x200 ..\obj\tm_stm32f4_delay.o
                                0x8c1 (size before relaxing)
 .debug_str     0x000026f2       0xb6 ..\obj\uart_line.o
                                0xa4a (size before relaxing)
 .debug_str     0x000027a8      0x1cb ..\obj\stm32f4xx_gpio.o
                                0x4f1 (size before relaxing)
 .debug_str     0x00002973       0xf1 ..\obj\mekanisme_penendang.o
                                0x46e (size before relaxing)
 .debug_str     0x00002a64      0x254 ..\obj\lcd_16x2.o
                                0x63d (size before relaxing)
 .debug_str     0x00002cb8       0xf2 ..\obj\system_stm32f4xx.o
                                0x3e8 (size before relaxing)
 .debug_str     0x00002daa       0xbf ..\obj\uart_camera.o
                                0xa6e (size before relaxing)
 .debug_str     0x00002e69      0x392 ..\obj\speed_control.o
                               0x11d3 (size before relaxing)
 .debug_str     0x000031fb      0x13b ..\obj\stm32f4xx_exti.o
                                0x3a7 (size before relaxing)
 .debug_str     0x00003336      0x141 ..\obj\misc.o
                                0x41c (size before relaxing)
 .debug_str     0x00003477      0x41f ..\obj\localization.o
                               0x1548 (size before relaxing)
 .debug_str     0x00003896      0xa3c ..\obj\stm32f4xx_tim.o
                                0xe1e (size before relaxing)

.comment        0x00000000       0x7f
 .comment       0x00000000       0x7f ..\obj\uart_node.o
                                 0x80 (size before relaxing)
 .comment       0x0000007f       0x80 ..\obj\stm32f4xx_syscfg.o
 .comment       0x0000007f       0x80 ..\obj\stm32f4xx_usart.o
 .comment       0x0000007f       0x80 ..\obj\startup_stm32f4xx.o
 .comment       0x0000007f       0x80 ..\obj\pwm_motor.o
 .comment       0x0000007f       0x80 ..\obj\main.o
 .comment       0x0000007f       0x80 ..\obj\stm32f4xx_rcc.o
 .comment       0x0000007f       0x80 ..\obj\printf.o
 .comment       0x0000007f       0x80 ..\obj\tm_stm32f4_rotary_encoder.o
 .comment       0x0000007f       0x80 ..\obj\tm_stm32f4_delay.o
 .comment       0x0000007f       0x80 ..\obj\uart_line.o
 .comment       0x0000007f       0x80 ..\obj\stm32f4xx_gpio.o
 .comment       0x0000007f       0x80 ..\obj\mekanisme_penendang.o
 .comment       0x0000007f       0x80 ..\obj\lcd_16x2.o
 .comment       0x0000007f       0x80 ..\obj\system_stm32f4xx.o
 .comment       0x0000007f       0x80 ..\obj\uart_camera.o
 .comment       0x0000007f       0x80 ..\obj\speed_control.o
 .comment       0x0000007f       0x80 ..\obj\stm32f4xx_exti.o
 .comment       0x0000007f       0x80 ..\obj\misc.o
 .comment       0x0000007f       0x80 ..\obj\localization.o
 .comment       0x0000007f       0x80 ..\obj\stm32f4xx_tim.o

.ARM.attributes
                0x00000000       0x33
 .ARM.attributes
                0x00000000       0x33 ..\obj\uart_node.o
 .ARM.attributes
                0x00000033       0x33 ..\obj\stm32f4xx_syscfg.o
 .ARM.attributes
                0x00000066       0x33 ..\obj\stm32f4xx_usart.o
 .ARM.attributes
                0x00000099       0x33 ..\obj\startup_stm32f4xx.o
 .ARM.attributes
                0x000000cc       0x33 ..\obj\pwm_motor.o
 .ARM.attributes
                0x000000ff       0x33 ..\obj\main.o
 .ARM.attributes
                0x00000132       0x33 ..\obj\stm32f4xx_rcc.o
 .ARM.attributes
                0x00000165       0x33 ..\obj\printf.o
 .ARM.attributes
                0x00000198       0x33 ..\obj\tm_stm32f4_rotary_encoder.o
 .ARM.attributes
                0x000001cb       0x33 ..\obj\tm_stm32f4_delay.o
 .ARM.attributes
                0x000001fe       0x33 ..\obj\uart_line.o
 .ARM.attributes
                0x00000231       0x33 ..\obj\stm32f4xx_gpio.o
 .ARM.attributes
                0x00000264       0x33 ..\obj\mekanisme_penendang.o
 .ARM.attributes
                0x00000297       0x33 ..\obj\lcd_16x2.o
 .ARM.attributes
                0x000002ca       0x33 ..\obj\system_stm32f4xx.o
 .ARM.attributes
                0x000002fd       0x33 ..\obj\uart_camera.o
 .ARM.attributes
                0x00000330       0x33 ..\obj\speed_control.o
 .ARM.attributes
                0x00000363       0x33 ..\obj\stm32f4xx_exti.o
 .ARM.attributes
                0x00000396       0x33 ..\obj\misc.o
 .ARM.attributes
                0x000003c9       0x33 ..\obj\localization.o
 .ARM.attributes
                0x000003fc       0x33 ..\obj\stm32f4xx_tim.o
 .ARM.attributes
                0x0000042f       0x2e c:/program files (x86)/gnu tools arm embedded/6 2017-q2-update/bin/../lib/gcc/arm-none-eabi/6.3.1/../../../../arm-none-eabi/lib/thumb/v7e-m\libm.a(lib_a-s_cos.o)
 .ARM.attributes
                0x0000045d       0x2e c:/program files (x86)/gnu tools arm embedded/6 2017-q2-update/bin/../lib/gcc/arm-none-eabi/6.3.1/../../../../arm-none-eabi/lib/thumb/v7e-m\libm.a(lib_a-s_fabs.o)
 .ARM.attributes
                0x0000048b       0x2e c:/program files (x86)/gnu tools arm embedded/6 2017-q2-update/bin/../lib/gcc/arm-none-eabi/6.3.1/../../../../arm-none-eabi/lib/thumb/v7e-m\libm.a(lib_a-s_sin.o)
 .ARM.attributes
                0x000004b9       0x2e c:/program files (x86)/gnu tools arm embedded/6 2017-q2-update/bin/../lib/gcc/arm-none-eabi/6.3.1/../../../../arm-none-eabi/lib/thumb/v7e-m\libm.a(lib_a-e_rem_pio2.o)
 .ARM.attributes
                0x000004e7       0x2e c:/program files (x86)/gnu tools arm embedded/6 2017-q2-update/bin/../lib/gcc/arm-none-eabi/6.3.1/../../../../arm-none-eabi/lib/thumb/v7e-m\libm.a(lib_a-k_cos.o)
 .ARM.attributes
                0x00000515       0x2e c:/program files (x86)/gnu tools arm embedded/6 2017-q2-update/bin/../lib/gcc/arm-none-eabi/6.3.1/../../../../arm-none-eabi/lib/thumb/v7e-m\libm.a(lib_a-k_rem_pio2.o)
 .ARM.attributes
                0x00000543       0x2e c:/program files (x86)/gnu tools arm embedded/6 2017-q2-update/bin/../lib/gcc/arm-none-eabi/6.3.1/../../../../arm-none-eabi/lib/thumb/v7e-m\libm.a(lib_a-k_sin.o)
 .ARM.attributes
                0x00000571       0x2e c:/program files (x86)/gnu tools arm embedded/6 2017-q2-update/bin/../lib/gcc/arm-none-eabi/6.3.1/../../../../arm-none-eabi/lib/thumb/v7e-m\libm.a(lib_a-s_floor.o)
 .ARM.attributes
                0x0000059f       0x2e c:/program files (x86)/gnu tools arm embedded/6 2017-q2-update/bin/../lib/gcc/arm-none-eabi/6.3.1/../../../../arm-none-eabi/lib/thumb/v7e-m\libm.a(lib_a-s_scalbn.o)
 .ARM.attributes
                0x000005cd       0x2e c:/program files (x86)/gnu tools arm embedded/6 2017-q2-update/bin/../lib/gcc/arm-none-eabi/6.3.1/../../../../arm-none-eabi/lib/thumb/v7e-m\libm.a(lib_a-s_copysign.o)
 .ARM.attributes
                0x000005fb       0x1e c:/program files (x86)/gnu tools arm embedded/6 2017-q2-update/bin/../lib/gcc/arm-none-eabi/6.3.1/thumb/v7e-m\libgcc.a(_arm_addsubdf3.o)
 .ARM.attributes
                0x00000619       0x1e c:/program files (x86)/gnu tools arm embedded/6 2017-q2-update/bin/../lib/gcc/arm-none-eabi/6.3.1/thumb/v7e-m\libgcc.a(_arm_muldivdf3.o)
 .ARM.attributes
                0x00000637       0x1e c:/program files (x86)/gnu tools arm embedded/6 2017-q2-update/bin/../lib/gcc/arm-none-eabi/6.3.1/thumb/v7e-m\libgcc.a(_arm_cmpdf2.o)
 .ARM.attributes
                0x00000655       0x1e c:/program files (x86)/gnu tools arm embedded/6 2017-q2-update/bin/../lib/gcc/arm-none-eabi/6.3.1/thumb/v7e-m\libgcc.a(_arm_fixdfsi.o)
 .ARM.attributes
                0x00000673       0x1e c:/program files (x86)/gnu tools arm embedded/6 2017-q2-update/bin/../lib/gcc/arm-none-eabi/6.3.1/thumb/v7e-m\libgcc.a(_arm_truncdfsf2.o)
 .ARM.attributes
                0x00000691       0x1e c:/program files (x86)/gnu tools arm embedded/6 2017-q2-update/bin/../lib/gcc/arm-none-eabi/6.3.1/thumb/v7e-m\libgcc.a(_arm_addsubsf3.o)
 .ARM.attributes
                0x000006af       0x1e c:/program files (x86)/gnu tools arm embedded/6 2017-q2-update/bin/../lib/gcc/arm-none-eabi/6.3.1/thumb/v7e-m\libgcc.a(_arm_muldivsf3.o)
 .ARM.attributes
                0x000006cd       0x1e c:/program files (x86)/gnu tools arm embedded/6 2017-q2-update/bin/../lib/gcc/arm-none-eabi/6.3.1/thumb/v7e-m\libgcc.a(_arm_fixsfsi.o)

.debug_frame    0x00000000     0x38b0
 .debug_frame   0x00000000       0x6c ..\obj\uart_node.o
 .debug_frame   0x0000006c       0xf4 ..\obj\stm32f4xx_syscfg.o
 .debug_frame   0x00000160      0x490 ..\obj\stm32f4xx_usart.o
 .debug_frame   0x000005f0       0x4c ..\obj\startup_stm32f4xx.o
 .debug_frame   0x0000063c      0x130 ..\obj\pwm_motor.o
 .debug_frame   0x0000076c       0xc0 ..\obj\main.o
 .debug_frame   0x0000082c      0x6d4 ..\obj\stm32f4xx_rcc.o
 .debug_frame   0x00000f00      0x2dc ..\obj\printf.o
 .debug_frame   0x000011dc      0x2cc ..\obj\tm_stm32f4_rotary_encoder.o
 .debug_frame   0x000014a8      0x1b8 ..\obj\tm_stm32f4_delay.o
 .debug_frame   0x00001660       0x58 ..\obj\uart_line.o
 .debug_frame   0x000016b8      0x23c ..\obj\stm32f4xx_gpio.o
 .debug_frame   0x000018f4      0x140 ..\obj\mekanisme_penendang.o
 .debug_frame   0x00001a34      0x230 ..\obj\lcd_16x2.o
 .debug_frame   0x00001c64       0x7c ..\obj\system_stm32f4xx.o
 .debug_frame   0x00001ce0       0x58 ..\obj\uart_camera.o
 .debug_frame   0x00001d38      0x274 ..\obj\speed_control.o
 .debug_frame   0x00001fac      0x148 ..\obj\stm32f4xx_exti.o
 .debug_frame   0x000020f4       0xd8 ..\obj\misc.o
 .debug_frame   0x000021cc      0x3a0 ..\obj\localization.o
 .debug_frame   0x0000256c      0xe54 ..\obj\stm32f4xx_tim.o
 .debug_frame   0x000033c0       0x38 c:/program files (x86)/gnu tools arm embedded/6 2017-q2-update/bin/../lib/gcc/arm-none-eabi/6.3.1/../../../../arm-none-eabi/lib/thumb/v7e-m\libm.a(lib_a-s_cos.o)
 .debug_frame   0x000033f8       0x20 c:/program files (x86)/gnu tools arm embedded/6 2017-q2-update/bin/../lib/gcc/arm-none-eabi/6.3.1/../../../../arm-none-eabi/lib/thumb/v7e-m\libm.a(lib_a-s_fabs.o)
 .debug_frame   0x00003418       0x38 c:/program files (x86)/gnu tools arm embedded/6 2017-q2-update/bin/../lib/gcc/arm-none-eabi/6.3.1/../../../../arm-none-eabi/lib/thumb/v7e-m\libm.a(lib_a-s_sin.o)
 .debug_frame   0x00003450       0x48 c:/program files (x86)/gnu tools arm embedded/6 2017-q2-update/bin/../lib/gcc/arm-none-eabi/6.3.1/../../../../arm-none-eabi/lib/thumb/v7e-m\libm.a(lib_a-e_rem_pio2.o)
 .debug_frame   0x00003498       0x4c c:/program files (x86)/gnu tools arm embedded/6 2017-q2-update/bin/../lib/gcc/arm-none-eabi/6.3.1/../../../../arm-none-eabi/lib/thumb/v7e-m\libm.a(lib_a-k_cos.o)
 .debug_frame   0x000034e4       0x50 c:/program files (x86)/gnu tools arm embedded/6 2017-q2-update/bin/../lib/gcc/arm-none-eabi/6.3.1/../../../../arm-none-eabi/lib/thumb/v7e-m\libm.a(lib_a-k_rem_pio2.o)
 .debug_frame   0x00003534       0x48 c:/program files (x86)/gnu tools arm embedded/6 2017-q2-update/bin/../lib/gcc/arm-none-eabi/6.3.1/../../../../arm-none-eabi/lib/thumb/v7e-m\libm.a(lib_a-k_sin.o)
 .debug_frame   0x0000357c       0x34 c:/program files (x86)/gnu tools arm embedded/6 2017-q2-update/bin/../lib/gcc/arm-none-eabi/6.3.1/../../../../arm-none-eabi/lib/thumb/v7e-m\libm.a(lib_a-s_floor.o)
 .debug_frame   0x000035b0       0x30 c:/program files (x86)/gnu tools arm embedded/6 2017-q2-update/bin/../lib/gcc/arm-none-eabi/6.3.1/../../../../arm-none-eabi/lib/thumb/v7e-m\libm.a(lib_a-s_scalbn.o)
 .debug_frame   0x000035e0       0x20 c:/program files (x86)/gnu tools arm embedded/6 2017-q2-update/bin/../lib/gcc/arm-none-eabi/6.3.1/../../../../arm-none-eabi/lib/thumb/v7e-m\libm.a(lib_a-s_copysign.o)
 .debug_frame   0x00003600       0xac c:/program files (x86)/gnu tools arm embedded/6 2017-q2-update/bin/../lib/gcc/arm-none-eabi/6.3.1/thumb/v7e-m\libgcc.a(_arm_addsubdf3.o)
 .debug_frame   0x000036ac       0x50 c:/program files (x86)/gnu tools arm embedded/6 2017-q2-update/bin/../lib/gcc/arm-none-eabi/6.3.1/thumb/v7e-m\libgcc.a(_arm_muldivdf3.o)
 .debug_frame   0x000036fc       0xc4 c:/program files (x86)/gnu tools arm embedded/6 2017-q2-update/bin/../lib/gcc/arm-none-eabi/6.3.1/thumb/v7e-m\libgcc.a(_arm_cmpdf2.o)
 .debug_frame   0x000037c0       0x24 c:/program files (x86)/gnu tools arm embedded/6 2017-q2-update/bin/../lib/gcc/arm-none-eabi/6.3.1/thumb/v7e-m\libgcc.a(_arm_fixdfsi.o)
 .debug_frame   0x000037e4       0x24 c:/program files (x86)/gnu tools arm embedded/6 2017-q2-update/bin/../lib/gcc/arm-none-eabi/6.3.1/thumb/v7e-m\libgcc.a(_arm_truncdfsf2.o)
 .debug_frame   0x00003808       0x4c c:/program files (x86)/gnu tools arm embedded/6 2017-q2-update/bin/../lib/gcc/arm-none-eabi/6.3.1/thumb/v7e-m\libgcc.a(_arm_addsubsf3.o)
 .debug_frame   0x00003854       0x38 c:/program files (x86)/gnu tools arm embedded/6 2017-q2-update/bin/../lib/gcc/arm-none-eabi/6.3.1/thumb/v7e-m\libgcc.a(_arm_muldivsf3.o)
 .debug_frame   0x0000388c       0x24 c:/program files (x86)/gnu tools arm embedded/6 2017-q2-update/bin/../lib/gcc/arm-none-eabi/6.3.1/thumb/v7e-m\libgcc.a(_arm_fixsfsi.o)
